Archive member included because of file (symbol)

/home/piro2/ciaa-ide/gcc-arm-none-eabi-4_9-2015q1/bin/../lib/gcc/arm-none-eabi/4.9.3/armv7e-m/fpu/libgcc.a(_aeabi_uldivmod.o)
                              out/lib/lpc_chip_43xx/src/uart_18xx_43xx.o (__aeabi_uldivmod)
/home/piro2/ciaa-ide/gcc-arm-none-eabi-4_9-2015q1/bin/../lib/gcc/arm-none-eabi/4.9.3/armv7e-m/fpu/libgcc.a(bpabi.o)
                              /home/piro2/ciaa-ide/gcc-arm-none-eabi-4_9-2015q1/bin/../lib/gcc/arm-none-eabi/4.9.3/armv7e-m/fpu/libgcc.a(_aeabi_uldivmod.o) (__gnu_uldivmod_helper)
/home/piro2/ciaa-ide/gcc-arm-none-eabi-4_9-2015q1/bin/../lib/gcc/arm-none-eabi/4.9.3/armv7e-m/fpu/libgcc.a(_dvmd_tls.o)
                              /home/piro2/ciaa-ide/gcc-arm-none-eabi-4_9-2015q1/bin/../lib/gcc/arm-none-eabi/4.9.3/armv7e-m/fpu/libgcc.a(_aeabi_uldivmod.o) (__aeabi_ldiv0)
/home/piro2/ciaa-ide/gcc-arm-none-eabi-4_9-2015q1/bin/../lib/gcc/arm-none-eabi/4.9.3/armv7e-m/fpu/libgcc.a(_divdi3.o)
                              /home/piro2/ciaa-ide/gcc-arm-none-eabi-4_9-2015q1/bin/../lib/gcc/arm-none-eabi/4.9.3/armv7e-m/fpu/libgcc.a(bpabi.o) (__divdi3)
/home/piro2/ciaa-ide/gcc-arm-none-eabi-4_9-2015q1/bin/../lib/gcc/arm-none-eabi/4.9.3/armv7e-m/fpu/libgcc.a(_udivdi3.o)
                              /home/piro2/ciaa-ide/gcc-arm-none-eabi-4_9-2015q1/bin/../lib/gcc/arm-none-eabi/4.9.3/armv7e-m/fpu/libgcc.a(bpabi.o) (__udivdi3)
/home/piro2/ciaa-ide/gcc-arm-none-eabi-4_9-2015q1/bin/../lib/gcc/arm-none-eabi/4.9.3/../../../../arm-none-eabi/lib/armv7e-m/fpu/libc_nano.a(lib_a-memcpy.o)
                              out/lib/lpc_chip_43xx/src/ring_buffer.o (memcpy)
/home/piro2/ciaa-ide/gcc-arm-none-eabi-4_9-2015q1/bin/../lib/gcc/arm-none-eabi/4.9.3/../../../../arm-none-eabi/lib/armv7e-m/fpu/libc_nano.a(lib_a-memset.o)
                              out/lib/lpc_chip_43xx/src/clock_18xx_43xx.o (memset)

Allocating common symbols
Common symbol       size              file

vec                 0xfa0             out/app/src/main.o
SystemCoreClock     0x4               out/lib/lpc_chip_43xx/src/chip_18xx_43xx.o

Discarded input sections

 .group         0x00000000        0x8 out/app/src/filtroVentana10C.o
 .group         0x00000000        0x8 out/app/src/filtroVentana10C.o
 .group         0x00000000        0x8 out/app/src/filtroVentana10C.o
 .group         0x00000000        0x8 out/app/src/filtroVentana10C.o
 .group         0x00000000        0x8 out/app/src/filtroVentana10C.o
 .text          0x00000000        0x0 out/app/src/filtroVentana10C.o
 .data          0x00000000        0x0 out/app/src/filtroVentana10C.o
 .bss           0x00000000        0x0 out/app/src/filtroVentana10C.o
 .text.filtroVentana10C
                0x00000000       0x80 out/app/src/filtroVentana10C.o
 .debug_info    0x00000000      0x116 out/app/src/filtroVentana10C.o
 .debug_abbrev  0x00000000       0x8a out/app/src/filtroVentana10C.o
 .debug_aranges
                0x00000000       0x20 out/app/src/filtroVentana10C.o
 .debug_ranges  0x00000000       0x10 out/app/src/filtroVentana10C.o
 .debug_macro   0x00000000       0x51 out/app/src/filtroVentana10C.o
 .debug_macro   0x00000000      0x87a out/app/src/filtroVentana10C.o
 .debug_macro   0x00000000       0x22 out/app/src/filtroVentana10C.o
 .debug_macro   0x00000000       0x44 out/app/src/filtroVentana10C.o
 .debug_macro   0x00000000       0x1c out/app/src/filtroVentana10C.o
 .debug_macro   0x00000000      0x1f7 out/app/src/filtroVentana10C.o
 .debug_line    0x00000000      0x1fc out/app/src/filtroVentana10C.o
 .debug_str     0x00000000     0x303b out/app/src/filtroVentana10C.o
 .comment       0x00000000       0x71 out/app/src/filtroVentana10C.o
 .debug_frame   0x00000000       0x38 out/app/src/filtroVentana10C.o
 .ARM.attributes
                0x00000000       0x39 out/app/src/filtroVentana10C.o
 .group         0x00000000        0x8 out/app/src/main.o
 .group         0x00000000        0x8 out/app/src/main.o
 .group         0x00000000        0x8 out/app/src/main.o
 .group         0x00000000        0x8 out/app/src/main.o
 .group         0x00000000        0x8 out/app/src/main.o
 .group         0x00000000        0x8 out/app/src/main.o
 .group         0x00000000        0x8 out/app/src/main.o
 .group         0x00000000        0x8 out/app/src/main.o
 .group         0x00000000        0x8 out/app/src/main.o
 .group         0x00000000        0x8 out/app/src/main.o
 .group         0x00000000        0x8 out/app/src/main.o
 .group         0x00000000        0x8 out/app/src/main.o
 .group         0x00000000        0x8 out/app/src/main.o
 .group         0x00000000        0x8 out/app/src/main.o
 .group         0x00000000        0x8 out/app/src/main.o
 .group         0x00000000        0x8 out/app/src/main.o
 .group         0x00000000        0x8 out/app/src/main.o
 .group         0x00000000        0x8 out/app/src/main.o
 .group         0x00000000        0x8 out/app/src/main.o
 .group         0x00000000        0x8 out/app/src/main.o
[...]
Memory Configuration

Name             Origin             Length             Attributes
MFlashA512       0x1a000000         0x00080000         xr
MFlashB512       0x1b000000         0x00080000         xr
RamLoc32         0x10000000         0x00008000         xrw
RamLoc40         0x10080000         0x0000a000         xrw
RamAHB32         0x20000000         0x00008000         xrw
RamAHB16         0x20008000         0x00004000         xrw
RamAHB_ETB16     0x2000c000         0x00004000         xrw
*default*        0x00000000         0xffffffff

Linker script and memory map

LOAD out/app/src/filtroVentana10C.o
LOAD out/app/src/main.o
LOAD out/app/src/pack32to16C.o
LOAD out/app/src/zerosC.o
LOAD out/app/src/productoEscalar32C.o
LOAD out/app/src/maxC.o
LOAD out/app/src/productoEscalar12C.o
LOAD out/app/src/downsampleMC.o
LOAD out/app/src/productoEscalar16C.o
LOAD out/lib/lpc_chip_43xx/src/hsadc_18xx_43xx.o
LOAD out/lib/lpc_chip_43xx/src/emc_18xx_43xx.o
LOAD out/lib/lpc_chip_43xx/src/sct_18xx_43xx.o
LOAD out/lib/lpc_chip_43xx/src/ritimer_18xx_43xx.o
LOAD out/lib/lpc_chip_43xx/src/i2c_18xx_43xx.o
LOAD out/lib/lpc_chip_43xx/src/lcd_18xx_43xx.o
LOAD out/lib/lpc_chip_43xx/src/uart_18xx_43xx.o
LOAD out/lib/lpc_chip_43xx/src/adc_18xx_43xx.o
LOAD out/lib/lpc_chip_43xx/src/ring_buffer.o
LOAD out/lib/lpc_chip_43xx/src/sysinit_18xx_43xx.o
LOAD out/lib/lpc_chip_43xx/src/iap_18xx_43xx.o
LOAD out/lib/lpc_chip_43xx/src/otp_18xx_43xx.o
LOAD out/lib/lpc_chip_43xx/src/spi_18xx_43xx.o
LOAD out/lib/lpc_chip_43xx/src/gpio_18xx_43xx.o
LOAD out/lib/lpc_chip_43xx/src/gpdma_18xx_43xx.o
LOAD out/lib/lpc_chip_43xx/src/enet_18xx_43xx.o
LOAD out/lib/lpc_chip_43xx/src/ssp_18xx_43xx.o
LOAD out/lib/lpc_chip_43xx/src/i2s_18xx_43xx.o
LOAD out/lib/lpc_chip_43xx/src/ccan_18xx_43xx.o
LOAD out/lib/lpc_chip_43xx/src/wwdt_18xx_43xx.o
LOAD out/lib/lpc_chip_43xx/src/gpiogroup_18xx_43xx.o
LOAD out/lib/lpc_chip_43xx/src/stopwatch_18xx_43xx.o
LOAD out/lib/lpc_chip_43xx/src/chip_18xx_43xx.o
LOAD out/lib/lpc_chip_43xx/src/pmc_18xx_43xx.o
LOAD out/lib/lpc_chip_43xx/src/clock_18xx_43xx.o
LOAD out/lib/lpc_chip_43xx/src/aes_18xx_43xx.o
LOAD out/lib/lpc_chip_43xx/src/atimer_18xx_43xx.o
LOAD out/lib/lpc_chip_43xx/src/sdif_18xx_43xx.o
LOAD out/lib/lpc_chip_43xx/src/i2cm_18xx_43xx.o
LOAD out/lib/lpc_chip_43xx/src/sdio_18xx_43xx.o
LOAD out/lib/lpc_chip_43xx/src/timer_18xx_43xx.o
LOAD out/lib/lpc_chip_43xx/src/fpu_init.o
LOAD out/lib/lpc_chip_43xx/src/pinint_18xx_43xx.o
LOAD out/lib/lpc_chip_43xx/src/dac_18xx_43xx.o
LOAD out/lib/lpc_chip_43xx/src/eeprom_18xx_43xx.o
LOAD out/lib/lpc_chip_43xx/src/rtc_18xx_43xx.o
LOAD out/lib/lpc_chip_43xx/src/sdmmc_18xx_43xx.o
LOAD out/lib/lpc_chip_43xx/src/evrt_18xx_43xx.o
LOAD out/lib/lpc_chip_43xx/src/sct_pwm_18xx_43xx.o
LOAD out/lib/lpc_board_ciaa_edu_4337/src/cmsis_heper.o
LOAD out/lib/lpc_board_ciaa_edu_4337/src/cr_startup_lpc43xx.o
LOAD out/lib/lpc_board_ciaa_edu_4337/src/board_sysinit.o
LOAD out/lib/lpc_board_ciaa_edu_4337/src/crp.o
LOAD out/lib/lpc_board_ciaa_edu_4337/src/board.o
LOAD out/lib/lpc_board_ciaa_edu_4337/src/sysinit.o
LOAD out/lib/lpc_board_ciaa_edu_4337/src/system.o
LOAD out/app/src/productoEscalar12ASM.o
LOAD out/app/src/productoEscalar16ASM.o
LOAD out/app/src/filtroVentana10ASM.o
LOAD out/app/src/suma.o
LOAD out/app/src/maxASM.o
LOAD out/app/src/pack32to16ASM.o
LOAD out/app/src/productoEscalar32ASM.o
LOAD out/app/src/zerosAsm.o
LOAD out/app/src/downsampleMASM.o
START GROUP
LOAD /home/piro2/ciaa-ide/gcc-arm-none-eabi-4_9-2015q1/bin/../lib/gcc/arm-none-eabi/4.9.3/armv7e-m/fpu/libgcc.a
LOAD /home/piro2/ciaa-ide/gcc-arm-none-eabi-4_9-2015q1/bin/../lib/gcc/arm-none-eabi/4.9.3/../../../../arm-none-eabi/lib/armv7e-m/fpu/libc_nano.a
END GROUP
START GROUP
LOAD /home/piro2/ciaa-ide/gcc-arm-none-eabi-4_9-2015q1/bin/../lib/gcc/arm-none-eabi/4.9.3/armv7e-m/fpu/libgcc.a
LOAD /home/piro2/ciaa-ide/gcc-arm-none-eabi-4_9-2015q1/bin/../lib/gcc/arm-none-eabi/4.9.3/../../../../arm-none-eabi/lib/armv7e-m/fpu/libc_nano.a
END GROUP
START GROUP
LOAD /home/piro2/ciaa-ide/gcc-arm-none-eabi-4_9-2015q1/bin/../lib/gcc/arm-none-eabi/4.9.3/armv7e-m/fpu/libgcc.a
LOAD /home/piro2/ciaa-ide/gcc-arm-none-eabi-4_9-2015q1/bin/../lib/gcc/arm-none-eabi/4.9.3/../../../../arm-none-eabi/lib/armv7e-m/fpu/libc.a
LOAD /home/piro2/ciaa-ide/gcc-arm-none-eabi-4_9-2015q1/bin/../lib/gcc/arm-none-eabi/4.9.3/../../../../arm-none-eabi/lib/armv7e-m/fpu/libm.a
END GROUP
                0x1a080000                __top_MFlashA512 = 0x1a080000
                0x1b080000                __top_MFlashB512 = 0x1b080000
                0x10008000                __top_RamLoc32 = 0x10008000
                0x1008a000                __top_RamLoc40 = 0x1008a000
                0x20008000                __top_RamAHB32 = 0x20008000
                0x2000c000                __top_RamAHB16 = 0x2000c000
                0x20010000                __top_RamAHB_ETB16 = 0x20010000

.text_Flash2    0x1b000000        0x0
 FILL mask 0xff
 *(.text_Flash2*)
 *(.text_MFlashB512*)
 *(.text.$Flash2*)
 *(.text.$MFlashB512*)
 *(.rodata.$Flash2*)
 *(.rodata.$MFlashB512*)

.text           0x1a000000     0x1e1c
 FILL mask 0xff
                0x1a000000                __vectors_start__ = ABSOLUTE (.)
 *(.isr_vector)
 .isr_vector    0x1a000000      0x114 out/lib/lpc_board_ciaa_edu_4337/src/cr_startup_lpc43xx.o
                0x1a000000                g_pfnVectors
                0x1a000114                . = ALIGN (0x4)
                0x1a000114                __section_table_start = .
                0x1a000114                __data_section_table = .
                0x1a000114        0x4 LONG 0x1a001e24 LOADADDR (.data)
                0x1a000118        0x4 LONG 0x10000000 ADDR (.data)
                0x1a00011c        0x4 LONG 0x0 SIZEOF (.data)
                0x1a000120        0x4 LONG 0x1a001e24 LOADADDR (.data_RAM2)
                0x1a000124        0x4 LONG 0x10080000 ADDR (.data_RAM2)
                0x1a000128        0x4 LONG 0x0 SIZEOF (.data_RAM2)
                0x1a00012c        0x4 LONG 0x1a001e24 LOADADDR (.data_RAM3)
                0x1a000130        0x4 LONG 0x20000000 ADDR (.data_RAM3)
                0x1a000134        0x4 LONG 0x0 SIZEOF (.data_RAM3)
                0x1a000138        0x4 LONG 0x1a001e24 LOADADDR (.data_RAM4)
                0x1a00013c        0x4 LONG 0x20008000 ADDR (.data_RAM4)
                0x1a000140        0x4 LONG 0x0 SIZEOF (.data_RAM4)
                0x1a000144        0x4 LONG 0x1a001e24 LOADADDR (.data_RAM5)
                0x1a000148        0x4 LONG 0x2000c000 ADDR (.data_RAM5)
                0x1a00014c        0x4 LONG 0x0 SIZEOF (.data_RAM5)
                0x1a000150                __data_section_table_end = .
                0x1a000150                __bss_section_table = .
                0x1a000150        0x4 LONG 0x10000000 ADDR (.bss)
                0x1a000154        0x4 LONG 0xc SIZEOF (.bss)
                0x1a000158        0x4 LONG 0x10080000 ADDR (.bss_RAM2)
                0x1a00015c        0x4 LONG 0x0 SIZEOF (.bss_RAM2)
                0x1a000160        0x4 LONG 0x20000000 ADDR (.bss_RAM3)
                0x1a000164        0x4 LONG 0x0 SIZEOF (.bss_RAM3)
                0x1a000168        0x4 LONG 0x20008000 ADDR (.bss_RAM4)
                0x1a00016c        0x4 LONG 0x0 SIZEOF (.bss_RAM4)
                0x1a000170        0x4 LONG 0x2000c000 ADDR (.bss_RAM5)
                0x1a000174        0x4 LONG 0x0 SIZEOF (.bss_RAM5)
                0x1a000178                __bss_section_table_end = .
                0x1a000178                __section_table_end = .
 *(.after_vectors*)
 .after_vectors
                0x1a000178       0xcc out/lib/lpc_board_ciaa_edu_4337/src/cr_startup_lpc43xx.o
                0x1a000178                data_init
                0x1a0001bc                bss_init
                0x1a0001f4                NMI_Handler
                0x1a0001fc                HardFault_Handler
                0x1a000204                MemManage_Handler
                0x1a00020c                BusFault_Handler
                0x1a000214                UsageFault_Handler
                0x1a00021c                SVC_Handler
                0x1a000224                DebugMon_Handler
                0x1a00022c                PendSV_Handler
                0x1a000234                SysTick_Handler
                0x1a00023c                TIMER2_IRQHandler
                0x1a00023c                RIT_IRQHandler
                0x1a00023c                ADCHS_IRQHandler
                0x1a00023c                FLASH_EEPROM_IRQHandler
                0x1a00023c                I2C0_IRQHandler
                0x1a00023c                SDIO_IRQHandler
                0x1a00023c                ATIMER_IRQHandler
                0x1a00023c                I2C1_IRQHandler
                0x1a00023c                UART1_IRQHandler
                0x1a00023c                GPIO5_IRQHandler
                0x1a00023c                CAN1_IRQHandler
                0x1a00023c                USB1_IRQHandler
                0x1a00023c                I2S0_IRQHandler
                0x1a00023c                TIMER3_IRQHandler
                0x1a00023c                UART0_IRQHandler
                0x1a00023c                SGPIO_IRQHandler
                0x1a00023c                ADC0_IRQHandler
                0x1a00023c                GPIO6_IRQHandler
                0x1a00023c                IntDefaultHandler
                0x1a00023c                GPIO1_IRQHandler
                0x1a00023c                SSP0_IRQHandler
                0x1a00023c                ADC1_IRQHandler
                0x1a00023c                RTC_IRQHandler
                0x1a00023c                TIMER0_IRQHandler
                0x1a00023c                SPI_IRQHandler
                0x1a00023c                LCD_IRQHandler
                0x1a00023c                TIMER1_IRQHandler
                0x1a00023c                UART2_IRQHandler
                0x1a00023c                GPIO2_IRQHandler
                0x1a00023c                I2S1_IRQHandler
                0x1a00023c                SSP1_IRQHandler
                0x1a00023c                USB0_IRQHandler
                0x1a00023c                GPIO3_IRQHandler
                0x1a00023c                SCT_IRQHandler
                0x1a00023c                WDT_IRQHandler
                0x1a00023c                GPIO7_IRQHandler
                0x1a00023c                SPIFI_IRQHandler
                0x1a00023c                QEI_IRQHandler
                0x1a00023c                ETH_IRQHandler
                0x1a00023c                CAN0_IRQHandler
                0x1a00023c                GINT0_IRQHandler
                0x1a00023c                DAC_IRQHandler
                0x1a00023c                M0SUB_IRQHandler
                0x1a00023c                GPIO0_IRQHandler
                0x1a00023c                DMA_IRQHandler
                0x1a00023c                EVRT_IRQHandler
                0x1a00023c                UART3_IRQHandler
                0x1a00023c                MCPWM_IRQHandler
                0x1a00023c                M0APP_IRQHandler
                0x1a00023c                GINT1_IRQHandler
                0x1a00023c                GPIO4_IRQHandler
                0x000002fc                . = 0x2fc
 *fill*         0x1a000244       0xb8 ff
                0x1a0002fc                PROVIDE (__CRP_WORD_START__, .)
 *(.crp)
 .crp           0x1a0002fc        0x4 out/lib/lpc_board_ciaa_edu_4337/src/crp.o
                0x1a0002fc                CRP_WORD
                0x1a000300                PROVIDE (__CRP_WORD_END__, .)
                0x00000001                ASSERT (! ((__CRP_WORD_START__ == __CRP_WORD_END__)), Linker CRP Enabled, but no CRP_WORD provided within application)
 *(.text*)
 .text.initHardware
                0x1a000300       0x10 out/app/src/main.o
 .text.main     0x1a000310       0x28 out/app/src/main.o
                0x1a000310                main
 .text.Ejercicio8
                0x1a000338       0x6c out/app/src/main.o
 .text.downsampleMC
                0x1a0003a4       0x58 out/app/src/downsampleMC.o
                0x1a0003a4                downsampleMC
 .text.Chip_UART_TXDisable
                0x1a0003fc       0x18 out/lib/lpc_chip_43xx/src/uart_18xx_43xx.o
 .text.Chip_UART_SetupFIFOS
                0x1a000414       0x1c out/lib/lpc_chip_43xx/src/uart_18xx_43xx.o
 .text.Chip_UART_ConfigData
                0x1a000430       0x1c out/lib/lpc_chip_43xx/src/uart_18xx_43xx.o
 .text.Chip_UART_EnableDivisorAccess
                0x1a00044c       0x20 out/lib/lpc_chip_43xx/src/uart_18xx_43xx.o
 .text.Chip_UART_DisableDivisorAccess
                0x1a00046c       0x20 out/lib/lpc_chip_43xx/src/uart_18xx_43xx.o
 .text.Chip_UART_SetDivisorLatches
                0x1a00048c       0x28 out/lib/lpc_chip_43xx/src/uart_18xx_43xx.o
 .text.Chip_UART_GetIndex
                0x1a0004b4       0x60 out/lib/lpc_chip_43xx/src/uart_18xx_43xx.o
 .text.Chip_UART_Init
                0x1a000514       0x84 out/lib/lpc_chip_43xx/src/uart_18xx_43xx.o
                0x1a000514                Chip_UART_Init
 .text.Chip_UART_SetBaudFDR
                0x1a000598      0x174 out/lib/lpc_chip_43xx/src/uart_18xx_43xx.o
                0x1a000598                Chip_UART_SetBaudFDR
 .text.Chip_Clock_DisableMainPLL
                0x1a00070c       0x1c out/lib/lpc_chip_43xx/src/sysinit_18xx_43xx.o
 .text.Chip_Clock_SetupMainPLL
                0x1a000728       0x40 out/lib/lpc_chip_43xx/src/sysinit_18xx_43xx.o
 .text.Chip_Clock_MainPLLLocked
                0x1a000768       0x24 out/lib/lpc_chip_43xx/src/sysinit_18xx_43xx.o
 .text.Chip_SetupCoreClock
                0x1a00078c      0x15c out/lib/lpc_chip_43xx/src/sysinit_18xx_43xx.o
                0x1a00078c                Chip_SetupCoreClock
 .text.Chip_GPIO_Init
                0x1a0008e8       0x14 out/lib/lpc_chip_43xx/src/gpio_18xx_43xx.o
                0x1a0008e8                Chip_GPIO_Init
 .text.SystemCoreClockUpdate
                0x1a0008fc       0x18 out/lib/lpc_chip_43xx/src/chip_18xx_43xx.o
                0x1a0008fc                SystemCoreClockUpdate
 .text.ABS      0x1a000914       0x24 out/lib/lpc_chip_43xx/src/clock_18xx_43xx.o
 .text.pll_calc_divs
                0x1a000938      0x11c out/lib/lpc_chip_43xx/src/clock_18xx_43xx.o
 .text.pll_get_frac
                0x1a000a54      0x178 out/lib/lpc_chip_43xx/src/clock_18xx_43xx.o
 .text.Chip_Clock_GetDivRate
                0x1a000bcc       0x40 out/lib/lpc_chip_43xx/src/clock_18xx_43xx.o
 .text.Chip_Clock_FindBaseClock
                0x1a000c0c       0x88 out/lib/lpc_chip_43xx/src/clock_18xx_43xx.o
 .text.Chip_Clock_EnableCrystal
                0x1a000c94       0x6c out/lib/lpc_chip_43xx/src/clock_18xx_43xx.o
                0x1a000c94                Chip_Clock_EnableCrystal
 .text.Chip_Clock_CalcMainPLLValue
                0x1a000d00       0xd8 out/lib/lpc_chip_43xx/src/clock_18xx_43xx.o
                0x1a000d00                Chip_Clock_CalcMainPLLValue
 .text.Chip_Clock_GetMainPLLHz
                0x1a000dd8       0xc0 out/lib/lpc_chip_43xx/src/clock_18xx_43xx.o
                0x1a000dd8                Chip_Clock_GetMainPLLHz
 .text.Chip_Clock_GetDividerSource
                0x1a000e98       0x40 out/lib/lpc_chip_43xx/src/clock_18xx_43xx.o
                0x1a000e98                Chip_Clock_GetDividerSource
 .text.Chip_Clock_GetDividerDivisor
                0x1a000ed8       0x38 out/lib/lpc_chip_43xx/src/clock_18xx_43xx.o
                0x1a000ed8                Chip_Clock_GetDividerDivisor
 .text.Chip_Clock_GetClockInputHz
                0x1a000f10      0x140 out/lib/lpc_chip_43xx/src/clock_18xx_43xx.o
                0x1a000f10                Chip_Clock_GetClockInputHz
 .text.Chip_Clock_GetBaseClocktHz
                0x1a001050       0x24 out/lib/lpc_chip_43xx/src/clock_18xx_43xx.o
                0x1a001050                Chip_Clock_GetBaseClocktHz
 .text.Chip_Clock_SetBaseClock
                0x1a001074       0x9c out/lib/lpc_chip_43xx/src/clock_18xx_43xx.o
                0x1a001074                Chip_Clock_SetBaseClock
 .text.Chip_Clock_GetBaseClock
                0x1a001110       0x4c out/lib/lpc_chip_43xx/src/clock_18xx_43xx.o
                0x1a001110                Chip_Clock_GetBaseClock
 .text.Chip_Clock_EnableOpts
                0x1a00115c       0x7c out/lib/lpc_chip_43xx/src/clock_18xx_43xx.o
                0x1a00115c                Chip_Clock_EnableOpts
 .text.Chip_Clock_GetRate
                0x1a0011d8       0x88 out/lib/lpc_chip_43xx/src/clock_18xx_43xx.o
                0x1a0011d8                Chip_Clock_GetRate
 .text.fpuInit  0x1a001260       0x74 out/lib/lpc_chip_43xx/src/fpu_init.o
                0x1a001260                fpuInit
 .text.ResetISR
                0x1a0012d4       0xc4 out/lib/lpc_board_ciaa_edu_4337/src/cr_startup_lpc43xx.o
                0x1a0012d4                ResetISR
 .text.Chip_SCU_PinMuxSet
                0x1a001398       0x30 out/lib/lpc_board_ciaa_edu_4337/src/board_sysinit.o
 .text.Chip_SCU_SetPinMuxing
                0x1a0013c8       0x48 out/lib/lpc_board_ciaa_edu_4337/src/board_sysinit.o
 .text.Chip_CREG_SetFlashAcceleration
                0x1a001410       0x54 out/lib/lpc_board_ciaa_edu_4337/src/board_sysinit.o
 .text.Board_SetupMuxing
                0x1a001464       0x14 out/lib/lpc_board_ciaa_edu_4337/src/board_sysinit.o
                0x1a001464                Board_SetupMuxing
 .text.Board_SetupClocking
                0x1a001478       0x80 out/lib/lpc_board_ciaa_edu_4337/src/board_sysinit.o
                0x1a001478                Board_SetupClocking
 .text.Board_SystemInit
                0x1a0014f8       0x10 out/lib/lpc_board_ciaa_edu_4337/src/board_sysinit.o
                0x1a0014f8                Board_SystemInit
 .text.Chip_SCU_PinMuxSet
                0x1a001508       0x30 out/lib/lpc_board_ciaa_edu_4337/src/board.o
 .text.Chip_ENET_RMIIEnable
                0x1a001538       0x28 out/lib/lpc_board_ciaa_edu_4337/src/board.o
 .text.Chip_GPIO_SetPinState
                0x1a001560       0x38 out/lib/lpc_board_ciaa_edu_4337/src/board.o
 .text.Chip_GPIO_SetPinDIROutput
                0x1a001598       0x3c out/lib/lpc_board_ciaa_edu_4337/src/board.o
 .text.Chip_UART_TXEnable
                0x1a0015d4       0x18 out/lib/lpc_board_ciaa_edu_4337/src/board.o
 .text.Chip_UART_ConfigData
                0x1a0015ec       0x1c out/lib/lpc_board_ciaa_edu_4337/src/board.o
 .text.Board_UART_Init
                0x1a001608       0x24 out/lib/lpc_board_ciaa_edu_4337/src/board.o
                0x1a001608                Board_UART_Init
 .text.Board_Debug_Init
                0x1a00162c       0x30 out/lib/lpc_board_ciaa_edu_4337/src/board.o
                0x1a00162c                Board_Debug_Init
 .text.Board_LED_Init
                0x1a00165c       0x5c out/lib/lpc_board_ciaa_edu_4337/src/board.o
 .text.Board_Init
                0x1a0016b8       0x24 out/lib/lpc_board_ciaa_edu_4337/src/board.o
                0x1a0016b8                Board_Init
 .text.SystemInit
                0x1a0016dc       0x1c out/lib/lpc_board_ciaa_edu_4337/src/sysinit.o
                0x1a0016dc                SystemInit
 .text          0x1a0016f8        0x6 out/app/src/suma.o
                0x1a0016f8                asmSum
 *fill*         0x1a0016fe        0x2 
 .text          0x1a001700       0x20 out/app/src/downsampleMASM.o
                0x1a001700                downsampleMASM
 .text          0x1a001720       0x30 /home/piro2/ciaa-ide/gcc-arm-none-eabi-4_9-2015q1/bin/../lib/gcc/arm-none-eabi/4.9.3/armv7e-m/fpu/libgcc.a(_aeabi_uldivmod.o)
                0x1a001720                __aeabi_uldivmod
 .text          0x1a001750       0x60 /home/piro2/ciaa-ide/gcc-arm-none-eabi-4_9-2015q1/bin/../lib/gcc/arm-none-eabi/4.9.3/armv7e-m/fpu/libgcc.a(bpabi.o)
                0x1a001750                __gnu_ldivmod_helper
                0x1a001780                __gnu_uldivmod_helper
 .text          0x1a0017b0        0x4 /home/piro2/ciaa-ide/gcc-arm-none-eabi-4_9-2015q1/bin/../lib/gcc/arm-none-eabi/4.9.3/armv7e-m/fpu/libgcc.a(_dvmd_tls.o)
                0x1a0017b0                __aeabi_ldiv0
                0x1a0017b0                __aeabi_idiv0
 .text          0x1a0017b4      0x29c /home/piro2/ciaa-ide/gcc-arm-none-eabi-4_9-2015q1/bin/../lib/gcc/arm-none-eabi/4.9.3/armv7e-m/fpu/libgcc.a(_divdi3.o)
                0x1a0017b4                __divdi3
 .text          0x1a001a50      0x26c /home/piro2/ciaa-ide/gcc-arm-none-eabi-4_9-2015q1/bin/../lib/gcc/arm-none-eabi/4.9.3/armv7e-m/fpu/libgcc.a(_udivdi3.o)
                0x1a001a50                __udivdi3
 .text.memset   0x1a001cbc       0x10 /home/piro2/ciaa-ide/gcc-arm-none-eabi-4_9-2015q1/bin/../lib/gcc/arm-none-eabi/4.9.3/../../../../arm-none-eabi/lib/armv7e-m/fpu/libc_nano.a(lib_a-memset.o)
                0x1a001cbc                memset
 *(.rodata .rodata.* .constdata .constdata.*)
 .rodata.UART_PClock
                0x1a001ccc        0x8 out/lib/lpc_chip_43xx/src/uart_18xx_43xx.o
 .rodata.UART_BClock
                0x1a001cd4        0x8 out/lib/lpc_chip_43xx/src/uart_18xx_43xx.o
 .rodata.InitClkStates
                0x1a001cdc       0x48 out/lib/lpc_chip_43xx/src/sysinit_18xx_43xx.o
 .rodata.periph_to_base
                0x1a001d24       0x6c out/lib/lpc_chip_43xx/src/clock_18xx_43xx.o
 .rodata        0x1a001d90        0xc out/lib/lpc_chip_43xx/src/clock_18xx_43xx.o
 .rodata.InitClkStates
                0x1a001d9c        0xc out/lib/lpc_board_ciaa_edu_4337/src/board_sysinit.o
 .rodata.pinmuxing
                0x1a001da8       0x60 out/lib/lpc_board_ciaa_edu_4337/src/board_sysinit.o
 .rodata.ExtRateIn
                0x1a001e08        0x4 out/lib/lpc_board_ciaa_edu_4337/src/board.o
                0x1a001e08                ExtRateIn
 .rodata.OscRateIn
                0x1a001e0c        0x4 out/lib/lpc_board_ciaa_edu_4337/src/board.o
                0x1a001e0c                OscRateIn
 .rodata.gpioLEDBits
                0x1a001e10        0xc out/lib/lpc_board_ciaa_edu_4337/src/board.o
                0x1a001e1c                . = ALIGN (0x4)

.glue_7         0x1a001e1c        0x0
 .glue_7        0x00000000        0x0 linker stubs

.glue_7t        0x1a001e1c        0x0
 .glue_7t       0x00000000        0x0 linker stubs

.vfp11_veneer   0x1a001e1c        0x0
 .vfp11_veneer  0x00000000        0x0 linker stubs

.v4_bx          0x1a001e1c        0x0
 .v4_bx         0x00000000        0x0 linker stubs

.iplt           0x1a001e1c        0x0
 .iplt          0x00000000        0x0 out/app/src/filtroVentana10C.o

.ARM.extab
 *(.ARM.extab* .gnu.linkonce.armextab.*)
                0x1a001e1c                __exidx_start = .

.ARM.exidx      0x1a001e1c        0x8
 *(.ARM.exidx* .gnu.linkonce.armexidx.*)
 .ARM.exidx     0x1a001e1c        0x8 /home/piro2/ciaa-ide/gcc-arm-none-eabi-4_9-2015q1/bin/../lib/gcc/arm-none-eabi/4.9.3/armv7e-m/fpu/libgcc.a(_divdi3.o)
 .ARM.exidx     0x1a001e24        0x0 /home/piro2/ciaa-ide/gcc-arm-none-eabi-4_9-2015q1/bin/../lib/gcc/arm-none-eabi/4.9.3/armv7e-m/fpu/libgcc.a(_udivdi3.o)
                                  0x8 (size before relaxing)
                0x1a001e24                __exidx_end = .
                0x1a001e24                _etext = .

.rel.dyn        0x1a001e24        0x0
 .rel.iplt      0x00000000        0x0 out/app/src/filtroVentana10C.o

.data_RAM2      0x10080000        0x0 load address 0x1a001e24
 FILL mask 0xff
 *(.ramfunc.$RAM2)
 *(.ramfunc.$RamLoc40)
 *(.data.$RAM2*)
 *(.data.$RamLoc40*)
                0x10080000                . = ALIGN (0x4)

.data_RAM3      0x20000000        0x0 load address 0x1a001e24
 FILL mask 0xff
 *(.ramfunc.$RAM3)
 *(.ramfunc.$RamAHB32)
 *(.data.$RAM3*)
 *(.data.$RamAHB32*)
                0x20000000                . = ALIGN (0x4)

.data_RAM4      0x20008000        0x0 load address 0x1a001e24
 FILL mask 0xff
 *(.ramfunc.$RAM4)
 *(.ramfunc.$RamAHB16)
 *(.data.$RAM4*)
 *(.data.$RamAHB16*)
                0x20008000                . = ALIGN (0x4)

.data_RAM5      0x2000c000        0x0 load address 0x1a001e24
 FILL mask 0xff
 *(.ramfunc.$RAM5)
 *(.ramfunc.$RamAHB_ETB16)
 *(.data.$RAM5*)
 *(.data.$RamAHB_ETB16*)
                0x2000c000                . = ALIGN (0x4)

.uninit_RESERVED
                0x10000000        0x0
 *(.bss.$RESERVED*)
                0x10000000                . = ALIGN (0x4)
                0x10000000                _end_uninit_RESERVED = .

.data           0x10000000        0x0 load address 0x1a001e24
 FILL mask 0xff
                0x10000000                _data = .
 *(vtable)
 *(.ramfunc*)
 *(.data*)
                0x10000000                . = ALIGN (0x4)
                0x10000000                _edata = .

.igot.plt       0x10000000        0x0 load address 0x1a001e24
 .igot.plt      0x00000000        0x0 out/app/src/filtroVentana10C.o

.bss_RAM2       0x10080000        0x0
 *(.bss.$RAM2*)
 *(.bss.$RamLoc40*)
                0x10080000                . = ALIGN (0x4)

.bss_RAM3       0x20000000        0x0
 *(.bss.$RAM3*)
 *(.bss.$RamAHB32*)
                0x20000000                . = ALIGN (0x4)

.bss_RAM4       0x20008000        0x0
 *(.bss.$RAM4*)
 *(.bss.$RamAHB16*)
                0x20008000                . = ALIGN (0x4)

.bss_RAM5       0x2000c000        0x0
 *(.bss.$RAM5*)
 *(.bss.$RamAHB_ETB16*)
                0x2000c000                . = ALIGN (0x4)

.bss            0x10000000        0xc
                0x10000000                _bss = .
 *(.bss*)
 .bss.audio_usb_pll_freq
                0x10000000        0x8 out/lib/lpc_chip_43xx/src/clock_18xx_43xx.o
 *(COMMON)
 COMMON         0x10000008        0x4 out/lib/lpc_chip_43xx/src/chip_18xx_43xx.o
                0x10000008                SystemCoreClock
                0x1000000c                . = ALIGN (0x4)
                0x1000000c                _ebss = .
                0x1000000c                PROVIDE (end, .)

.noinit_RAM2    0x10080000        0x0
 *(.noinit.$RAM2*)
 *(.noinit.$RamLoc40*)
                0x10080000                . = ALIGN (0x4)

.noinit_RAM3    0x20000000        0x0
 *(.noinit.$RAM3*)
 *(.noinit.$RamAHB32*)
                0x20000000                . = ALIGN (0x4)

.noinit_RAM4    0x20008000        0x0
 *(.noinit.$RAM4*)
 *(.noinit.$RamAHB16*)
                0x20008000                . = ALIGN (0x4)

.noinit_RAM5    0x2000c000        0x0
 *(.noinit.$RAM5*)
 *(.noinit.$RamAHB_ETB16*)
                0x2000c000                . = ALIGN (0x4)

.noinit         0x1000000c        0x0
                0x1000000c                _noinit = .
 *(.noinit*)
                0x1000000c                . = ALIGN (0x4)
                0x1000000c                _end_noinit = .
                0x1000000c                PROVIDE (_pvHeapStart, .)
                0x10008000                PROVIDE (_vStackTop, (__top_RamLoc32 - 0x0))
OUTPUT(out/arquitecturaDeMicroprocesadores.elf elf32-littlearm)

.debug_info     0x00000000     0x6e6a
 .debug_info    0x00000000      0x99c out/app/src/main.o
 .debug_info    0x0000099c      0x102 out/app/src/downsampleMC.o
 .debug_info    0x00000a9e     0x10d8 out/lib/lpc_chip_43xx/src/uart_18xx_43xx.o
 .debug_info    0x00001b76      0x902 out/lib/lpc_chip_43xx/src/sysinit_18xx_43xx.o
 .debug_info    0x00002478      0x44c out/lib/lpc_chip_43xx/src/gpio_18xx_43xx.o
 .debug_info    0x000028c4      0xa3b out/lib/lpc_chip_43xx/src/chip_18xx_43xx.o
 .debug_info    0x000032ff     0x158f out/lib/lpc_chip_43xx/src/clock_18xx_43xx.o
 .debug_info    0x0000488e      0x145 out/lib/lpc_chip_43xx/src/fpu_init.o
 .debug_info    0x000049d3      0x292 out/lib/lpc_board_ciaa_edu_4337/src/cr_startup_lpc43xx.o
 .debug_info    0x00004c65      0xb6a out/lib/lpc_board_ciaa_edu_4337/src/board_sysinit.o
 .debug_info    0x000057cf       0x3f out/lib/lpc_board_ciaa_edu_4337/src/crp.o
 .debug_info    0x0000580e     0x14a3 out/lib/lpc_board_ciaa_edu_4337/src/board.o
 .debug_info    0x00006cb1       0xd6 out/lib/lpc_board_ciaa_edu_4337/src/sysinit.o
 .debug_info    0x00006d87       0x6c out/app/src/suma.o
 .debug_info    0x00006df3       0x77 out/app/src/downsampleMASM.o

.debug_abbrev   0x00000000     0x11fb
 .debug_abbrev  0x00000000      0x1b3 out/app/src/main.o
 .debug_abbrev  0x000001b3       0x8c out/app/src/downsampleMC.o
 .debug_abbrev  0x0000023f      0x2ac out/lib/lpc_chip_43xx/src/uart_18xx_43xx.o
 .debug_abbrev  0x000004eb      0x181 out/lib/lpc_chip_43xx/src/sysinit_18xx_43xx.o
 .debug_abbrev  0x0000066c      0x111 out/lib/lpc_chip_43xx/src/gpio_18xx_43xx.o
 .debug_abbrev  0x0000077d      0x148 out/lib/lpc_chip_43xx/src/chip_18xx_43xx.o
 .debug_abbrev  0x000008c5      0x2c0 out/lib/lpc_chip_43xx/src/clock_18xx_43xx.o
 .debug_abbrev  0x00000b85       0x84 out/lib/lpc_chip_43xx/src/fpu_init.o
 .debug_abbrev  0x00000c09       0xed out/lib/lpc_board_ciaa_edu_4337/src/cr_startup_lpc43xx.o
 .debug_abbrev  0x00000cf6      0x18d out/lib/lpc_board_ciaa_edu_4337/src/board_sysinit.o
 .debug_abbrev  0x00000e83       0x36 out/lib/lpc_board_ciaa_edu_4337/src/crp.o
 .debug_abbrev  0x00000eb9      0x296 out/lib/lpc_board_ciaa_edu_4337/src/board.o
 .debug_abbrev  0x0000114f       0x84 out/lib/lpc_board_ciaa_edu_4337/src/sysinit.o
 .debug_abbrev  0x000011d3       0x14 out/app/src/suma.o
 .debug_abbrev  0x000011e7       0x14 out/app/src/downsampleMASM.o

.debug_aranges  0x00000000      0x628
 .debug_aranges
                0x00000000       0x68 out/app/src/main.o
 .debug_aranges
                0x00000068       0x20 out/app/src/downsampleMC.o
 .debug_aranges
                0x00000088      0x118 out/lib/lpc_chip_43xx/src/uart_18xx_43xx.o
 .debug_aranges
                0x000001a0       0x50 out/lib/lpc_chip_43xx/src/sysinit_18xx_43xx.o
 .debug_aranges
                0x000001f0       0x68 out/lib/lpc_chip_43xx/src/gpio_18xx_43xx.o
 .debug_aranges
                0x00000258       0x40 out/lib/lpc_chip_43xx/src/chip_18xx_43xx.o
 .debug_aranges
                0x00000298      0x138 out/lib/lpc_chip_43xx/src/clock_18xx_43xx.o
 .debug_aranges
                0x000003d0       0x20 out/lib/lpc_chip_43xx/src/fpu_init.o
 .debug_aranges
                0x000003f0       0x80 out/lib/lpc_board_ciaa_edu_4337/src/cr_startup_lpc43xx.o
 .debug_aranges
                0x00000470       0x48 out/lib/lpc_board_ciaa_edu_4337/src/board_sysinit.o
 .debug_aranges
                0x000004b8       0x18 out/lib/lpc_board_ciaa_edu_4337/src/crp.o
 .debug_aranges
                0x000004d0       0xf8 out/lib/lpc_board_ciaa_edu_4337/src/board.o
 .debug_aranges
                0x000005c8       0x20 out/lib/lpc_board_ciaa_edu_4337/src/sysinit.o
 .debug_aranges
                0x000005e8       0x20 out/app/src/suma.o
 .debug_aranges
                0x00000608       0x20 out/app/src/downsampleMASM.o

.debug_ranges   0x00000000      0x510
 .debug_ranges  0x00000000       0x58 out/app/src/main.o
 .debug_ranges  0x00000058       0x10 out/app/src/downsampleMC.o
 .debug_ranges  0x00000068      0x108 out/lib/lpc_chip_43xx/src/uart_18xx_43xx.o
 .debug_ranges  0x00000170       0x40 out/lib/lpc_chip_43xx/src/sysinit_18xx_43xx.o
 .debug_ranges  0x000001b0       0x58 out/lib/lpc_chip_43xx/src/gpio_18xx_43xx.o
 .debug_ranges  0x00000208       0x30 out/lib/lpc_chip_43xx/src/chip_18xx_43xx.o
 .debug_ranges  0x00000238      0x128 out/lib/lpc_chip_43xx/src/clock_18xx_43xx.o
 .debug_ranges  0x00000360       0x10 out/lib/lpc_chip_43xx/src/fpu_init.o
 .debug_ranges  0x00000370       0x70 out/lib/lpc_board_ciaa_edu_4337/src/cr_startup_lpc43xx.o
 .debug_ranges  0x000003e0       0x38 out/lib/lpc_board_ciaa_edu_4337/src/board_sysinit.o
 .debug_ranges  0x00000418       0xe8 out/lib/lpc_board_ciaa_edu_4337/src/board.o
 .debug_ranges  0x00000500       0x10 out/lib/lpc_board_ciaa_edu_4337/src/sysinit.o

.debug_macro    0x00000000     0x60ec
 .debug_macro   0x00000000      0x450 out/app/src/main.o
 .debug_macro   0x00000450       0x16 out/app/src/main.o
 .debug_macro   0x00000466       0x10 out/app/src/main.o
 .debug_macro   0x00000476       0x22 out/app/src/main.o
 .debug_macro   0x00000498       0x66 out/app/src/main.o
 .debug_macro   0x000004fe       0x28 out/app/src/main.o
 .debug_macro   0x00000526       0x3b out/app/src/main.o
 .debug_macro   0x00000561       0x2d out/app/src/main.o
 .debug_macro   0x0000058e       0x42 out/app/src/main.o
 .debug_macro   0x000005d0      0xd39 out/app/src/main.o
 .debug_macro   0x00001309      0x2bc out/app/src/main.o
 .debug_macro   0x000015c5      0x112 out/app/src/main.o
 .debug_macro   0x000016d7       0x11 out/app/src/main.o
 .debug_macro   0x000016e8       0x2a out/app/src/main.o
 .debug_macro   0x00001712       0x16 out/app/src/main.o
 .debug_macro   0x00001728      0x2e6 out/app/src/main.o
 .debug_macro   0x00001a0e       0x82 out/app/src/main.o
 .debug_macro   0x00001a90      0x13d out/app/src/main.o
 .debug_macro   0x00001bcd      0x198 out/app/src/main.o
 .debug_macro   0x00001d65       0x34 out/app/src/main.o
 .debug_macro   0x00001d99       0x58 out/app/src/main.o
 .debug_macro   0x00001df1      0x236 out/app/src/main.o
 .debug_macro   0x00002027      0x572 out/app/src/main.o
 .debug_macro   0x00002599       0x16 out/app/src/main.o
 .debug_macro   0x000025af      0x18a out/app/src/main.o
 .debug_macro   0x00002739       0x88 out/app/src/main.o
 .debug_macro   0x000027c1      0x1b9 out/app/src/main.o
 .debug_macro   0x0000297a      0x1da out/app/src/main.o
 .debug_macro   0x00002b54       0x40 out/app/src/main.o
 .debug_macro   0x00002b94       0x1c out/app/src/main.o
 .debug_macro   0x00002bb0       0x2e out/app/src/main.o
 .debug_macro   0x00002bde       0x2e out/app/src/main.o
 .debug_macro   0x00002c0c       0x22 out/app/src/main.o
 .debug_macro   0x00002c2e      0x201 out/app/src/main.o
 .debug_macro   0x00002e2f       0xe0 out/app/src/main.o
 .debug_macro   0x00002f0f      0x34c out/app/src/main.o
 .debug_macro   0x0000325b       0xdc out/app/src/main.o
 .debug_macro   0x00003337       0xc4 out/app/src/main.o
 .debug_macro   0x000033fb       0x94 out/app/src/main.o
 .debug_macro   0x0000348f       0xb8 out/app/src/main.o
 .debug_macro   0x00003547       0x4c out/app/src/main.o
 .debug_macro   0x00003593       0x16 out/app/src/main.o
 .debug_macro   0x000035a9      0x328 out/app/src/main.o
 .debug_macro   0x000038d1       0x3a out/app/src/main.o
 .debug_macro   0x0000390b       0xd0 out/app/src/main.o
 .debug_macro   0x000039db       0x18 out/app/src/main.o
 .debug_macro   0x000039f3       0x22 out/app/src/main.o
 .debug_macro   0x00003a15       0x40 out/app/src/main.o
 .debug_macro   0x00003a55       0x46 out/app/src/main.o
 .debug_macro   0x00003a9b       0x58 out/app/src/main.o
 .debug_macro   0x00003af3       0x35 out/app/src/main.o
 .debug_macro   0x00003b28       0x9c out/app/src/main.o
 .debug_macro   0x00003bc4       0x16 out/app/src/main.o
 .debug_macro   0x00003bda       0x97 out/app/src/main.o
 .debug_macro   0x00003c71      0x29d out/app/src/main.o
 .debug_macro   0x00003f0e       0xef out/app/src/main.o
 .debug_macro   0x00003ffd       0x10 out/app/src/main.o
 .debug_macro   0x0000400d       0x52 out/app/src/main.o
 .debug_macro   0x0000405f       0x16 out/app/src/main.o
 .debug_macro   0x00004075       0x43 out/app/src/main.o
 .debug_macro   0x000040b8      0x180 out/app/src/main.o
 .debug_macro   0x00004238       0x10 out/app/src/main.o
 .debug_macro   0x00004248       0x22 out/app/src/main.o
 .debug_macro   0x0000426a       0xbd out/app/src/main.o
 .debug_macro   0x00004327       0x16 out/app/src/main.o
 .debug_macro   0x0000433d      0x196 out/app/src/main.o
 .debug_macro   0x000044d3       0x20 out/app/src/main.o
 .debug_macro   0x000044f3       0x10 out/app/src/main.o
 .debug_macro   0x00004503       0x16 out/app/src/main.o
 .debug_macro   0x00004519       0x55 out/app/src/downsampleMC.o
 .debug_macro   0x0000456e      0x2e9 out/lib/lpc_chip_43xx/src/uart_18xx_43xx.o
 .debug_macro   0x00004857      0x2e9 out/lib/lpc_chip_43xx/src/sysinit_18xx_43xx.o
 .debug_macro   0x00004b40      0x2e9 out/lib/lpc_chip_43xx/src/gpio_18xx_43xx.o
 .debug_macro   0x00004e29      0x2e9 out/lib/lpc_chip_43xx/src/chip_18xx_43xx.o
 .debug_macro   0x00005112      0x2ef out/lib/lpc_chip_43xx/src/clock_18xx_43xx.o
 .debug_macro   0x00005401       0xcf out/lib/lpc_chip_43xx/src/fpu_init.o
 .debug_macro   0x000054d0       0x1d out/lib/lpc_board_ciaa_edu_4337/src/cr_startup_lpc43xx.o
 .debug_macro   0x000054ed      0x3e7 out/lib/lpc_board_ciaa_edu_4337/src/board_sysinit.o
 .debug_macro   0x000058d4       0x17 out/lib/lpc_board_ciaa_edu_4337/src/crp.o
 .debug_macro   0x000058eb      0x404 out/lib/lpc_board_ciaa_edu_4337/src/board.o
 .debug_macro   0x00005cef       0x16 out/lib/lpc_board_ciaa_edu_4337/src/board.o
 .debug_macro   0x00005d05      0x3e7 out/lib/lpc_board_ciaa_edu_4337/src/sysinit.o

.debug_line     0x00000000     0x5393
 .debug_line    0x00000000      0x9a7 out/app/src/main.o
 .debug_line    0x000009a7      0x1f4 out/app/src/downsampleMC.o
 .debug_line    0x00000b9b      0x9c4 out/lib/lpc_chip_43xx/src/uart_18xx_43xx.o
 .debug_line    0x0000155f      0x75c out/lib/lpc_chip_43xx/src/sysinit_18xx_43xx.o
 .debug_line    0x00001cbb      0x73b out/lib/lpc_chip_43xx/src/gpio_18xx_43xx.o
 .debug_line    0x000023f6      0x6ea out/lib/lpc_chip_43xx/src/chip_18xx_43xx.o
 .debug_line    0x00002ae0      0xae3 out/lib/lpc_chip_43xx/src/clock_18xx_43xx.o
 .debug_line    0x000035c3      0x29a out/lib/lpc_chip_43xx/src/fpu_init.o
 .debug_line    0x0000385d      0x111 out/lib/lpc_board_ciaa_edu_4337/src/cr_startup_lpc43xx.o
 .debug_line    0x0000396e      0x801 out/lib/lpc_board_ciaa_edu_4337/src/board_sysinit.o
 .debug_line    0x0000416f       0x46 out/lib/lpc_board_ciaa_edu_4337/src/crp.o
 .debug_line    0x000041b5      0x9d7 out/lib/lpc_board_ciaa_edu_4337/src/board.o
 .debug_line    0x00004b8c      0x771 out/lib/lpc_board_ciaa_edu_4337/src/sysinit.o
 .debug_line    0x000052fd       0x41 out/app/src/suma.o
 .debug_line    0x0000533e       0x55 out/app/src/downsampleMASM.o

.debug_str      0x00000000    0x19957
 .debug_str     0x00000000    0x17fca out/app/src/main.o
                              0x18212 (size before relaxing)
 .debug_str     0x00017fca       0x40 out/app/src/downsampleMC.o
                               0x3009 (size before relaxing)
 .debug_str     0x0001800a      0x493 out/lib/lpc_chip_43xx/src/uart_18xx_43xx.o
                              0x1520c (size before relaxing)
 .debug_str     0x0001849d      0x2f6 out/lib/lpc_chip_43xx/src/sysinit_18xx_43xx.o
                              0x15093 (size before relaxing)
 .debug_str     0x00018793      0x149 out/lib/lpc_chip_43xx/src/gpio_18xx_43xx.o
                              0x144d0 (size before relaxing)
 .debug_str     0x000188dc      0x1e6 out/lib/lpc_chip_43xx/src/chip_18xx_43xx.o
                              0x150c4 (size before relaxing)
 .debug_str     0x00018ac2      0x522 out/lib/lpc_chip_43xx/src/clock_18xx_43xx.o
                              0x15651 (size before relaxing)
 .debug_str     0x00018fe4       0xc4 out/lib/lpc_chip_43xx/src/fpu_init.o
                               0x8c63 (size before relaxing)
 .debug_str     0x000190a8      0x1f7 out/lib/lpc_board_ciaa_edu_4337/src/cr_startup_lpc43xx.o
                               0x26a6 (size before relaxing)
 .debug_str     0x0001929f       0xfa out/lib/lpc_board_ciaa_edu_4337/src/board_sysinit.o
                              0x18354 (size before relaxing)
 .debug_str     0x00019399       0x45 out/lib/lpc_board_ciaa_edu_4337/src/crp.o
                               0x24e0 (size before relaxing)
 .debug_str     0x000193de      0x545 out/lib/lpc_board_ciaa_edu_4337/src/board.o
                              0x187a7 (size before relaxing)
 .debug_str     0x00019923       0x34 out/lib/lpc_board_ciaa_edu_4337/src/sysinit.o
                              0x1757a (size before relaxing)

.comment        0x00000000       0x70
 .comment       0x00000000       0x70 out/app/src/main.o
                                 0x71 (size before relaxing)
 .comment       0x00000000       0x71 out/app/src/downsampleMC.o
 .comment       0x00000000       0x71 out/lib/lpc_chip_43xx/src/uart_18xx_43xx.o
 .comment       0x00000000       0x71 out/lib/lpc_chip_43xx/src/sysinit_18xx_43xx.o
 .comment       0x00000000       0x71 out/lib/lpc_chip_43xx/src/gpio_18xx_43xx.o
 .comment       0x00000000       0x71 out/lib/lpc_chip_43xx/src/chip_18xx_43xx.o
 .comment       0x00000000       0x71 out/lib/lpc_chip_43xx/src/clock_18xx_43xx.o
 .comment       0x00000000       0x71 out/lib/lpc_chip_43xx/src/fpu_init.o
 .comment       0x00000000       0x71 out/lib/lpc_board_ciaa_edu_4337/src/cr_startup_lpc43xx.o
 .comment       0x00000000       0x71 out/lib/lpc_board_ciaa_edu_4337/src/board_sysinit.o
 .comment       0x00000000       0x71 out/lib/lpc_board_ciaa_edu_4337/src/crp.o
 .comment       0x00000000       0x71 out/lib/lpc_board_ciaa_edu_4337/src/board.o
 .comment       0x00000000       0x71 out/lib/lpc_board_ciaa_edu_4337/src/sysinit.o

.ARM.attributes
                0x00000000       0x37
 .ARM.attributes
                0x00000000       0x39 out/app/src/main.o
 .ARM.attributes
                0x00000039       0x39 out/app/src/downsampleMC.o
 .ARM.attributes
                0x00000072       0x39 out/lib/lpc_chip_43xx/src/uart_18xx_43xx.o
 .ARM.attributes
                0x000000ab       0x39 out/lib/lpc_chip_43xx/src/sysinit_18xx_43xx.o
 .ARM.attributes
                0x000000e4       0x39 out/lib/lpc_chip_43xx/src/gpio_18xx_43xx.o
 .ARM.attributes
                0x0000011d       0x39 out/lib/lpc_chip_43xx/src/chip_18xx_43xx.o
 .ARM.attributes
                0x00000156       0x39 out/lib/lpc_chip_43xx/src/clock_18xx_43xx.o
 .ARM.attributes
                0x0000018f       0x39 out/lib/lpc_chip_43xx/src/fpu_init.o
 .ARM.attributes
                0x000001c8       0x39 out/lib/lpc_board_ciaa_edu_4337/src/cr_startup_lpc43xx.o
 .ARM.attributes
                0x00000201       0x39 out/lib/lpc_board_ciaa_edu_4337/src/board_sysinit.o
 .ARM.attributes
                0x0000023a       0x39 out/lib/lpc_board_ciaa_edu_4337/src/crp.o
 .ARM.attributes
                0x00000273       0x39 out/lib/lpc_board_ciaa_edu_4337/src/board.o
 .ARM.attributes
                0x000002ac       0x39 out/lib/lpc_board_ciaa_edu_4337/src/sysinit.o
 .ARM.attributes
                0x000002e5       0x25 out/app/src/suma.o
 .ARM.attributes
                0x0000030a       0x25 out/app/src/downsampleMASM.o
 .ARM.attributes
                0x0000032f       0x22 /home/piro2/ciaa-ide/gcc-arm-none-eabi-4_9-2015q1/bin/../lib/gcc/arm-none-eabi/4.9.3/armv7e-m/fpu/libgcc.a(_aeabi_uldivmod.o)
 .ARM.attributes
                0x00000351       0x34 /home/piro2/ciaa-ide/gcc-arm-none-eabi-4_9-2015q1/bin/../lib/gcc/arm-none-eabi/4.9.3/armv7e-m/fpu/libgcc.a(bpabi.o)
 .ARM.attributes
                0x00000385       0x22 /home/piro2/ciaa-ide/gcc-arm-none-eabi-4_9-2015q1/bin/../lib/gcc/arm-none-eabi/4.9.3/armv7e-m/fpu/libgcc.a(_dvmd_tls.o)
 .ARM.attributes
                0x000003a7       0x34 /home/piro2/ciaa-ide/gcc-arm-none-eabi-4_9-2015q1/bin/../lib/gcc/arm-none-eabi/4.9.3/armv7e-m/fpu/libgcc.a(_divdi3.o)
 .ARM.attributes
                0x000003db       0x34 /home/piro2/ciaa-ide/gcc-arm-none-eabi-4_9-2015q1/bin/../lib/gcc/arm-none-eabi/4.9.3/armv7e-m/fpu/libgcc.a(_udivdi3.o)
 .ARM.attributes
                0x0000040f       0x34 /home/piro2/ciaa-ide/gcc-arm-none-eabi-4_9-2015q1/bin/../lib/gcc/arm-none-eabi/4.9.3/../../../../arm-none-eabi/lib/armv7e-m/fpu/libc_nano.a(lib_a-memset.o)

.debug_frame    0x00000000     0x16fc
 .debug_frame   0x00000000      0x180 out/app/src/main.o
 .debug_frame   0x00000180       0x38 out/app/src/downsampleMC.o
 .debug_frame   0x000001b8      0x4e4 out/lib/lpc_chip_43xx/src/uart_18xx_43xx.o
 .debug_frame   0x0000069c       0xf4 out/lib/lpc_chip_43xx/src/sysinit_18xx_43xx.o
 .debug_frame   0x00000790      0x198 out/lib/lpc_chip_43xx/src/gpio_18xx_43xx.o
 .debug_frame   0x00000928       0xa0 out/lib/lpc_chip_43xx/src/chip_18xx_43xx.o
 .debug_frame   0x000009c8      0x568 out/lib/lpc_chip_43xx/src/clock_18xx_43xx.o
 .debug_frame   0x00000f30       0x38 out/lib/lpc_chip_43xx/src/fpu_init.o
 .debug_frame   0x00000f68      0x170 out/lib/lpc_board_ciaa_edu_4337/src/cr_startup_lpc43xx.o
 .debug_frame   0x000010d8       0xe4 out/lib/lpc_board_ciaa_edu_4337/src/board_sysinit.o
 .debug_frame   0x000011bc      0x410 out/lib/lpc_board_ciaa_edu_4337/src/board.o
 .debug_frame   0x000015cc       0x34 out/lib/lpc_board_ciaa_edu_4337/src/sysinit.o
 .debug_frame   0x00001600       0x28 /home/piro2/ciaa-ide/gcc-arm-none-eabi-4_9-2015q1/bin/../lib/gcc/arm-none-eabi/4.9.3/armv7e-m/fpu/libgcc.a(_aeabi_uldivmod.o)
 .debug_frame   0x00001628       0x50 /home/piro2/ciaa-ide/gcc-arm-none-eabi-4_9-2015q1/bin/../lib/gcc/arm-none-eabi/4.9.3/armv7e-m/fpu/libgcc.a(bpabi.o)
 .debug_frame   0x00001678       0x34 /home/piro2/ciaa-ide/gcc-arm-none-eabi-4_9-2015q1/bin/../lib/gcc/arm-none-eabi/4.9.3/armv7e-m/fpu/libgcc.a(_divdi3.o)
 .debug_frame   0x000016ac       0x30 /home/piro2/ciaa-ide/gcc-arm-none-eabi-4_9-2015q1/bin/../lib/gcc/arm-none-eabi/4.9.3/armv7e-m/fpu/libgcc.a(_udivdi3.o)
 .debug_frame   0x000016dc       0x20 /home/piro2/ciaa-ide/gcc-arm-none-eabi-4_9-2015q1/bin/../lib/gcc/arm-none-eabi/4.9.3/../../../../arm-none-eabi/lib/armv7e-m/fpu/libc_nano.a(lib_a-memset.o)

Cross Reference Table

Symbol                                            File
ADC0_IRQHandler                                   out/lib/lpc_board_ciaa_edu_4337/src/cr_startup_lpc43xx.o
ADC1_IRQHandler                                   out/lib/lpc_board_ciaa_edu_4337/src/cr_startup_lpc43xx.o
ADCHS_IRQHandler                                  out/lib/lpc_board_ciaa_edu_4337/src/cr_startup_lpc43xx.o
ATIMER_IRQHandler                                 out/lib/lpc_board_ciaa_edu_4337/src/cr_startup_lpc43xx.o
Board_DAC_Init                                    out/lib/lpc_board_ciaa_edu_4337/src/board.o
Board_Debug_Init                                  out/lib/lpc_board_ciaa_edu_4337/src/board.o
Board_ENET_GetMacADDR                             out/lib/lpc_board_ciaa_edu_4337/src/board.o
Board_I2C_Init                                    out/lib/lpc_board_ciaa_edu_4337/src/board.o
Board_Init                                        out/lib/lpc_board_ciaa_edu_4337/src/board.o
                                                  out/app/src/main.o
Board_LED_Set                                     out/lib/lpc_board_ciaa_edu_4337/src/board.o
Board_LED_Test                                    out/lib/lpc_board_ciaa_edu_4337/src/board.o
Board_LED_Toggle                                  out/lib/lpc_board_ciaa_edu_4337/src/board.o
Board_SDMMC_Init                                  out/lib/lpc_board_ciaa_edu_4337/src/board.o
Board_SSP_Init                                    out/lib/lpc_board_ciaa_edu_4337/src/board.o
Board_SetupClocking                               out/lib/lpc_board_ciaa_edu_4337/src/board_sysinit.o
Board_SetupMuxing                                 out/lib/lpc_board_ciaa_edu_4337/src/board_sysinit.o
Board_SystemInit                                  out/lib/lpc_board_ciaa_edu_4337/src/board_sysinit.o
                                                  out/lib/lpc_board_ciaa_edu_4337/src/sysinit.o
Board_UARTGetChar                                 out/lib/lpc_board_ciaa_edu_4337/src/board.o
                                                  out/lib/lpc_board_ciaa_edu_4337/src/system.o
Board_UARTPutChar                                 out/lib/lpc_board_ciaa_edu_4337/src/board.o
                                                  out/lib/lpc_board_ciaa_edu_4337/src/system.o
Board_UARTPutSTR                                  out/lib/lpc_board_ciaa_edu_4337/src/board.o
Board_UART_Init                                   out/lib/lpc_board_ciaa_edu_4337/src/board.o
BusFault_Handler                                  out/lib/lpc_board_ciaa_edu_4337/src/cr_startup_lpc43xx.o
CAN0_IRQHandler                                   out/lib/lpc_board_ciaa_edu_4337/src/cr_startup_lpc43xx.o
CAN1_IRQHandler                                   out/lib/lpc_board_ciaa_edu_4337/src/cr_startup_lpc43xx.o
CRP_WORD                                          out/lib/lpc_board_ciaa_edu_4337/src/crp.o
Chip_ADC_DeInit                                   out/lib/lpc_chip_43xx/src/adc_18xx_43xx.o
Chip_ADC_EnableChannel                            out/lib/lpc_chip_43xx/src/adc_18xx_43xx.o
Chip_ADC_Init                                     out/lib/lpc_chip_43xx/src/adc_18xx_43xx.o
Chip_ADC_Int_SetChannelCmd                        out/lib/lpc_chip_43xx/src/adc_18xx_43xx.o
Chip_ADC_ReadByte                                 out/lib/lpc_chip_43xx/src/adc_18xx_43xx.o
Chip_ADC_ReadStatus                               out/lib/lpc_chip_43xx/src/adc_18xx_43xx.o
Chip_ADC_ReadValue                                out/lib/lpc_chip_43xx/src/adc_18xx_43xx.o
Chip_ADC_SetBurstCmd                              out/lib/lpc_chip_43xx/src/adc_18xx_43xx.o
Chip_ADC_SetResolution                            out/lib/lpc_chip_43xx/src/adc_18xx_43xx.o
Chip_ADC_SetSampleRate                            out/lib/lpc_chip_43xx/src/adc_18xx_43xx.o
Chip_ADC_SetStartMode                             out/lib/lpc_chip_43xx/src/adc_18xx_43xx.o
Chip_AES_Config_DMA                               out/lib/lpc_chip_43xx/src/aes_18xx_43xx.o
Chip_AES_GetStatusDMA                             out/lib/lpc_chip_43xx/src/aes_18xx_43xx.o
Chip_AES_Init                                     out/lib/lpc_chip_43xx/src/aes_18xx_43xx.o
Chip_AES_LoadIV_IC                                out/lib/lpc_chip_43xx/src/aes_18xx_43xx.o
Chip_AES_LoadIV_SW                                out/lib/lpc_chip_43xx/src/aes_18xx_43xx.o
Chip_AES_LoadKey                                  out/lib/lpc_chip_43xx/src/aes_18xx_43xx.o
Chip_AES_LoadKeyRNG                               out/lib/lpc_chip_43xx/src/aes_18xx_43xx.o
Chip_AES_LoadKeySW                                out/lib/lpc_chip_43xx/src/aes_18xx_43xx.o
Chip_AES_Operate                                  out/lib/lpc_chip_43xx/src/aes_18xx_43xx.o
Chip_AES_OperateDMA                               out/lib/lpc_chip_43xx/src/aes_18xx_43xx.o
Chip_AES_ProgramKey                               out/lib/lpc_chip_43xx/src/aes_18xx_43xx.o
Chip_AES_SetMode                                  out/lib/lpc_chip_43xx/src/aes_18xx_43xx.o
Chip_ATIMER_DeInit                                out/lib/lpc_chip_43xx/src/atimer_18xx_43xx.o
Chip_ATIMER_Init                                  out/lib/lpc_chip_43xx/src/atimer_18xx_43xx.o
Chip_CCAN_AddReceiveID                            out/lib/lpc_chip_43xx/src/ccan_18xx_43xx.o
Chip_CCAN_ClearStatus                             out/lib/lpc_chip_43xx/src/ccan_18xx_43xx.o
Chip_CCAN_DeInit                                  out/lib/lpc_chip_43xx/src/ccan_18xx_43xx.o
Chip_CCAN_DeleteReceiveID                         out/lib/lpc_chip_43xx/src/ccan_18xx_43xx.o
Chip_CCAN_GetMsgObject                            out/lib/lpc_chip_43xx/src/ccan_18xx_43xx.o
Chip_CCAN_Init                                    out/lib/lpc_chip_43xx/src/ccan_18xx_43xx.o
Chip_CCAN_Send                                    out/lib/lpc_chip_43xx/src/ccan_18xx_43xx.o
Chip_CCAN_SetBitRate                              out/lib/lpc_chip_43xx/src/ccan_18xx_43xx.o
Chip_CCAN_SetMsgObject                            out/lib/lpc_chip_43xx/src/ccan_18xx_43xx.o
Chip_CCAN_SetValidMsg                             out/lib/lpc_chip_43xx/src/ccan_18xx_43xx.o
Chip_CCAN_TransferMsgObject                       out/lib/lpc_chip_43xx/src/ccan_18xx_43xx.o
Chip_Clock_CalcMainPLLValue                       out/lib/lpc_chip_43xx/src/clock_18xx_43xx.o
                                                  out/lib/lpc_chip_43xx/src/sysinit_18xx_43xx.o
Chip_Clock_ClearPowerDown                         out/lib/lpc_chip_43xx/src/clock_18xx_43xx.o
Chip_Clock_Disable                                out/lib/lpc_chip_43xx/src/clock_18xx_43xx.o
                                                  out/lib/lpc_chip_43xx/src/dac_18xx_43xx.o
                                                  out/lib/lpc_chip_43xx/src/timer_18xx_43xx.o
                                                  out/lib/lpc_chip_43xx/src/i2cm_18xx_43xx.o
                                                  out/lib/lpc_chip_43xx/src/sdif_18xx_43xx.o
                                                  out/lib/lpc_chip_43xx/src/ccan_18xx_43xx.o
                                                  out/lib/lpc_chip_43xx/src/i2s_18xx_43xx.o
                                                  out/lib/lpc_chip_43xx/src/ssp_18xx_43xx.o
                                                  out/lib/lpc_chip_43xx/src/enet_18xx_43xx.o
                                                  out/lib/lpc_chip_43xx/src/gpdma_18xx_43xx.o
                                                  out/lib/lpc_chip_43xx/src/spi_18xx_43xx.o
                                                  out/lib/lpc_chip_43xx/src/adc_18xx_43xx.o
                                                  out/lib/lpc_chip_43xx/src/uart_18xx_43xx.o
                                                  out/lib/lpc_chip_43xx/src/lcd_18xx_43xx.o
                                                  out/lib/lpc_chip_43xx/src/i2c_18xx_43xx.o
                                                  out/lib/lpc_chip_43xx/src/ritimer_18xx_43xx.o
                                                  out/lib/lpc_chip_43xx/src/sct_18xx_43xx.o
                                                  out/lib/lpc_chip_43xx/src/hsadc_18xx_43xx.o
Chip_Clock_DisableBaseClock                       out/lib/lpc_chip_43xx/src/clock_18xx_43xx.o
Chip_Clock_DisableCrystal                         out/lib/lpc_chip_43xx/src/clock_18xx_43xx.o
Chip_Clock_DisablePLL                             out/lib/lpc_chip_43xx/src/clock_18xx_43xx.o
Chip_Clock_Enable                                 out/lib/lpc_chip_43xx/src/clock_18xx_43xx.o
                                                  out/lib/lpc_chip_43xx/src/timer_18xx_43xx.o
                                                  out/lib/lpc_chip_43xx/src/i2cm_18xx_43xx.o
                                                  out/lib/lpc_chip_43xx/src/i2s_18xx_43xx.o
                                                  out/lib/lpc_chip_43xx/src/ssp_18xx_43xx.o
                                                  out/lib/lpc_chip_43xx/src/spi_18xx_43xx.o
                                                  out/lib/lpc_chip_43xx/src/i2c_18xx_43xx.o
                                                  out/lib/lpc_chip_43xx/src/hsadc_18xx_43xx.o
Chip_Clock_EnableBaseClock                        out/lib/lpc_chip_43xx/src/clock_18xx_43xx.o
                                                  out/lib/lpc_chip_43xx/src/chip_18xx_43xx.o
Chip_Clock_EnableCrystal                          out/lib/lpc_chip_43xx/src/clock_18xx_43xx.o
                                                  out/lib/lpc_chip_43xx/src/sysinit_18xx_43xx.o
Chip_Clock_EnableOpts                             out/lib/lpc_chip_43xx/src/clock_18xx_43xx.o
                                                  out/lib/lpc_chip_43xx/src/dac_18xx_43xx.o
                                                  out/lib/lpc_chip_43xx/src/sdif_18xx_43xx.o
                                                  out/lib/lpc_chip_43xx/src/chip_18xx_43xx.o
                                                  out/lib/lpc_chip_43xx/src/ccan_18xx_43xx.o
                                                  out/lib/lpc_chip_43xx/src/enet_18xx_43xx.o
                                                  out/lib/lpc_chip_43xx/src/gpdma_18xx_43xx.o
                                                  out/lib/lpc_chip_43xx/src/adc_18xx_43xx.o
                                                  out/lib/lpc_chip_43xx/src/uart_18xx_43xx.o
                                                  out/lib/lpc_chip_43xx/src/lcd_18xx_43xx.o
                                                  out/lib/lpc_chip_43xx/src/ritimer_18xx_43xx.o
                                                  out/lib/lpc_chip_43xx/src/sct_18xx_43xx.o
                                                  out/lib/lpc_chip_43xx/src/hsadc_18xx_43xx.o
Chip_Clock_EnablePLL                              out/lib/lpc_chip_43xx/src/clock_18xx_43xx.o
                                                  out/lib/lpc_chip_43xx/src/chip_18xx_43xx.o
Chip_Clock_GetBaseClock                           out/lib/lpc_chip_43xx/src/clock_18xx_43xx.o
Chip_Clock_GetBaseClockOpts                       out/lib/lpc_chip_43xx/src/clock_18xx_43xx.o
Chip_Clock_GetBaseClocktHz                        out/lib/lpc_chip_43xx/src/clock_18xx_43xx.o
                                                  out/lib/lpc_chip_43xx/src/sdmmc_18xx_43xx.o
                                                  out/lib/lpc_chip_43xx/src/sdio_18xx_43xx.o
Chip_Clock_GetClockInputHz                        out/lib/lpc_chip_43xx/src/clock_18xx_43xx.o
                                                  out/lib/lpc_chip_43xx/src/chip_18xx_43xx.o
Chip_Clock_GetDividerDivisor                      out/lib/lpc_chip_43xx/src/clock_18xx_43xx.o
Chip_Clock_GetDividerSource                       out/lib/lpc_chip_43xx/src/clock_18xx_43xx.o
Chip_Clock_GetEMCRate                             out/lib/lpc_chip_43xx/src/clock_18xx_43xx.o
                                                  out/lib/lpc_chip_43xx/src/emc_18xx_43xx.o
Chip_Clock_GetMainPLLHz                           out/lib/lpc_chip_43xx/src/clock_18xx_43xx.o
Chip_Clock_GetPLLStatus                           out/lib/lpc_chip_43xx/src/clock_18xx_43xx.o
                                                  out/lib/lpc_chip_43xx/src/chip_18xx_43xx.o
Chip_Clock_GetRate                                out/lib/lpc_chip_43xx/src/clock_18xx_43xx.o
                                                  out/lib/lpc_chip_43xx/src/sct_pwm_18xx_43xx.o
                                                  out/lib/lpc_chip_43xx/src/eeprom_18xx_43xx.o
                                                  out/lib/lpc_chip_43xx/src/i2cm_18xx_43xx.o
                                                  out/lib/lpc_chip_43xx/src/chip_18xx_43xx.o
                                                  out/lib/lpc_chip_43xx/src/stopwatch_18xx_43xx.o
                                                  out/lib/lpc_chip_43xx/src/ccan_18xx_43xx.o
                                                  out/lib/lpc_chip_43xx/src/i2s_18xx_43xx.o
                                                  out/lib/lpc_chip_43xx/src/ssp_18xx_43xx.o
                                                  out/lib/lpc_chip_43xx/src/spi_18xx_43xx.o
                                                  out/lib/lpc_chip_43xx/src/adc_18xx_43xx.o
                                                  out/lib/lpc_chip_43xx/src/uart_18xx_43xx.o
                                                  out/lib/lpc_chip_43xx/src/i2c_18xx_43xx.o
                                                  out/lib/lpc_chip_43xx/src/ritimer_18xx_43xx.o
                                                  out/lib/lpc_chip_43xx/src/hsadc_18xx_43xx.o
Chip_Clock_IsBaseClockEnabled                     out/lib/lpc_chip_43xx/src/clock_18xx_43xx.o
Chip_Clock_RTCEnable                              out/lib/lpc_chip_43xx/src/clock_18xx_43xx.o
                                                  out/lib/lpc_chip_43xx/src/rtc_18xx_43xx.o
Chip_Clock_SetBaseClock                           out/lib/lpc_chip_43xx/src/clock_18xx_43xx.o
                                                  out/lib/lpc_board_ciaa_edu_4337/src/board_sysinit.o
                                                  out/lib/lpc_chip_43xx/src/chip_18xx_43xx.o
                                                  out/lib/lpc_chip_43xx/src/sysinit_18xx_43xx.o
Chip_Clock_SetDivider                             out/lib/lpc_chip_43xx/src/clock_18xx_43xx.o
                                                  out/lib/lpc_chip_43xx/src/chip_18xx_43xx.o
Chip_Clock_SetupMainPLLHz                         out/lib/lpc_chip_43xx/src/clock_18xx_43xx.o
Chip_Clock_SetupMainPLLMult                       out/lib/lpc_chip_43xx/src/clock_18xx_43xx.o
Chip_Clock_SetupPLL                               out/lib/lpc_chip_43xx/src/clock_18xx_43xx.o
                                                  out/lib/lpc_chip_43xx/src/chip_18xx_43xx.o
Chip_Clock_StartPowerDown                         out/lib/lpc_chip_43xx/src/clock_18xx_43xx.o
Chip_DAC_DeInit                                   out/lib/lpc_chip_43xx/src/dac_18xx_43xx.o
Chip_DAC_Init                                     out/lib/lpc_chip_43xx/src/dac_18xx_43xx.o
Chip_DAC_SetBias                                  out/lib/lpc_chip_43xx/src/dac_18xx_43xx.o
Chip_DAC_UpdateValue                              out/lib/lpc_chip_43xx/src/dac_18xx_43xx.o
Chip_EEPROM_EraseProgramPage                      out/lib/lpc_chip_43xx/src/eeprom_18xx_43xx.o
Chip_EEPROM_Init                                  out/lib/lpc_chip_43xx/src/eeprom_18xx_43xx.o
Chip_EEPROM_WaitForIntStatus                      out/lib/lpc_chip_43xx/src/eeprom_18xx_43xx.o
Chip_EMC_Dynamic_Enable                           out/lib/lpc_chip_43xx/src/emc_18xx_43xx.o
Chip_EMC_Dynamic_Init                             out/lib/lpc_chip_43xx/src/emc_18xx_43xx.o
Chip_EMC_Enable                                   out/lib/lpc_chip_43xx/src/emc_18xx_43xx.o
Chip_EMC_Init                                     out/lib/lpc_chip_43xx/src/emc_18xx_43xx.o
Chip_EMC_LowPowerMode                             out/lib/lpc_chip_43xx/src/emc_18xx_43xx.o
Chip_EMC_Mirror                                   out/lib/lpc_chip_43xx/src/emc_18xx_43xx.o
Chip_EMC_Static_Init                              out/lib/lpc_chip_43xx/src/emc_18xx_43xx.o
Chip_ENET_DeInit                                  out/lib/lpc_chip_43xx/src/enet_18xx_43xx.o
Chip_ENET_Init                                    out/lib/lpc_chip_43xx/src/enet_18xx_43xx.o
Chip_ENET_SetDuplex                               out/lib/lpc_chip_43xx/src/enet_18xx_43xx.o
Chip_ENET_SetSpeed                                out/lib/lpc_chip_43xx/src/enet_18xx_43xx.o
Chip_ENET_SetupMII                                out/lib/lpc_chip_43xx/src/enet_18xx_43xx.o
Chip_ENET_StartMIIRead                            out/lib/lpc_chip_43xx/src/enet_18xx_43xx.o
Chip_ENET_StartMIIWrite                           out/lib/lpc_chip_43xx/src/enet_18xx_43xx.o
Chip_EVRT_ConfigIntSrcActiveType                  out/lib/lpc_chip_43xx/src/evrt_18xx_43xx.o
Chip_EVRT_Init                                    out/lib/lpc_chip_43xx/src/evrt_18xx_43xx.o
Chip_EVRT_IsSourceInterrupting                    out/lib/lpc_chip_43xx/src/evrt_18xx_43xx.o
Chip_EVRT_SetUpIntSrc                             out/lib/lpc_chip_43xx/src/evrt_18xx_43xx.o
Chip_GPDMA_ChannelCmd                             out/lib/lpc_chip_43xx/src/gpdma_18xx_43xx.o
Chip_GPDMA_ClearIntPending                        out/lib/lpc_chip_43xx/src/gpdma_18xx_43xx.o
Chip_GPDMA_DeInit                                 out/lib/lpc_chip_43xx/src/gpdma_18xx_43xx.o
Chip_GPDMA_GetFreeChannel                         out/lib/lpc_chip_43xx/src/gpdma_18xx_43xx.o
Chip_GPDMA_Init                                   out/lib/lpc_chip_43xx/src/gpdma_18xx_43xx.o
Chip_GPDMA_InitChannelCfg                         out/lib/lpc_chip_43xx/src/gpdma_18xx_43xx.o
Chip_GPDMA_IntGetStatus                           out/lib/lpc_chip_43xx/src/gpdma_18xx_43xx.o
Chip_GPDMA_Interrupt                              out/lib/lpc_chip_43xx/src/gpdma_18xx_43xx.o
Chip_GPDMA_PrepareDescriptor                      out/lib/lpc_chip_43xx/src/gpdma_18xx_43xx.o
Chip_GPDMA_SGTransfer                             out/lib/lpc_chip_43xx/src/gpdma_18xx_43xx.o
Chip_GPDMA_Stop                                   out/lib/lpc_chip_43xx/src/gpdma_18xx_43xx.o
Chip_GPDMA_Transfer                               out/lib/lpc_chip_43xx/src/gpdma_18xx_43xx.o
Chip_GPIO_DeInit                                  out/lib/lpc_chip_43xx/src/gpio_18xx_43xx.o
Chip_GPIO_Init                                    out/lib/lpc_chip_43xx/src/gpio_18xx_43xx.o
                                                  out/lib/lpc_board_ciaa_edu_4337/src/board.o
Chip_GPIO_SetDir                                  out/lib/lpc_chip_43xx/src/gpio_18xx_43xx.o
Chip_GPIO_SetPinDIR                               out/lib/lpc_chip_43xx/src/gpio_18xx_43xx.o
Chip_GPIO_SetPortDIR                              out/lib/lpc_chip_43xx/src/gpio_18xx_43xx.o
Chip_GPIO_WriteDirBit                             out/lib/lpc_chip_43xx/src/gpio_18xx_43xx.o
Chip_HSADC_DeInit                                 out/lib/lpc_chip_43xx/src/hsadc_18xx_43xx.o
Chip_HSADC_Init                                   out/lib/lpc_chip_43xx/src/hsadc_18xx_43xx.o
Chip_HSADC_SetACDCBias                            out/lib/lpc_chip_43xx/src/hsadc_18xx_43xx.o
Chip_HSADC_SetPowerSpeed                          out/lib/lpc_chip_43xx/src/hsadc_18xx_43xx.o
Chip_HSADC_SetSpeed                               out/lib/lpc_chip_43xx/src/hsadc_18xx_43xx.o
Chip_HSADC_SetThrHighValue                        out/lib/lpc_chip_43xx/src/hsadc_18xx_43xx.o
Chip_HSADC_SetThrLowValue                         out/lib/lpc_chip_43xx/src/hsadc_18xx_43xx.o
Chip_HSADC_SetupFIFO                              out/lib/lpc_chip_43xx/src/hsadc_18xx_43xx.o
Chip_I2CM_DeInit                                  out/lib/lpc_chip_43xx/src/i2cm_18xx_43xx.o
Chip_I2CM_Init                                    out/lib/lpc_chip_43xx/src/i2cm_18xx_43xx.o
Chip_I2CM_Read                                    out/lib/lpc_chip_43xx/src/i2cm_18xx_43xx.o
Chip_I2CM_SetBusSpeed                             out/lib/lpc_chip_43xx/src/i2cm_18xx_43xx.o
Chip_I2CM_Write                                   out/lib/lpc_chip_43xx/src/i2cm_18xx_43xx.o
Chip_I2CM_Xfer                                    out/lib/lpc_chip_43xx/src/i2cm_18xx_43xx.o
Chip_I2CM_XferBlocking                            out/lib/lpc_chip_43xx/src/i2cm_18xx_43xx.o
Chip_I2CM_XferHandler                             out/lib/lpc_chip_43xx/src/i2cm_18xx_43xx.o
Chip_I2C_DeInit                                   out/lib/lpc_chip_43xx/src/i2c_18xx_43xx.o
Chip_I2C_Disable                                  out/lib/lpc_chip_43xx/src/i2c_18xx_43xx.o
Chip_I2C_EventHandler                             out/lib/lpc_chip_43xx/src/i2c_18xx_43xx.o
Chip_I2C_EventHandlerPolling                      out/lib/lpc_chip_43xx/src/i2c_18xx_43xx.o
Chip_I2C_GetClockRate                             out/lib/lpc_chip_43xx/src/i2c_18xx_43xx.o
Chip_I2C_GetMasterEventHandler                    out/lib/lpc_chip_43xx/src/i2c_18xx_43xx.o
Chip_I2C_Init                                     out/lib/lpc_chip_43xx/src/i2c_18xx_43xx.o
Chip_I2C_IsMasterActive                           out/lib/lpc_chip_43xx/src/i2c_18xx_43xx.o
Chip_I2C_IsStateChanged                           out/lib/lpc_chip_43xx/src/i2c_18xx_43xx.o
Chip_I2C_MasterCmdRead                            out/lib/lpc_chip_43xx/src/i2c_18xx_43xx.o
Chip_I2C_MasterRead                               out/lib/lpc_chip_43xx/src/i2c_18xx_43xx.o
Chip_I2C_MasterSend                               out/lib/lpc_chip_43xx/src/i2c_18xx_43xx.o
Chip_I2C_MasterStateHandler                       out/lib/lpc_chip_43xx/src/i2c_18xx_43xx.o
Chip_I2C_MasterTransfer                           out/lib/lpc_chip_43xx/src/i2c_18xx_43xx.o
Chip_I2C_SetClockRate                             out/lib/lpc_chip_43xx/src/i2c_18xx_43xx.o
Chip_I2C_SetMasterEventHandler                    out/lib/lpc_chip_43xx/src/i2c_18xx_43xx.o
Chip_I2C_SlaveSetup                               out/lib/lpc_chip_43xx/src/i2c_18xx_43xx.o
Chip_I2C_SlaveStateHandler                        out/lib/lpc_chip_43xx/src/i2c_18xx_43xx.o
Chip_I2S_DMA_RxCmd                                out/lib/lpc_chip_43xx/src/i2s_18xx_43xx.o
Chip_I2S_DMA_TxCmd                                out/lib/lpc_chip_43xx/src/i2s_18xx_43xx.o
Chip_I2S_DeInit                                   out/lib/lpc_chip_43xx/src/i2s_18xx_43xx.o
Chip_I2S_Init                                     out/lib/lpc_chip_43xx/src/i2s_18xx_43xx.o
Chip_I2S_Int_RxCmd                                out/lib/lpc_chip_43xx/src/i2s_18xx_43xx.o
Chip_I2S_Int_TxCmd                                out/lib/lpc_chip_43xx/src/i2s_18xx_43xx.o
Chip_I2S_RxConfig                                 out/lib/lpc_chip_43xx/src/i2s_18xx_43xx.o
Chip_I2S_TxConfig                                 out/lib/lpc_chip_43xx/src/i2s_18xx_43xx.o
Chip_IAP_BlankCheckSector                         out/lib/lpc_chip_43xx/src/iap_18xx_43xx.o
Chip_IAP_Compare                                  out/lib/lpc_chip_43xx/src/iap_18xx_43xx.o
Chip_IAP_CopyRamToFlash                           out/lib/lpc_chip_43xx/src/iap_18xx_43xx.o
Chip_IAP_ErasePage                                out/lib/lpc_chip_43xx/src/iap_18xx_43xx.o
Chip_IAP_EraseSector                              out/lib/lpc_chip_43xx/src/iap_18xx_43xx.o
Chip_IAP_PreSectorForReadWrite                    out/lib/lpc_chip_43xx/src/iap_18xx_43xx.o
Chip_IAP_ReadBootCode                             out/lib/lpc_chip_43xx/src/iap_18xx_43xx.o
Chip_IAP_ReadPID                                  out/lib/lpc_chip_43xx/src/iap_18xx_43xx.o
Chip_IAP_ReadUID                                  out/lib/lpc_chip_43xx/src/iap_18xx_43xx.o
Chip_IAP_ReinvokeISP                              out/lib/lpc_chip_43xx/src/iap_18xx_43xx.o
Chip_IAP_SetBootFlashBank                         out/lib/lpc_chip_43xx/src/iap_18xx_43xx.o
Chip_LCD_Cursor_Config                            out/lib/lpc_chip_43xx/src/lcd_18xx_43xx.o
Chip_LCD_Cursor_WriteImage                        out/lib/lpc_chip_43xx/src/lcd_18xx_43xx.o
Chip_LCD_DeInit                                   out/lib/lpc_chip_43xx/src/lcd_18xx_43xx.o
Chip_LCD_Init                                     out/lib/lpc_chip_43xx/src/lcd_18xx_43xx.o
Chip_LCD_LoadPalette                              out/lib/lpc_chip_43xx/src/lcd_18xx_43xx.o
Chip_OTP_GenRand                                  out/lib/lpc_chip_43xx/src/otp_18xx_43xx.o
Chip_OTP_Init                                     out/lib/lpc_chip_43xx/src/otp_18xx_43xx.o
Chip_OTP_ProgBootSrc                              out/lib/lpc_chip_43xx/src/otp_18xx_43xx.o
Chip_OTP_ProgGPWord                               out/lib/lpc_chip_43xx/src/otp_18xx_43xx.o
Chip_OTP_ProgJTAGDis                              out/lib/lpc_chip_43xx/src/otp_18xx_43xx.o
Chip_OTP_ProgKey                                  out/lib/lpc_chip_43xx/src/otp_18xx_43xx.o
Chip_OTP_ProgUSBID                                out/lib/lpc_chip_43xx/src/otp_18xx_43xx.o
Chip_PMC_Set_PwrState                             out/lib/lpc_chip_43xx/src/pmc_18xx_43xx.o
Chip_PMC_Sleep                                    out/lib/lpc_chip_43xx/src/pmc_18xx_43xx.o
Chip_RIT_DeInit                                   out/lib/lpc_chip_43xx/src/ritimer_18xx_43xx.o
Chip_RIT_GetIntStatus                             out/lib/lpc_chip_43xx/src/ritimer_18xx_43xx.o
Chip_RIT_Init                                     out/lib/lpc_chip_43xx/src/ritimer_18xx_43xx.o
Chip_RIT_SetTimerInterval                         out/lib/lpc_chip_43xx/src/ritimer_18xx_43xx.o
Chip_RTC_AlarmIntConfig                           out/lib/lpc_chip_43xx/src/rtc_18xx_43xx.o
Chip_RTC_CalibCounterCmd                          out/lib/lpc_chip_43xx/src/rtc_18xx_43xx.o
Chip_RTC_CntIncrIntConfig                         out/lib/lpc_chip_43xx/src/rtc_18xx_43xx.o
Chip_RTC_DeInit                                   out/lib/lpc_chip_43xx/src/rtc_18xx_43xx.o
Chip_RTC_EV_GetFirstTimeStamp                     out/lib/lpc_chip_43xx/src/rtc_18xx_43xx.o
Chip_RTC_EV_GetLastTimeStamp                      out/lib/lpc_chip_43xx/src/rtc_18xx_43xx.o
Chip_RTC_Enable                                   out/lib/lpc_chip_43xx/src/rtc_18xx_43xx.o
Chip_RTC_GetFullAlarmTime                         out/lib/lpc_chip_43xx/src/rtc_18xx_43xx.o
Chip_RTC_GetFullTime                              out/lib/lpc_chip_43xx/src/rtc_18xx_43xx.o
Chip_RTC_Init                                     out/lib/lpc_chip_43xx/src/rtc_18xx_43xx.o
Chip_RTC_ResetClockTickCounter                    out/lib/lpc_chip_43xx/src/rtc_18xx_43xx.o
Chip_RTC_SetFullAlarmTime                         out/lib/lpc_chip_43xx/src/rtc_18xx_43xx.o
Chip_RTC_SetFullTime                              out/lib/lpc_chip_43xx/src/rtc_18xx_43xx.o
Chip_SCTPWM_SetOutPin                             out/lib/lpc_chip_43xx/src/sct_pwm_18xx_43xx.o
Chip_SCTPWM_SetRate                               out/lib/lpc_chip_43xx/src/sct_pwm_18xx_43xx.o
Chip_SCT_DeInit                                   out/lib/lpc_chip_43xx/src/sct_18xx_43xx.o
Chip_SCT_Init                                     out/lib/lpc_chip_43xx/src/sct_18xx_43xx.o
Chip_SCT_SetClrControl                            out/lib/lpc_chip_43xx/src/sct_18xx_43xx.o
Chip_SCT_SetConflictResolution                    out/lib/lpc_chip_43xx/src/sct_18xx_43xx.o
Chip_SDIF_DeInit                                  out/lib/lpc_chip_43xx/src/sdif_18xx_43xx.o
Chip_SDIF_DmaSetup                                out/lib/lpc_chip_43xx/src/sdif_18xx_43xx.o
                                                  out/lib/lpc_chip_43xx/src/sdmmc_18xx_43xx.o
                                                  out/lib/lpc_chip_43xx/src/sdio_18xx_43xx.o
Chip_SDIF_GetResponse                             out/lib/lpc_chip_43xx/src/sdif_18xx_43xx.o
                                                  out/lib/lpc_chip_43xx/src/sdmmc_18xx_43xx.o
                                                  out/lib/lpc_chip_43xx/src/sdio_18xx_43xx.o
Chip_SDIF_Init                                    out/lib/lpc_chip_43xx/src/sdif_18xx_43xx.o
Chip_SDIF_SendCmd                                 out/lib/lpc_chip_43xx/src/sdif_18xx_43xx.o
                                                  out/lib/lpc_chip_43xx/src/sdmmc_18xx_43xx.o
                                                  out/lib/lpc_chip_43xx/src/sdio_18xx_43xx.o
Chip_SDIF_SetClearIntFifo                         out/lib/lpc_chip_43xx/src/sdif_18xx_43xx.o
                                                  out/lib/lpc_chip_43xx/src/sdmmc_18xx_43xx.o
Chip_SDIF_SetClock                                out/lib/lpc_chip_43xx/src/sdif_18xx_43xx.o
                                                  out/lib/lpc_chip_43xx/src/sdmmc_18xx_43xx.o
                                                  out/lib/lpc_chip_43xx/src/sdio_18xx_43xx.o
Chip_SDMMC_Acquire                                out/lib/lpc_chip_43xx/src/sdmmc_18xx_43xx.o
Chip_SDMMC_GetDeviceBlocks                        out/lib/lpc_chip_43xx/src/sdmmc_18xx_43xx.o
Chip_SDMMC_GetDeviceSize                          out/lib/lpc_chip_43xx/src/sdmmc_18xx_43xx.o
Chip_SDMMC_GetState                               out/lib/lpc_chip_43xx/src/sdmmc_18xx_43xx.o
Chip_SDMMC_ReadBlocks                             out/lib/lpc_chip_43xx/src/sdmmc_18xx_43xx.o
Chip_SDMMC_WriteBlocks                            out/lib/lpc_chip_43xx/src/sdmmc_18xx_43xx.o
Chip_SPI_DeInit                                   out/lib/lpc_chip_43xx/src/spi_18xx_43xx.o
Chip_SPI_Init                                     out/lib/lpc_chip_43xx/src/spi_18xx_43xx.o
Chip_SPI_Int_FlushData                            out/lib/lpc_chip_43xx/src/spi_18xx_43xx.o
Chip_SPI_Int_RWFrames                             out/lib/lpc_chip_43xx/src/spi_18xx_43xx.o
Chip_SPI_Int_RWFrames16Bits                       out/lib/lpc_chip_43xx/src/spi_18xx_43xx.o
Chip_SPI_Int_RWFrames8Bits                        out/lib/lpc_chip_43xx/src/spi_18xx_43xx.o
Chip_SPI_RWFrames_Blocking                        out/lib/lpc_chip_43xx/src/spi_18xx_43xx.o
Chip_SPI_SetBitRate                               out/lib/lpc_chip_43xx/src/spi_18xx_43xx.o
Chip_SSP_DeInit                                   out/lib/lpc_chip_43xx/src/ssp_18xx_43xx.o
Chip_SSP_Init                                     out/lib/lpc_chip_43xx/src/ssp_18xx_43xx.o
Chip_SSP_Int_FlushData                            out/lib/lpc_chip_43xx/src/ssp_18xx_43xx.o
Chip_SSP_Int_RWFrames16Bits                       out/lib/lpc_chip_43xx/src/ssp_18xx_43xx.o
Chip_SSP_Int_RWFrames8Bits                        out/lib/lpc_chip_43xx/src/ssp_18xx_43xx.o
Chip_SSP_RWFrames_Blocking                        out/lib/lpc_chip_43xx/src/ssp_18xx_43xx.o
Chip_SSP_ReadFrames_Blocking                      out/lib/lpc_chip_43xx/src/ssp_18xx_43xx.o
Chip_SSP_SetBitRate                               out/lib/lpc_chip_43xx/src/ssp_18xx_43xx.o
Chip_SSP_SetClockRate                             out/lib/lpc_chip_43xx/src/ssp_18xx_43xx.o
Chip_SSP_SetMaster                                out/lib/lpc_chip_43xx/src/ssp_18xx_43xx.o
Chip_SSP_WriteFrames_Blocking                     out/lib/lpc_chip_43xx/src/ssp_18xx_43xx.o
Chip_SetupCoreClock                               out/lib/lpc_chip_43xx/src/sysinit_18xx_43xx.o
                                                  out/lib/lpc_board_ciaa_edu_4337/src/board_sysinit.o
Chip_SetupIrcClocking                             out/lib/lpc_chip_43xx/src/sysinit_18xx_43xx.o
Chip_SetupXtalClocking                            out/lib/lpc_chip_43xx/src/sysinit_18xx_43xx.o
Chip_SystemInit                                   out/lib/lpc_chip_43xx/src/sysinit_18xx_43xx.o
Chip_TIMER_DeInit                                 out/lib/lpc_chip_43xx/src/timer_18xx_43xx.o
Chip_TIMER_ExtMatchControlSet                     out/lib/lpc_chip_43xx/src/timer_18xx_43xx.o
Chip_TIMER_Init                                   out/lib/lpc_chip_43xx/src/timer_18xx_43xx.o
                                                  out/lib/lpc_chip_43xx/src/stopwatch_18xx_43xx.o
Chip_TIMER_Reset                                  out/lib/lpc_chip_43xx/src/timer_18xx_43xx.o
Chip_UART_ABCmd                                   out/lib/lpc_chip_43xx/src/uart_18xx_43xx.o
Chip_UART_CheckBusy                               out/lib/lpc_chip_43xx/src/uart_18xx_43xx.o
Chip_UART_DeInit                                  out/lib/lpc_chip_43xx/src/uart_18xx_43xx.o
Chip_UART_GetABEOStatus                           out/lib/lpc_chip_43xx/src/uart_18xx_43xx.o
Chip_UART_IRQRBHandler                            out/lib/lpc_chip_43xx/src/uart_18xx_43xx.o
Chip_UART_Init                                    out/lib/lpc_chip_43xx/src/uart_18xx_43xx.o
                                                  out/lib/lpc_board_ciaa_edu_4337/src/board.o
Chip_UART_RXIntHandlerRB                          out/lib/lpc_chip_43xx/src/uart_18xx_43xx.o
Chip_UART_Read                                    out/lib/lpc_chip_43xx/src/uart_18xx_43xx.o
Chip_UART_ReadBlocking                            out/lib/lpc_chip_43xx/src/uart_18xx_43xx.o
Chip_UART_ReadRB                                  out/lib/lpc_chip_43xx/src/uart_18xx_43xx.o
Chip_UART_Send                                    out/lib/lpc_chip_43xx/src/uart_18xx_43xx.o
Chip_UART_SendBlocking                            out/lib/lpc_chip_43xx/src/uart_18xx_43xx.o
Chip_UART_SendRB                                  out/lib/lpc_chip_43xx/src/uart_18xx_43xx.o
Chip_UART_SetBaud                                 out/lib/lpc_chip_43xx/src/uart_18xx_43xx.o
Chip_UART_SetBaudFDR                              out/lib/lpc_chip_43xx/src/uart_18xx_43xx.o
                                                  out/lib/lpc_board_ciaa_edu_4337/src/board.o
Chip_UART_TXIntHandlerRB                          out/lib/lpc_chip_43xx/src/uart_18xx_43xx.o
Chip_USB0_Init                                    out/lib/lpc_chip_43xx/src/chip_18xx_43xx.o
Chip_USB1_Init                                    out/lib/lpc_chip_43xx/src/chip_18xx_43xx.o
Chip_WWDT_ClearStatusFlag                         out/lib/lpc_chip_43xx/src/wwdt_18xx_43xx.o
Chip_WWDT_DeInit                                  out/lib/lpc_chip_43xx/src/wwdt_18xx_43xx.o
Chip_WWDT_Init                                    out/lib/lpc_chip_43xx/src/wwdt_18xx_43xx.o
DAC_IRQHandler                                    out/lib/lpc_board_ciaa_edu_4337/src/cr_startup_lpc43xx.o
DMA_IRQHandler                                    out/lib/lpc_board_ciaa_edu_4337/src/cr_startup_lpc43xx.o
DWT_CTRL                                          out/app/src/main.o
DWT_CYCCNT                                        out/app/src/main.o
DebugMon_Handler                                  out/lib/lpc_board_ciaa_edu_4337/src/cr_startup_lpc43xx.o
ETH_IRQHandler                                    out/lib/lpc_board_ciaa_edu_4337/src/cr_startup_lpc43xx.o
EVRT_IRQHandler                                   out/lib/lpc_board_ciaa_edu_4337/src/cr_startup_lpc43xx.o
ExtRateIn                                         out/lib/lpc_board_ciaa_edu_4337/src/board.o
                                                  out/lib/lpc_chip_43xx/src/clock_18xx_43xx.o
FLASH_EEPROM_IRQHandler                           out/lib/lpc_board_ciaa_edu_4337/src/cr_startup_lpc43xx.o
GINT0_IRQHandler                                  out/lib/lpc_board_ciaa_edu_4337/src/cr_startup_lpc43xx.o
GINT1_IRQHandler                                  out/lib/lpc_board_ciaa_edu_4337/src/cr_startup_lpc43xx.o
GPIO0_IRQHandler                                  out/lib/lpc_board_ciaa_edu_4337/src/cr_startup_lpc43xx.o
GPIO1_IRQHandler                                  out/lib/lpc_board_ciaa_edu_4337/src/cr_startup_lpc43xx.o
GPIO2_IRQHandler                                  out/lib/lpc_board_ciaa_edu_4337/src/cr_startup_lpc43xx.o
GPIO3_IRQHandler                                  out/lib/lpc_board_ciaa_edu_4337/src/cr_startup_lpc43xx.o
GPIO4_IRQHandler                                  out/lib/lpc_board_ciaa_edu_4337/src/cr_startup_lpc43xx.o
GPIO5_IRQHandler                                  out/lib/lpc_board_ciaa_edu_4337/src/cr_startup_lpc43xx.o
GPIO6_IRQHandler                                  out/lib/lpc_board_ciaa_edu_4337/src/cr_startup_lpc43xx.o
GPIO7_IRQHandler                                  out/lib/lpc_board_ciaa_edu_4337/src/cr_startup_lpc43xx.o
HardFault_Handler                                 out/lib/lpc_board_ciaa_edu_4337/src/cr_startup_lpc43xx.o
I2C0_IRQHandler                                   out/lib/lpc_board_ciaa_edu_4337/src/cr_startup_lpc43xx.o
I2C1_IRQHandler                                   out/lib/lpc_board_ciaa_edu_4337/src/cr_startup_lpc43xx.o
I2S0_IRQHandler                                   out/lib/lpc_board_ciaa_edu_4337/src/cr_startup_lpc43xx.o
I2S1_IRQHandler                                   out/lib/lpc_board_ciaa_edu_4337/src/cr_startup_lpc43xx.o
IntDefaultHandler                                 out/lib/lpc_board_ciaa_edu_4337/src/cr_startup_lpc43xx.o
LCD_IRQHandler                                    out/lib/lpc_board_ciaa_edu_4337/src/cr_startup_lpc43xx.o
M0APP_IRQHandler                                  out/lib/lpc_board_ciaa_edu_4337/src/cr_startup_lpc43xx.o
M0SUB_IRQHandler                                  out/lib/lpc_board_ciaa_edu_4337/src/cr_startup_lpc43xx.o
MCPWM_IRQHandler                                  out/lib/lpc_board_ciaa_edu_4337/src/cr_startup_lpc43xx.o
MemManage_Handler                                 out/lib/lpc_board_ciaa_edu_4337/src/cr_startup_lpc43xx.o
NMI_Handler                                       out/lib/lpc_board_ciaa_edu_4337/src/cr_startup_lpc43xx.o
OscRateIn                                         out/lib/lpc_board_ciaa_edu_4337/src/board.o
                                                  out/lib/lpc_chip_43xx/src/clock_18xx_43xx.o
PendSV_Handler                                    out/lib/lpc_board_ciaa_edu_4337/src/cr_startup_lpc43xx.o
QEI_IRQHandler                                    out/lib/lpc_board_ciaa_edu_4337/src/cr_startup_lpc43xx.o
RIT_IRQHandler                                    out/lib/lpc_board_ciaa_edu_4337/src/cr_startup_lpc43xx.o
RTC_IRQHandler                                    out/lib/lpc_board_ciaa_edu_4337/src/cr_startup_lpc43xx.o
ResetISR                                          out/lib/lpc_board_ciaa_edu_4337/src/cr_startup_lpc43xx.o
RingBuffer_Init                                   out/lib/lpc_chip_43xx/src/ring_buffer.o
RingBuffer_Insert                                 out/lib/lpc_chip_43xx/src/ring_buffer.o
                                                  out/lib/lpc_chip_43xx/src/uart_18xx_43xx.o
RingBuffer_InsertMult                             out/lib/lpc_chip_43xx/src/ring_buffer.o
                                                  out/lib/lpc_chip_43xx/src/uart_18xx_43xx.o
RingBuffer_Pop                                    out/lib/lpc_chip_43xx/src/ring_buffer.o
                                                  out/lib/lpc_chip_43xx/src/uart_18xx_43xx.o
RingBuffer_PopMult                                out/lib/lpc_chip_43xx/src/ring_buffer.o
                                                  out/lib/lpc_chip_43xx/src/uart_18xx_43xx.o
SCT_IRQHandler                                    out/lib/lpc_board_ciaa_edu_4337/src/cr_startup_lpc43xx.o
SDIO_Card_DisableInt                              out/lib/lpc_chip_43xx/src/sdio_18xx_43xx.o
SDIO_Card_EnableInt                               out/lib/lpc_chip_43xx/src/sdio_18xx_43xx.o
SDIO_Card_GetBlockSize                            out/lib/lpc_chip_43xx/src/sdio_18xx_43xx.o
SDIO_Card_Init                                    out/lib/lpc_chip_43xx/src/sdio_18xx_43xx.o
SDIO_Card_ReadData                                out/lib/lpc_chip_43xx/src/sdio_18xx_43xx.o
SDIO_Card_SetBlockSize                            out/lib/lpc_chip_43xx/src/sdio_18xx_43xx.o
SDIO_Card_WriteData                               out/lib/lpc_chip_43xx/src/sdio_18xx_43xx.o
SDIO_Handler                                      out/lib/lpc_chip_43xx/src/sdio_18xx_43xx.o
SDIO_IRQHandler                                   out/lib/lpc_board_ciaa_edu_4337/src/cr_startup_lpc43xx.o
SDIO_Read_Direct                                  out/lib/lpc_chip_43xx/src/sdio_18xx_43xx.o
SDIO_Send_Command                                 out/lib/lpc_chip_43xx/src/sdio_18xx_43xx.o
SDIO_Setup_Callback                               out/lib/lpc_chip_43xx/src/sdio_18xx_43xx.o
SDIO_WriteRead_Direct                             out/lib/lpc_chip_43xx/src/sdio_18xx_43xx.o
SDIO_Write_Direct                                 out/lib/lpc_chip_43xx/src/sdio_18xx_43xx.o
SGPIO_IRQHandler                                  out/lib/lpc_board_ciaa_edu_4337/src/cr_startup_lpc43xx.o
SPIFI_IRQHandler                                  out/lib/lpc_board_ciaa_edu_4337/src/cr_startup_lpc43xx.o
SPI_IRQHandler                                    out/lib/lpc_board_ciaa_edu_4337/src/cr_startup_lpc43xx.o
SSP0_IRQHandler                                   out/lib/lpc_board_ciaa_edu_4337/src/cr_startup_lpc43xx.o
SSP1_IRQHandler                                   out/lib/lpc_board_ciaa_edu_4337/src/cr_startup_lpc43xx.o
SVC_Handler                                       out/lib/lpc_board_ciaa_edu_4337/src/cr_startup_lpc43xx.o
StopWatch_Init                                    out/lib/lpc_chip_43xx/src/stopwatch_18xx_43xx.o
StopWatch_MsToTicks                               out/lib/lpc_chip_43xx/src/stopwatch_18xx_43xx.o
StopWatch_Start                                   out/lib/lpc_chip_43xx/src/stopwatch_18xx_43xx.o
StopWatch_TicksPerSecond                          out/lib/lpc_chip_43xx/src/stopwatch_18xx_43xx.o
StopWatch_TicksToMs                               out/lib/lpc_chip_43xx/src/stopwatch_18xx_43xx.o
StopWatch_TicksToUs                               out/lib/lpc_chip_43xx/src/stopwatch_18xx_43xx.o
StopWatch_UsToTicks                               out/lib/lpc_chip_43xx/src/stopwatch_18xx_43xx.o
SysTick_Handler                                   out/lib/lpc_board_ciaa_edu_4337/src/cr_startup_lpc43xx.o
SystemCoreClock                                   out/lib/lpc_chip_43xx/src/chip_18xx_43xx.o
                                                  out/lib/lpc_chip_43xx/src/enet_18xx_43xx.o
                                                  out/lib/lpc_chip_43xx/src/iap_18xx_43xx.o
SystemCoreClockUpdate                             out/lib/lpc_chip_43xx/src/chip_18xx_43xx.o
                                                  out/app/src/main.o
SystemInit                                        out/lib/lpc_board_ciaa_edu_4337/src/sysinit.o
                                                  out/lib/lpc_board_ciaa_edu_4337/src/cr_startup_lpc43xx.o
TIMER0_IRQHandler                                 out/lib/lpc_board_ciaa_edu_4337/src/cr_startup_lpc43xx.o
TIMER1_IRQHandler                                 out/lib/lpc_board_ciaa_edu_4337/src/cr_startup_lpc43xx.o
TIMER2_IRQHandler                                 out/lib/lpc_board_ciaa_edu_4337/src/cr_startup_lpc43xx.o
TIMER3_IRQHandler                                 out/lib/lpc_board_ciaa_edu_4337/src/cr_startup_lpc43xx.o
UART0_IRQHandler                                  out/lib/lpc_board_ciaa_edu_4337/src/cr_startup_lpc43xx.o
UART1_IRQHandler                                  out/lib/lpc_board_ciaa_edu_4337/src/cr_startup_lpc43xx.o
UART2_IRQHandler                                  out/lib/lpc_board_ciaa_edu_4337/src/cr_startup_lpc43xx.o
UART3_IRQHandler                                  out/lib/lpc_board_ciaa_edu_4337/src/cr_startup_lpc43xx.o
USB0_IRQHandler                                   out/lib/lpc_board_ciaa_edu_4337/src/cr_startup_lpc43xx.o
USB1_IRQHandler                                   out/lib/lpc_board_ciaa_edu_4337/src/cr_startup_lpc43xx.o
UsageFault_Handler                                out/lib/lpc_board_ciaa_edu_4337/src/cr_startup_lpc43xx.o
WDT_IRQHandler                                    out/lib/lpc_board_ciaa_edu_4337/src/cr_startup_lpc43xx.o
_NVIC_SetPriorityGrouping                         out/lib/lpc_board_ciaa_edu_4337/src/cmsis_heper.o
_SysTick_Config                                   out/lib/lpc_board_ciaa_edu_4337/src/cmsis_heper.o
__aeabi_idiv0                                     /home/piro2/ciaa-ide/gcc-arm-none-eabi-4_9-2015q1/bin/../lib/gcc/arm-none-eabi/4.9.3/armv7e-m/fpu/libgcc.a(_dvmd_tls.o)
__aeabi_ldiv0                                     /home/piro2/ciaa-ide/gcc-arm-none-eabi-4_9-2015q1/bin/../lib/gcc/arm-none-eabi/4.9.3/armv7e-m/fpu/libgcc.a(_dvmd_tls.o)
                                                  /home/piro2/ciaa-ide/gcc-arm-none-eabi-4_9-2015q1/bin/../lib/gcc/arm-none-eabi/4.9.3/armv7e-m/fpu/libgcc.a(_aeabi_uldivmod.o)
__aeabi_uldivmod                                  /home/piro2/ciaa-ide/gcc-arm-none-eabi-4_9-2015q1/bin/../lib/gcc/arm-none-eabi/4.9.3/armv7e-m/fpu/libgcc.a(_aeabi_uldivmod.o)
                                                  out/lib/lpc_chip_43xx/src/i2s_18xx_43xx.o
                                                  out/lib/lpc_chip_43xx/src/uart_18xx_43xx.o
__bss_section_table_end                           out/lib/lpc_board_ciaa_edu_4337/src/cr_startup_lpc43xx.o
__data_section_table                              out/lib/lpc_board_ciaa_edu_4337/src/cr_startup_lpc43xx.o
__data_section_table_end                          out/lib/lpc_board_ciaa_edu_4337/src/cr_startup_lpc43xx.o
__divdi3                                          /home/piro2/ciaa-ide/gcc-arm-none-eabi-4_9-2015q1/bin/../lib/gcc/arm-none-eabi/4.9.3/armv7e-m/fpu/libgcc.a(_divdi3.o)
                                                  /home/piro2/ciaa-ide/gcc-arm-none-eabi-4_9-2015q1/bin/../lib/gcc/arm-none-eabi/4.9.3/armv7e-m/fpu/libgcc.a(bpabi.o)
__gnu_ldivmod_helper                              /home/piro2/ciaa-ide/gcc-arm-none-eabi-4_9-2015q1/bin/../lib/gcc/arm-none-eabi/4.9.3/armv7e-m/fpu/libgcc.a(bpabi.o)
__gnu_uldivmod_helper                             /home/piro2/ciaa-ide/gcc-arm-none-eabi-4_9-2015q1/bin/../lib/gcc/arm-none-eabi/4.9.3/armv7e-m/fpu/libgcc.a(bpabi.o)
                                                  /home/piro2/ciaa-ide/gcc-arm-none-eabi-4_9-2015q1/bin/../lib/gcc/arm-none-eabi/4.9.3/armv7e-m/fpu/libgcc.a(_aeabi_uldivmod.o)
__udivdi3                                         /home/piro2/ciaa-ide/gcc-arm-none-eabi-4_9-2015q1/bin/../lib/gcc/arm-none-eabi/4.9.3/armv7e-m/fpu/libgcc.a(_udivdi3.o)
                                                  /home/piro2/ciaa-ide/gcc-arm-none-eabi-4_9-2015q1/bin/../lib/gcc/arm-none-eabi/4.9.3/armv7e-m/fpu/libgcc.a(bpabi.o)
_close_r                                          out/lib/lpc_board_ciaa_edu_4337/src/system.o
_execve_r                                         out/lib/lpc_board_ciaa_edu_4337/src/system.o
_exit                                             out/lib/lpc_board_ciaa_edu_4337/src/system.o
_fcntl_r                                          out/lib/lpc_board_ciaa_edu_4337/src/system.o
_fork_r                                           out/lib/lpc_board_ciaa_edu_4337/src/system.o
_fstat_r                                          out/lib/lpc_board_ciaa_edu_4337/src/system.o
_getpid_r                                         out/lib/lpc_board_ciaa_edu_4337/src/system.o
_gettimeofday_r                                   out/lib/lpc_board_ciaa_edu_4337/src/system.o
_isatty_r                                         out/lib/lpc_board_ciaa_edu_4337/src/system.o
_kill_r                                           out/lib/lpc_board_ciaa_edu_4337/src/system.o
_link_r                                           out/lib/lpc_board_ciaa_edu_4337/src/system.o
_lseek_r                                          out/lib/lpc_board_ciaa_edu_4337/src/system.o
_mkdir_r                                          out/lib/lpc_board_ciaa_edu_4337/src/system.o
_open_r                                           out/lib/lpc_board_ciaa_edu_4337/src/system.o
_pvHeapStart                                      out/lib/lpc_board_ciaa_edu_4337/src/system.o
_read_r                                           out/lib/lpc_board_ciaa_edu_4337/src/system.o
_rename_r                                         out/lib/lpc_board_ciaa_edu_4337/src/system.o
_sbrk_r                                           out/lib/lpc_board_ciaa_edu_4337/src/system.o
_stat_r                                           out/lib/lpc_board_ciaa_edu_4337/src/system.o
_times_r                                          out/lib/lpc_board_ciaa_edu_4337/src/system.o
_unlink_r                                         out/lib/lpc_board_ciaa_edu_4337/src/system.o
_vStackTop                                        out/lib/lpc_board_ciaa_edu_4337/src/cr_startup_lpc43xx.o
_wait_r                                           out/lib/lpc_board_ciaa_edu_4337/src/system.o
_write_r                                          out/lib/lpc_board_ciaa_edu_4337/src/system.o
asmSum                                            out/app/src/suma.o
                                                  out/app/src/main.o
bss_init                                          out/lib/lpc_board_ciaa_edu_4337/src/cr_startup_lpc43xx.o
ciclos_asm                                        out/app/src/main.o
ciclos_c                                          out/app/src/main.o
data_init                                         out/lib/lpc_board_ciaa_edu_4337/src/cr_startup_lpc43xx.o
downsampleMASM                                    out/app/src/downsampleMASM.o