Archive member included because of file (symbol)

/home/piro2/ciaa-ide/gcc-arm-none-eabi-4_9-2015q1/bin/../lib/gcc/arm-none-eabi/4.9.3/armv7e-m/fpu/libgcc.a(_aeabi_uldivmod.o)
                              out/lib/lpc_chip_43xx/src/uart_18xx_43xx.o (__aeabi_uldivmod)
/home/piro2/ciaa-ide/gcc-arm-none-eabi-4_9-2015q1/bin/../lib/gcc/arm-none-eabi/4.9.3/armv7e-m/fpu/libgcc.a(bpabi.o)
                              /home/piro2/ciaa-ide/gcc-arm-none-eabi-4_9-2015q1/bin/../lib/gcc/arm-none-eabi/4.9.3/armv7e-m/fpu/libgcc.a(_aeabi_uldivmod.o) (__gnu_uldivmod_helper)
/home/piro2/ciaa-ide/gcc-arm-none-eabi-4_9-2015q1/bin/../lib/gcc/arm-none-eabi/4.9.3/armv7e-m/fpu/libgcc.a(_dvmd_tls.o)
                              /home/piro2/ciaa-ide/gcc-arm-none-eabi-4_9-2015q1/bin/../lib/gcc/arm-none-eabi/4.9.3/armv7e-m/fpu/libgcc.a(_aeabi_uldivmod.o) (__aeabi_ldiv0)
/home/piro2/ciaa-ide/gcc-arm-none-eabi-4_9-2015q1/bin/../lib/gcc/arm-none-eabi/4.9.3/armv7e-m/fpu/libgcc.a(_divdi3.o)
                              /home/piro2/ciaa-ide/gcc-arm-none-eabi-4_9-2015q1/bin/../lib/gcc/arm-none-eabi/4.9.3/armv7e-m/fpu/libgcc.a(bpabi.o) (__divdi3)
/home/piro2/ciaa-ide/gcc-arm-none-eabi-4_9-2015q1/bin/../lib/gcc/arm-none-eabi/4.9.3/armv7e-m/fpu/libgcc.a(_udivdi3.o)
                              /home/piro2/ciaa-ide/gcc-arm-none-eabi-4_9-2015q1/bin/../lib/gcc/arm-none-eabi/4.9.3/armv7e-m/fpu/libgcc.a(bpabi.o) (__udivdi3)
/home/piro2/ciaa-ide/gcc-arm-none-eabi-4_9-2015q1/bin/../lib/gcc/arm-none-eabi/4.9.3/../../../../arm-none-eabi/lib/armv7e-m/fpu/libc_nano.a(lib_a-memcpy.o)
                              out/lib/lpc_chip_43xx/src/ring_buffer.o (memcpy)
/home/piro2/ciaa-ide/gcc-arm-none-eabi-4_9-2015q1/bin/../lib/gcc/arm-none-eabi/4.9.3/../../../../arm-none-eabi/lib/armv7e-m/fpu/libc_nano.a(lib_a-memset.o)
                              out/lib/lpc_chip_43xx/src/clock_18xx_43xx.o (memset)

Allocating common symbols
Common symbol       size              file

vec                 0xfa0             out/app/src/main.o
SystemCoreClock     0x4               out/lib/lpc_chip_43xx/src/chip_18xx_43xx.o

Discarded input sections

 .group         0x00000000        0x8 out/app/src/filtroVentana10C.o
 .group         0x00000000        0x8 out/app/src/filtroVentana10C.o
 .group         0x00000000        0x8 out/app/src/filtroVentana10C.o
 .group         0x00000000        0x8 out/app/src/filtroVentana10C.o
 .group         0x00000000        0x8 out/app/src/filtroVentana10C.o
 .text          0x00000000        0x0 out/app/src/filtroVentana10C.o
 .data          0x00000000        0x0 out/app/src/filtroVentana10C.o
 .bss           0x00000000        0x0 out/app/src/filtroVentana10C.o
 .text.filtroVentana10C
                0x00000000       0x80 out/app/src/filtroVentana10C.o
 .debug_info    0x00000000      0x116 out/app/src/filtroVentana10C.o
 .debug_abbrev  0x00000000       0x8a out/app/src/filtroVentana10C.o
 .debug_aranges
                0x00000000       0x20 out/app/src/filtroVentana10C.o
 .debug_ranges  0x00000000       0x10 out/app/src/filtroVentana10C.o
 .debug_macro   0x00000000       0x51 out/app/src/filtroVentana10C.o
 .debug_macro   0x00000000      0x87a out/app/src/filtroVentana10C.o
 .debug_macro   0x00000000       0x22 out/app/src/filtroVentana10C.o
 .debug_macro   0x00000000       0x44 out/app/src/filtroVentana10C.o
 .debug_macro   0x00000000       0x1c out/app/src/filtroVentana10C.o
 .debug_macro   0x00000000      0x1f7 out/app/src/filtroVentana10C.o
 .debug_line    0x00000000      0x1fc out/app/src/filtroVentana10C.o
 .debug_str     0x00000000     0x303b out/app/src/filtroVentana10C.o
 .comment       0x00000000       0x71 out/app/src/filtroVentana10C.o
 .debug_frame   0x00000000       0x38 out/app/src/filtroVentana10C.o
 .ARM.attributes
                0x00000000       0x39 out/app/src/filtroVentana10C.o
 .group         0x00000000        0x8 out/app/src/invertirC.o
 .group         0x00000000        0x8 out/app/src/invertirC.o
 .group         0x00000000        0x8 out/app/src/invertirC.o
 .group         0x00000000        0x8 out/app/src/invertirC.o
 .group         0x00000000        0x8 out/app/src/invertirC.o
 .text          0x00000000        0x0 out/app/src/invertirC.o
 .data          0x00000000        0x0 out/app/src/invertirC.o
 .bss           0x00000000        0x0 out/app/src/invertirC.o
 .text.invertirC
                0x00000000       0x68 out/app/src/invertirC.o
 .debug_info    0x00000000       0xfa out/app/src/invertirC.o
 .debug_abbrev  0x00000000       0x8a out/app/src/invertirC.o
 .debug_aranges
                0x00000000       0x20 out/app/src/invertirC.o
 .debug_ranges  0x00000000       0x10 out/app/src/invertirC.o
 .debug_macro   0x00000000       0x55 out/app/src/invertirC.o
 .debug_macro   0x00000000      0x87a out/app/src/invertirC.o
 .debug_macro   0x00000000       0x22 out/app/src/invertirC.o
 .debug_macro   0x00000000       0x44 out/app/src/invertirC.o
 .debug_macro   0x00000000       0x1c out/app/src/invertirC.o
[...]
Memory Configuration

Name             Origin             Length             Attributes
MFlashA512       0x1a000000         0x00080000         xr
MFlashB512       0x1b000000         0x00080000         xr
RamLoc32         0x10000000         0x00008000         xrw
RamLoc40         0x10080000         0x0000a000         xrw
RamAHB32         0x20000000         0x00008000         xrw
RamAHB16         0x20008000         0x00004000         xrw
RamAHB_ETB16     0x2000c000         0x00004000         xrw
*default*        0x00000000         0xffffffff

Linker script and memory map

LOAD out/app/src/filtroVentana10C.o
LOAD out/app/src/invertirC.o
LOAD out/app/src/main.o
LOAD out/app/src/pack32to16C.o
LOAD out/app/src/zerosC.o
LOAD out/app/src/productoEscalar32C.o
LOAD out/app/src/maxC.o
LOAD out/app/src/downsampleMC.o
LOAD out/app/src/productoEscalar12C.o
LOAD out/app/src/ecoC.o
LOAD out/app/src/productoEscalar16C.o
LOAD out/lib/lpc_chip_43xx/src/hsadc_18xx_43xx.o
LOAD out/lib/lpc_chip_43xx/src/emc_18xx_43xx.o
LOAD out/lib/lpc_chip_43xx/src/sct_18xx_43xx.o
LOAD out/lib/lpc_chip_43xx/src/ritimer_18xx_43xx.o
LOAD out/lib/lpc_chip_43xx/src/i2c_18xx_43xx.o
LOAD out/lib/lpc_chip_43xx/src/lcd_18xx_43xx.o
LOAD out/lib/lpc_chip_43xx/src/uart_18xx_43xx.o
LOAD out/lib/lpc_chip_43xx/src/adc_18xx_43xx.o
LOAD out/lib/lpc_chip_43xx/src/ring_buffer.o
LOAD out/lib/lpc_chip_43xx/src/sysinit_18xx_43xx.o
LOAD out/lib/lpc_chip_43xx/src/iap_18xx_43xx.o
LOAD out/lib/lpc_chip_43xx/src/otp_18xx_43xx.o
LOAD out/lib/lpc_chip_43xx/src/spi_18xx_43xx.o
LOAD out/lib/lpc_chip_43xx/src/gpio_18xx_43xx.o
LOAD out/lib/lpc_chip_43xx/src/gpdma_18xx_43xx.o
LOAD out/lib/lpc_chip_43xx/src/enet_18xx_43xx.o
LOAD out/lib/lpc_chip_43xx/src/ssp_18xx_43xx.o
LOAD out/lib/lpc_chip_43xx/src/i2s_18xx_43xx.o
LOAD out/lib/lpc_chip_43xx/src/ccan_18xx_43xx.o
LOAD out/lib/lpc_chip_43xx/src/wwdt_18xx_43xx.o
LOAD out/lib/lpc_chip_43xx/src/gpiogroup_18xx_43xx.o
LOAD out/lib/lpc_chip_43xx/src/stopwatch_18xx_43xx.o
LOAD out/lib/lpc_chip_43xx/src/chip_18xx_43xx.o
LOAD out/lib/lpc_chip_43xx/src/pmc_18xx_43xx.o
LOAD out/lib/lpc_chip_43xx/src/clock_18xx_43xx.o
LOAD out/lib/lpc_chip_43xx/src/aes_18xx_43xx.o
LOAD out/lib/lpc_chip_43xx/src/atimer_18xx_43xx.o
LOAD out/lib/lpc_chip_43xx/src/sdif_18xx_43xx.o
LOAD out/lib/lpc_chip_43xx/src/i2cm_18xx_43xx.o
LOAD out/lib/lpc_chip_43xx/src/sdio_18xx_43xx.o
LOAD out/lib/lpc_chip_43xx/src/timer_18xx_43xx.o
LOAD out/lib/lpc_chip_43xx/src/fpu_init.o
LOAD out/lib/lpc_chip_43xx/src/pinint_18xx_43xx.o
LOAD out/lib/lpc_chip_43xx/src/dac_18xx_43xx.o
LOAD out/lib/lpc_chip_43xx/src/eeprom_18xx_43xx.o
LOAD out/lib/lpc_chip_43xx/src/rtc_18xx_43xx.o
LOAD out/lib/lpc_chip_43xx/src/sdmmc_18xx_43xx.o
LOAD out/lib/lpc_chip_43xx/src/evrt_18xx_43xx.o
LOAD out/lib/lpc_chip_43xx/src/sct_pwm_18xx_43xx.o
LOAD out/lib/lpc_board_ciaa_edu_4337/src/cmsis_heper.o
LOAD out/lib/lpc_board_ciaa_edu_4337/src/cr_startup_lpc43xx.o
LOAD out/lib/lpc_board_ciaa_edu_4337/src/board_sysinit.o
LOAD out/lib/lpc_board_ciaa_edu_4337/src/crp.o
LOAD out/lib/lpc_board_ciaa_edu_4337/src/board.o
LOAD out/lib/lpc_board_ciaa_edu_4337/src/sysinit.o
LOAD out/lib/lpc_board_ciaa_edu_4337/src/system.o
LOAD out/app/src/ecoASM.o
LOAD out/app/src/productoEscalar12ASM.o
LOAD out/app/src/invertirASM.o
LOAD out/app/src/productoEscalar16ASM.o
LOAD out/app/src/suma.o
LOAD out/app/src/filtroVentana10ASM.o
LOAD out/app/src/maxASM.o
LOAD out/app/src/pack32to16ASM.o
LOAD out/app/src/productoEscalar32ASM.o
LOAD out/app/src/zerosAsm.o
LOAD out/app/src/downsampleMASM.o
START GROUP
LOAD /home/piro2/ciaa-ide/gcc-arm-none-eabi-4_9-2015q1/bin/../lib/gcc/arm-none-eabi/4.9.3/armv7e-m/fpu/libgcc.a
LOAD /home/piro2/ciaa-ide/gcc-arm-none-eabi-4_9-2015q1/bin/../lib/gcc/arm-none-eabi/4.9.3/../../../../arm-none-eabi/lib/armv7e-m/fpu/libc_nano.a
END GROUP
START GROUP
LOAD /home/piro2/ciaa-ide/gcc-arm-none-eabi-4_9-2015q1/bin/../lib/gcc/arm-none-eabi/4.9.3/armv7e-m/fpu/libgcc.a
LOAD /home/piro2/ciaa-ide/gcc-arm-none-eabi-4_9-2015q1/bin/../lib/gcc/arm-none-eabi/4.9.3/../../../../arm-none-eabi/lib/armv7e-m/fpu/libc_nano.a
END GROUP
START GROUP
LOAD /home/piro2/ciaa-ide/gcc-arm-none-eabi-4_9-2015q1/bin/../lib/gcc/arm-none-eabi/4.9.3/armv7e-m/fpu/libgcc.a
LOAD /home/piro2/ciaa-ide/gcc-arm-none-eabi-4_9-2015q1/bin/../lib/gcc/arm-none-eabi/4.9.3/../../../../arm-none-eabi/lib/armv7e-m/fpu/libc.a
LOAD /home/piro2/ciaa-ide/gcc-arm-none-eabi-4_9-2015q1/bin/../lib/gcc/arm-none-eabi/4.9.3/../../../../arm-none-eabi/lib/armv7e-m/fpu/libm.a
END GROUP
                0x1a080000                __top_MFlashA512 = 0x1a080000
                0x1b080000                __top_MFlashB512 = 0x1b080000
                0x10008000                __top_RamLoc32 = 0x10008000
                0x1008a000                __top_RamLoc40 = 0x1008a000
                0x20008000                __top_RamAHB32 = 0x20008000
                0x2000c000                __top_RamAHB16 = 0x2000c000
                0x20010000                __top_RamAHB_ETB16 = 0x20010000

.text_Flash2    0x1b000000        0x0
 FILL mask 0xff
 *(.text_Flash2*)
 *(.text_MFlashB512*)
 *(.text.$Flash2*)
 *(.text.$MFlashB512*)
 *(.rodata.$Flash2*)
 *(.rodata.$MFlashB512*)

.text           0x1a000000     0x1e60
 FILL mask 0xff
                0x1a000000                __vectors_start__ = ABSOLUTE (.)
 *(.isr_vector)
 .isr_vector    0x1a000000      0x114 out/lib/lpc_board_ciaa_edu_4337/src/cr_startup_lpc43xx.o
                0x1a000000                g_pfnVectors
                0x1a000114                . = ALIGN (0x4)
                0x1a000114                __section_table_start = .
                0x1a000114                __data_section_table = .
                0x1a000114        0x4 LONG 0x1a001e68 LOADADDR (.data)
                0x1a000118        0x4 LONG 0x10000000 ADDR (.data)
                0x1a00011c        0x4 LONG 0x0 SIZEOF (.data)
                0x1a000120        0x4 LONG 0x1a001e68 LOADADDR (.data_RAM2)
                0x1a000124        0x4 LONG 0x10080000 ADDR (.data_RAM2)
                0x1a000128        0x4 LONG 0x0 SIZEOF (.data_RAM2)
                0x1a00012c        0x4 LONG 0x1a001e68 LOADADDR (.data_RAM3)
                0x1a000130        0x4 LONG 0x20000000 ADDR (.data_RAM3)
                0x1a000134        0x4 LONG 0x0 SIZEOF (.data_RAM3)
                0x1a000138        0x4 LONG 0x1a001e68 LOADADDR (.data_RAM4)
                0x1a00013c        0x4 LONG 0x20008000 ADDR (.data_RAM4)
                0x1a000140        0x4 LONG 0x0 SIZEOF (.data_RAM4)
                0x1a000144        0x4 LONG 0x1a001e68 LOADADDR (.data_RAM5)
                0x1a000148        0x4 LONG 0x2000c000 ADDR (.data_RAM5)
                0x1a00014c        0x4 LONG 0x0 SIZEOF (.data_RAM5)
                0x1a000150                __data_section_table_end = .
                0x1a000150                __bss_section_table = .
                0x1a000150        0x4 LONG 0x10000000 ADDR (.bss)
                0x1a000154        0x4 LONG 0xc SIZEOF (.bss)
                0x1a000158        0x4 LONG 0x10080000 ADDR (.bss_RAM2)
                0x1a00015c        0x4 LONG 0x0 SIZEOF (.bss_RAM2)
                0x1a000160        0x4 LONG 0x20000000 ADDR (.bss_RAM3)
                0x1a000164        0x4 LONG 0x0 SIZEOF (.bss_RAM3)
                0x1a000168        0x4 LONG 0x20008000 ADDR (.bss_RAM4)
                0x1a00016c        0x4 LONG 0x0 SIZEOF (.bss_RAM4)
                0x1a000170        0x4 LONG 0x2000c000 ADDR (.bss_RAM5)
                0x1a000174        0x4 LONG 0x0 SIZEOF (.bss_RAM5)
                0x1a000178                __bss_section_table_end = .
                0x1a000178                __section_table_end = .
 *(.after_vectors*)
 .after_vectors
                0x1a000178       0xcc out/lib/lpc_board_ciaa_edu_4337/src/cr_startup_lpc43xx.o
                0x1a000178                data_init
                0x1a0001bc                bss_init
                0x1a0001f4                NMI_Handler
                0x1a0001fc                HardFault_Handler
                0x1a000204                MemManage_Handler
                0x1a00020c                BusFault_Handler
                0x1a000214                UsageFault_Handler
                0x1a00021c                SVC_Handler
                0x1a000224                DebugMon_Handler
                0x1a00022c                PendSV_Handler
                0x1a000234                SysTick_Handler
                0x1a00023c                TIMER2_IRQHandler
                0x1a00023c                RIT_IRQHandler
                0x1a00023c                ADCHS_IRQHandler
                0x1a00023c                FLASH_EEPROM_IRQHandler
                0x1a00023c                I2C0_IRQHandler
                0x1a00023c                SDIO_IRQHandler
                0x1a00023c                ATIMER_IRQHandler
                0x1a00023c                I2C1_IRQHandler
                0x1a00023c                UART1_IRQHandler
                0x1a00023c                GPIO5_IRQHandler
                0x1a00023c                CAN1_IRQHandler
                0x1a00023c                USB1_IRQHandler
                0x1a00023c                I2S0_IRQHandler
                0x1a00023c                TIMER3_IRQHandler
                0x1a00023c                UART0_IRQHandler
                0x1a00023c                SGPIO_IRQHandler
                0x1a00023c                ADC0_IRQHandler
                0x1a00023c                GPIO6_IRQHandler
                0x1a00023c                IntDefaultHandler
                0x1a00023c                GPIO1_IRQHandler
                0x1a00023c                SSP0_IRQHandler
                0x1a00023c                ADC1_IRQHandler
                0x1a00023c                RTC_IRQHandler
                0x1a00023c                TIMER0_IRQHandler
                0x1a00023c                SPI_IRQHandler
                0x1a00023c                LCD_IRQHandler
                0x1a00023c                TIMER1_IRQHandler
                0x1a00023c                UART2_IRQHandler
                0x1a00023c                GPIO2_IRQHandler
                0x1a00023c                I2S1_IRQHandler
                0x1a00023c                SSP1_IRQHandler
                0x1a00023c                USB0_IRQHandler
                0x1a00023c                GPIO3_IRQHandler
                0x1a00023c                SCT_IRQHandler
                0x1a00023c                WDT_IRQHandler
                0x1a00023c                GPIO7_IRQHandler
                0x1a00023c                SPIFI_IRQHandler
                0x1a00023c                QEI_IRQHandler
                0x1a00023c                ETH_IRQHandler
                0x1a00023c                CAN0_IRQHandler
                0x1a00023c                GINT0_IRQHandler
                0x1a00023c                DAC_IRQHandler
                0x1a00023c                M0SUB_IRQHandler
                0x1a00023c                GPIO0_IRQHandler
                0x1a00023c                DMA_IRQHandler
                0x1a00023c                EVRT_IRQHandler
                0x1a00023c                UART3_IRQHandler
                0x1a00023c                MCPWM_IRQHandler
                0x1a00023c                M0APP_IRQHandler
                0x1a00023c                GINT1_IRQHandler
                0x1a00023c                GPIO4_IRQHandler
                0x000002fc                . = 0x2fc
 *fill*         0x1a000244       0xb8 ff
                0x1a0002fc                PROVIDE (__CRP_WORD_START__, .)
 *(.crp)
 .crp           0x1a0002fc        0x4 out/lib/lpc_board_ciaa_edu_4337/src/crp.o
                0x1a0002fc                CRP_WORD
                0x1a000300                PROVIDE (__CRP_WORD_END__, .)
                0x00000001                ASSERT (! ((__CRP_WORD_START__ == __CRP_WORD_END__)), Linker CRP Enabled, but no CRP_WORD provided within application)
 *(.text*)
 .text.initHardware
                0x1a000300       0x10 out/app/src/main.o
 .text.main     0x1a000310       0x28 out/app/src/main.o
                0x1a000310                main
 .text.Ejercicio10
                0x1a000338       0x90 out/app/src/main.o
 .text.ecoC     0x1a0003c8       0x6c out/app/src/ecoC.o
                0x1a0003c8                ecoC
 .text.Chip_UART_TXDisable
                0x1a000434       0x18 out/lib/lpc_chip_43xx/src/uart_18xx_43xx.o
 .text.Chip_UART_SetupFIFOS
                0x1a00044c       0x1c out/lib/lpc_chip_43xx/src/uart_18xx_43xx.o
 .text.Chip_UART_ConfigData
                0x1a000468       0x1c out/lib/lpc_chip_43xx/src/uart_18xx_43xx.o
 .text.Chip_UART_EnableDivisorAccess
                0x1a000484       0x20 out/lib/lpc_chip_43xx/src/uart_18xx_43xx.o
 .text.Chip_UART_DisableDivisorAccess
                0x1a0004a4       0x20 out/lib/lpc_chip_43xx/src/uart_18xx_43xx.o
 .text.Chip_UART_SetDivisorLatches
                0x1a0004c4       0x28 out/lib/lpc_chip_43xx/src/uart_18xx_43xx.o
 .text.Chip_UART_GetIndex
                0x1a0004ec       0x60 out/lib/lpc_chip_43xx/src/uart_18xx_43xx.o
 .text.Chip_UART_Init
                0x1a00054c       0x84 out/lib/lpc_chip_43xx/src/uart_18xx_43xx.o
                0x1a00054c                Chip_UART_Init
 .text.Chip_UART_SetBaudFDR
                0x1a0005d0      0x174 out/lib/lpc_chip_43xx/src/uart_18xx_43xx.o
                0x1a0005d0                Chip_UART_SetBaudFDR
 .text.Chip_Clock_DisableMainPLL
                0x1a000744       0x1c out/lib/lpc_chip_43xx/src/sysinit_18xx_43xx.o
 .text.Chip_Clock_SetupMainPLL
                0x1a000760       0x40 out/lib/lpc_chip_43xx/src/sysinit_18xx_43xx.o
 .text.Chip_Clock_MainPLLLocked
                0x1a0007a0       0x24 out/lib/lpc_chip_43xx/src/sysinit_18xx_43xx.o
 .text.Chip_SetupCoreClock
                0x1a0007c4      0x15c out/lib/lpc_chip_43xx/src/sysinit_18xx_43xx.o
                0x1a0007c4                Chip_SetupCoreClock
 .text.Chip_GPIO_Init
                0x1a000920       0x14 out/lib/lpc_chip_43xx/src/gpio_18xx_43xx.o
                0x1a000920                Chip_GPIO_Init
 .text.SystemCoreClockUpdate
                0x1a000934       0x18 out/lib/lpc_chip_43xx/src/chip_18xx_43xx.o
                0x1a000934                SystemCoreClockUpdate
 .text.ABS      0x1a00094c       0x24 out/lib/lpc_chip_43xx/src/clock_18xx_43xx.o
 .text.pll_calc_divs
                0x1a000970      0x11c out/lib/lpc_chip_43xx/src/clock_18xx_43xx.o
 .text.pll_get_frac
                0x1a000a8c      0x178 out/lib/lpc_chip_43xx/src/clock_18xx_43xx.o
 .text.Chip_Clock_GetDivRate
                0x1a000c04       0x40 out/lib/lpc_chip_43xx/src/clock_18xx_43xx.o
 .text.Chip_Clock_FindBaseClock
                0x1a000c44       0x88 out/lib/lpc_chip_43xx/src/clock_18xx_43xx.o
 .text.Chip_Clock_EnableCrystal
                0x1a000ccc       0x6c out/lib/lpc_chip_43xx/src/clock_18xx_43xx.o
                0x1a000ccc                Chip_Clock_EnableCrystal
 .text.Chip_Clock_CalcMainPLLValue
                0x1a000d38       0xd8 out/lib/lpc_chip_43xx/src/clock_18xx_43xx.o
                0x1a000d38                Chip_Clock_CalcMainPLLValue
 .text.Chip_Clock_GetMainPLLHz
                0x1a000e10       0xc0 out/lib/lpc_chip_43xx/src/clock_18xx_43xx.o
                0x1a000e10                Chip_Clock_GetMainPLLHz
 .text.Chip_Clock_GetDividerSource
                0x1a000ed0       0x40 out/lib/lpc_chip_43xx/src/clock_18xx_43xx.o
                0x1a000ed0                Chip_Clock_GetDividerSource
 .text.Chip_Clock_GetDividerDivisor
                0x1a000f10       0x38 out/lib/lpc_chip_43xx/src/clock_18xx_43xx.o
                0x1a000f10                Chip_Clock_GetDividerDivisor
 .text.Chip_Clock_GetClockInputHz
                0x1a000f48      0x140 out/lib/lpc_chip_43xx/src/clock_18xx_43xx.o
                0x1a000f48                Chip_Clock_GetClockInputHz
 .text.Chip_Clock_GetBaseClocktHz
                0x1a001088       0x24 out/lib/lpc_chip_43xx/src/clock_18xx_43xx.o
                0x1a001088                Chip_Clock_GetBaseClocktHz
 .text.Chip_Clock_SetBaseClock
                0x1a0010ac       0x9c out/lib/lpc_chip_43xx/src/clock_18xx_43xx.o
                0x1a0010ac                Chip_Clock_SetBaseClock
 .text.Chip_Clock_GetBaseClock
                0x1a001148       0x4c out/lib/lpc_chip_43xx/src/clock_18xx_43xx.o
                0x1a001148                Chip_Clock_GetBaseClock
 .text.Chip_Clock_EnableOpts
                0x1a001194       0x7c out/lib/lpc_chip_43xx/src/clock_18xx_43xx.o
                0x1a001194                Chip_Clock_EnableOpts
 .text.Chip_Clock_GetRate
                0x1a001210       0x88 out/lib/lpc_chip_43xx/src/clock_18xx_43xx.o
                0x1a001210                Chip_Clock_GetRate
 .text.fpuInit  0x1a001298       0x74 out/lib/lpc_chip_43xx/src/fpu_init.o
                0x1a001298                fpuInit
 .text.ResetISR
                0x1a00130c       0xc4 out/lib/lpc_board_ciaa_edu_4337/src/cr_startup_lpc43xx.o
                0x1a00130c                ResetISR
 .text.Chip_SCU_PinMuxSet
                0x1a0013d0       0x30 out/lib/lpc_board_ciaa_edu_4337/src/board_sysinit.o
 .text.Chip_SCU_SetPinMuxing
                0x1a001400       0x48 out/lib/lpc_board_ciaa_edu_4337/src/board_sysinit.o
 .text.Chip_CREG_SetFlashAcceleration
                0x1a001448       0x54 out/lib/lpc_board_ciaa_edu_4337/src/board_sysinit.o
 .text.Board_SetupMuxing
                0x1a00149c       0x14 out/lib/lpc_board_ciaa_edu_4337/src/board_sysinit.o
                0x1a00149c                Board_SetupMuxing
 .text.Board_SetupClocking
                0x1a0014b0       0x80 out/lib/lpc_board_ciaa_edu_4337/src/board_sysinit.o
                0x1a0014b0                Board_SetupClocking
 .text.Board_SystemInit
                0x1a001530       0x10 out/lib/lpc_board_ciaa_edu_4337/src/board_sysinit.o
                0x1a001530                Board_SystemInit
 .text.Chip_SCU_PinMuxSet
                0x1a001540       0x30 out/lib/lpc_board_ciaa_edu_4337/src/board.o
 .text.Chip_ENET_RMIIEnable
                0x1a001570       0x28 out/lib/lpc_board_ciaa_edu_4337/src/board.o
 .text.Chip_GPIO_SetPinState
                0x1a001598       0x38 out/lib/lpc_board_ciaa_edu_4337/src/board.o
 .text.Chip_GPIO_SetPinDIROutput
                0x1a0015d0       0x3c out/lib/lpc_board_ciaa_edu_4337/src/board.o
 .text.Chip_UART_TXEnable
                0x1a00160c       0x18 out/lib/lpc_board_ciaa_edu_4337/src/board.o
 .text.Chip_UART_ConfigData
                0x1a001624       0x1c out/lib/lpc_board_ciaa_edu_4337/src/board.o
 .text.Board_UART_Init
                0x1a001640       0x24 out/lib/lpc_board_ciaa_edu_4337/src/board.o
                0x1a001640                Board_UART_Init
 .text.Board_Debug_Init
                0x1a001664       0x30 out/lib/lpc_board_ciaa_edu_4337/src/board.o
                0x1a001664                Board_Debug_Init
 .text.Board_LED_Init
                0x1a001694       0x5c out/lib/lpc_board_ciaa_edu_4337/src/board.o
 .text.Board_Init
                0x1a0016f0       0x24 out/lib/lpc_board_ciaa_edu_4337/src/board.o
                0x1a0016f0                Board_Init
 .text.SystemInit
                0x1a001714       0x1c out/lib/lpc_board_ciaa_edu_4337/src/sysinit.o
                0x1a001714                SystemInit
 .text          0x1a001730       0x2c out/app/src/ecoASM.o
                0x1a001730                ecoASM
 .text          0x1a00175c        0x6 out/app/src/suma.o
                0x1a00175c                asmSum
 *fill*         0x1a001762        0x2 
 .text          0x1a001764       0x30 /home/piro2/ciaa-ide/gcc-arm-none-eabi-4_9-2015q1/bin/../lib/gcc/arm-none-eabi/4.9.3/armv7e-m/fpu/libgcc.a(_aeabi_uldivmod.o)
                0x1a001764                __aeabi_uldivmod
 .text          0x1a001794       0x60 /home/piro2/ciaa-ide/gcc-arm-none-eabi-4_9-2015q1/bin/../lib/gcc/arm-none-eabi/4.9.3/armv7e-m/fpu/libgcc.a(bpabi.o)
                0x1a001794                __gnu_ldivmod_helper
                0x1a0017c4                __gnu_uldivmod_helper
 .text          0x1a0017f4        0x4 /home/piro2/ciaa-ide/gcc-arm-none-eabi-4_9-2015q1/bin/../lib/gcc/arm-none-eabi/4.9.3/armv7e-m/fpu/libgcc.a(_dvmd_tls.o)
                0x1a0017f4                __aeabi_ldiv0
                0x1a0017f4                __aeabi_idiv0
 .text          0x1a0017f8      0x29c /home/piro2/ciaa-ide/gcc-arm-none-eabi-4_9-2015q1/bin/../lib/gcc/arm-none-eabi/4.9.3/armv7e-m/fpu/libgcc.a(_divdi3.o)
                0x1a0017f8                __divdi3
 .text          0x1a001a94      0x26c /home/piro2/ciaa-ide/gcc-arm-none-eabi-4_9-2015q1/bin/../lib/gcc/arm-none-eabi/4.9.3/armv7e-m/fpu/libgcc.a(_udivdi3.o)
                0x1a001a94                __udivdi3
 .text.memset   0x1a001d00       0x10 /home/piro2/ciaa-ide/gcc-arm-none-eabi-4_9-2015q1/bin/../lib/gcc/arm-none-eabi/4.9.3/../../../../arm-none-eabi/lib/armv7e-m/fpu/libc_nano.a(lib_a-memset.o)
                0x1a001d00                memset
 *(.rodata .rodata.* .constdata .constdata.*)
 .rodata.UART_PClock
                0x1a001d10        0x8 out/lib/lpc_chip_43xx/src/uart_18xx_43xx.o
 .rodata.UART_BClock
                0x1a001d18        0x8 out/lib/lpc_chip_43xx/src/uart_18xx_43xx.o
 .rodata.InitClkStates
                0x1a001d20       0x48 out/lib/lpc_chip_43xx/src/sysinit_18xx_43xx.o
 .rodata.periph_to_base
                0x1a001d68       0x6c out/lib/lpc_chip_43xx/src/clock_18xx_43xx.o
 .rodata        0x1a001dd4        0xc out/lib/lpc_chip_43xx/src/clock_18xx_43xx.o
 .rodata.InitClkStates
                0x1a001de0        0xc out/lib/lpc_board_ciaa_edu_4337/src/board_sysinit.o
 .rodata.pinmuxing
                0x1a001dec       0x60 out/lib/lpc_board_ciaa_edu_4337/src/board_sysinit.o
 .rodata.ExtRateIn
                0x1a001e4c        0x4 out/lib/lpc_board_ciaa_edu_4337/src/board.o
                0x1a001e4c                ExtRateIn
 .rodata.OscRateIn
                0x1a001e50        0x4 out/lib/lpc_board_ciaa_edu_4337/src/board.o
                0x1a001e50                OscRateIn
 .rodata.gpioLEDBits
                0x1a001e54        0xc out/lib/lpc_board_ciaa_edu_4337/src/board.o
                0x1a001e60                . = ALIGN (0x4)

.glue_7         0x1a001e60        0x0
 .glue_7        0x00000000        0x0 linker stubs

.glue_7t        0x1a001e60        0x0
 .glue_7t       0x00000000        0x0 linker stubs

.vfp11_veneer   0x1a001e60        0x0
 .vfp11_veneer  0x00000000        0x0 linker stubs

.v4_bx          0x1a001e60        0x0
 .v4_bx         0x00000000        0x0 linker stubs

.iplt           0x1a001e60        0x0
 .iplt          0x00000000        0x0 out/app/src/filtroVentana10C.o

.ARM.extab
 *(.ARM.extab* .gnu.linkonce.armextab.*)
                0x1a001e60                __exidx_start = .

.ARM.exidx      0x1a001e60        0x8
 *(.ARM.exidx* .gnu.linkonce.armexidx.*)
 .ARM.exidx     0x1a001e60        0x8 /home/piro2/ciaa-ide/gcc-arm-none-eabi-4_9-2015q1/bin/../lib/gcc/arm-none-eabi/4.9.3/armv7e-m/fpu/libgcc.a(_divdi3.o)
 .ARM.exidx     0x1a001e68        0x0 /home/piro2/ciaa-ide/gcc-arm-none-eabi-4_9-2015q1/bin/../lib/gcc/arm-none-eabi/4.9.3/armv7e-m/fpu/libgcc.a(_udivdi3.o)
                                  0x8 (size before relaxing)
                0x1a001e68                __exidx_end = .
                0x1a001e68                _etext = .

.rel.dyn        0x1a001e68        0x0
 .rel.iplt      0x00000000        0x0 out/app/src/filtroVentana10C.o

.data_RAM2      0x10080000        0x0 load address 0x1a001e68
 FILL mask 0xff
 *(.ramfunc.$RAM2)
 *(.ramfunc.$RamLoc40)
 *(.data.$RAM2*)
 *(.data.$RamLoc40*)
                0x10080000                . = ALIGN (0x4)

.data_RAM3      0x20000000        0x0 load address 0x1a001e68
 FILL mask 0xff
 *(.ramfunc.$RAM3)
 *(.ramfunc.$RamAHB32)
 *(.data.$RAM3*)
 *(.data.$RamAHB32*)
                0x20000000                . = ALIGN (0x4)

.data_RAM4      0x20008000        0x0 load address 0x1a001e68
 FILL mask 0xff
 *(.ramfunc.$RAM4)
 *(.ramfunc.$RamAHB16)
 *(.data.$RAM4*)
 *(.data.$RamAHB16*)
                0x20008000                . = ALIGN (0x4)

.data_RAM5      0x2000c000        0x0 load address 0x1a001e68
 FILL mask 0xff
 *(.ramfunc.$RAM5)
 *(.ramfunc.$RamAHB_ETB16)
 *(.data.$RAM5*)
 *(.data.$RamAHB_ETB16*)
                0x2000c000                . = ALIGN (0x4)

.uninit_RESERVED
                0x10000000        0x0
 *(.bss.$RESERVED*)
                0x10000000                . = ALIGN (0x4)
                0x10000000                _end_uninit_RESERVED = .

.data           0x10000000        0x0 load address 0x1a001e68
 FILL mask 0xff
                0x10000000                _data = .
 *(vtable)
 *(.ramfunc*)
 *(.data*)
                0x10000000                . = ALIGN (0x4)
                0x10000000                _edata = .

.igot.plt       0x10000000        0x0 load address 0x1a001e68
 .igot.plt      0x00000000        0x0 out/app/src/filtroVentana10C.o

.bss_RAM2       0x10080000        0x0
 *(.bss.$RAM2*)
 *(.bss.$RamLoc40*)
                0x10080000                . = ALIGN (0x4)

.bss_RAM3       0x20000000        0x0
 *(.bss.$RAM3*)
 *(.bss.$RamAHB32*)
                0x20000000                . = ALIGN (0x4)

.bss_RAM4       0x20008000        0x0
 *(.bss.$RAM4*)
 *(.bss.$RamAHB16*)
                0x20008000                . = ALIGN (0x4)

.bss_RAM5       0x2000c000        0x0
 *(.bss.$RAM5*)
 *(.bss.$RamAHB_ETB16*)
                0x2000c000                . = ALIGN (0x4)

.bss            0x10000000        0xc
                0x10000000                _bss = .
 *(.bss*)
 .bss.audio_usb_pll_freq
                0x10000000        0x8 out/lib/lpc_chip_43xx/src/clock_18xx_43xx.o
 *(COMMON)
 COMMON         0x10000008        0x4 out/lib/lpc_chip_43xx/src/chip_18xx_43xx.o
                0x10000008                SystemCoreClock
                0x1000000c                . = ALIGN (0x4)
                0x1000000c                _ebss = .
                0x1000000c                PROVIDE (end, .)

.noinit_RAM2    0x10080000        0x0
 *(.noinit.$RAM2*)
 *(.noinit.$RamLoc40*)
                0x10080000                . = ALIGN (0x4)

.noinit_RAM3    0x20000000        0x0
 *(.noinit.$RAM3*)
 *(.noinit.$RamAHB32*)
                0x20000000                . = ALIGN (0x4)

.noinit_RAM4    0x20008000        0x0
 *(.noinit.$RAM4*)
 *(.noinit.$RamAHB16*)
                0x20008000                . = ALIGN (0x4)

.noinit_RAM5    0x2000c000        0x0
 *(.noinit.$RAM5*)
 *(.noinit.$RamAHB_ETB16*)
                0x2000c000                . = ALIGN (0x4)

.noinit         0x1000000c        0x0
                0x1000000c                _noinit = .
 *(.noinit*)
                0x1000000c                . = ALIGN (0x4)
                0x1000000c                _end_noinit = .
                0x1000000c                PROVIDE (_pvHeapStart, .)
                0x10008000                PROVIDE (_vStackTop, (__top_RamLoc32 - 0x0))
OUTPUT(out/arquitecturaDeMicroprocesadores.elf elf32-littlearm)

.debug_info     0x00000000     0x6f0c
 .debug_info    0x00000000      0xa32 out/app/src/main.o
 .debug_info    0x00000a32      0x116 out/app/src/ecoC.o
 .debug_info    0x00000b48     0x10d8 out/lib/lpc_chip_43xx/src/uart_18xx_43xx.o
 .debug_info    0x00001c20      0x902 out/lib/lpc_chip_43xx/src/sysinit_18xx_43xx.o
 .debug_info    0x00002522      0x44c out/lib/lpc_chip_43xx/src/gpio_18xx_43xx.o
 .debug_info    0x0000296e      0xa3b out/lib/lpc_chip_43xx/src/chip_18xx_43xx.o
 .debug_info    0x000033a9     0x158f out/lib/lpc_chip_43xx/src/clock_18xx_43xx.o
 .debug_info    0x00004938      0x145 out/lib/lpc_chip_43xx/src/fpu_init.o
 .debug_info    0x00004a7d      0x292 out/lib/lpc_board_ciaa_edu_4337/src/cr_startup_lpc43xx.o
 .debug_info    0x00004d0f      0xb6a out/lib/lpc_board_ciaa_edu_4337/src/board_sysinit.o
 .debug_info    0x00005879       0x3f out/lib/lpc_board_ciaa_edu_4337/src/crp.o
 .debug_info    0x000058b8     0x14a3 out/lib/lpc_board_ciaa_edu_4337/src/board.o
 .debug_info    0x00006d5b       0xd6 out/lib/lpc_board_ciaa_edu_4337/src/sysinit.o
 .debug_info    0x00006e31       0x6f out/app/src/ecoASM.o
 .debug_info    0x00006ea0       0x6c out/app/src/suma.o

.debug_abbrev   0x00000000     0x120c
 .debug_abbrev  0x00000000      0x1c6 out/app/src/main.o
 .debug_abbrev  0x000001c6       0x8a out/app/src/ecoC.o
 .debug_abbrev  0x00000250      0x2ac out/lib/lpc_chip_43xx/src/uart_18xx_43xx.o
 .debug_abbrev  0x000004fc      0x181 out/lib/lpc_chip_43xx/src/sysinit_18xx_43xx.o
 .debug_abbrev  0x0000067d      0x111 out/lib/lpc_chip_43xx/src/gpio_18xx_43xx.o
 .debug_abbrev  0x0000078e      0x148 out/lib/lpc_chip_43xx/src/chip_18xx_43xx.o
 .debug_abbrev  0x000008d6      0x2c0 out/lib/lpc_chip_43xx/src/clock_18xx_43xx.o
 .debug_abbrev  0x00000b96       0x84 out/lib/lpc_chip_43xx/src/fpu_init.o
 .debug_abbrev  0x00000c1a       0xed out/lib/lpc_board_ciaa_edu_4337/src/cr_startup_lpc43xx.o
 .debug_abbrev  0x00000d07      0x18d out/lib/lpc_board_ciaa_edu_4337/src/board_sysinit.o
 .debug_abbrev  0x00000e94       0x36 out/lib/lpc_board_ciaa_edu_4337/src/crp.o
 .debug_abbrev  0x00000eca      0x296 out/lib/lpc_board_ciaa_edu_4337/src/board.o
 .debug_abbrev  0x00001160       0x84 out/lib/lpc_board_ciaa_edu_4337/src/sysinit.o
 .debug_abbrev  0x000011e4       0x14 out/app/src/ecoASM.o
 .debug_abbrev  0x000011f8       0x14 out/app/src/suma.o

.debug_aranges  0x00000000      0x638
 .debug_aranges
                0x00000000       0x78 out/app/src/main.o
 .debug_aranges
                0x00000078       0x20 out/app/src/ecoC.o
 .debug_aranges
                0x00000098      0x118 out/lib/lpc_chip_43xx/src/uart_18xx_43xx.o
 .debug_aranges
                0x000001b0       0x50 out/lib/lpc_chip_43xx/src/sysinit_18xx_43xx.o
 .debug_aranges
                0x00000200       0x68 out/lib/lpc_chip_43xx/src/gpio_18xx_43xx.o
 .debug_aranges
                0x00000268       0x40 out/lib/lpc_chip_43xx/src/chip_18xx_43xx.o
 .debug_aranges
                0x000002a8      0x138 out/lib/lpc_chip_43xx/src/clock_18xx_43xx.o
 .debug_aranges
                0x000003e0       0x20 out/lib/lpc_chip_43xx/src/fpu_init.o
 .debug_aranges
                0x00000400       0x80 out/lib/lpc_board_ciaa_edu_4337/src/cr_startup_lpc43xx.o
 .debug_aranges
                0x00000480       0x48 out/lib/lpc_board_ciaa_edu_4337/src/board_sysinit.o
 .debug_aranges
                0x000004c8       0x18 out/lib/lpc_board_ciaa_edu_4337/src/crp.o
 .debug_aranges
                0x000004e0       0xf8 out/lib/lpc_board_ciaa_edu_4337/src/board.o
 .debug_aranges
                0x000005d8       0x20 out/lib/lpc_board_ciaa_edu_4337/src/sysinit.o
 .debug_aranges
                0x000005f8       0x20 out/app/src/ecoASM.o
 .debug_aranges
                0x00000618       0x20 out/app/src/suma.o

.debug_ranges   0x00000000      0x520
 .debug_ranges  0x00000000       0x68 out/app/src/main.o
 .debug_ranges  0x00000068       0x10 out/app/src/ecoC.o
 .debug_ranges  0x00000078      0x108 out/lib/lpc_chip_43xx/src/uart_18xx_43xx.o
 .debug_ranges  0x00000180       0x40 out/lib/lpc_chip_43xx/src/sysinit_18xx_43xx.o
 .debug_ranges  0x000001c0       0x58 out/lib/lpc_chip_43xx/src/gpio_18xx_43xx.o
 .debug_ranges  0x00000218       0x30 out/lib/lpc_chip_43xx/src/chip_18xx_43xx.o
 .debug_ranges  0x00000248      0x128 out/lib/lpc_chip_43xx/src/clock_18xx_43xx.o
 .debug_ranges  0x00000370       0x10 out/lib/lpc_chip_43xx/src/fpu_init.o
 .debug_ranges  0x00000380       0x70 out/lib/lpc_board_ciaa_edu_4337/src/cr_startup_lpc43xx.o
 .debug_ranges  0x000003f0       0x38 out/lib/lpc_board_ciaa_edu_4337/src/board_sysinit.o
 .debug_ranges  0x00000428       0xe8 out/lib/lpc_board_ciaa_edu_4337/src/board.o
 .debug_ranges  0x00000510       0x10 out/lib/lpc_board_ciaa_edu_4337/src/sysinit.o

.debug_macro    0x00000000     0x613f
 .debug_macro   0x00000000      0x454 out/app/src/main.o
 .debug_macro   0x00000454       0x16 out/app/src/main.o
 .debug_macro   0x0000046a       0x10 out/app/src/main.o
 .debug_macro   0x0000047a       0x22 out/app/src/main.o
 .debug_macro   0x0000049c       0x66 out/app/src/main.o
 .debug_macro   0x00000502       0x28 out/app/src/main.o
 .debug_macro   0x0000052a       0x3b out/app/src/main.o
 .debug_macro   0x00000565       0x2d out/app/src/main.o
 .debug_macro   0x00000592       0x42 out/app/src/main.o
 .debug_macro   0x000005d4      0xd39 out/app/src/main.o
 .debug_macro   0x0000130d      0x2bc out/app/src/main.o
 .debug_macro   0x000015c9      0x112 out/app/src/main.o
 .debug_macro   0x000016db       0x11 out/app/src/main.o
 .debug_macro   0x000016ec       0x2a out/app/src/main.o
 .debug_macro   0x00001716       0x16 out/app/src/main.o
 .debug_macro   0x0000172c      0x2e6 out/app/src/main.o
 .debug_macro   0x00001a12       0x82 out/app/src/main.o
 .debug_macro   0x00001a94      0x13d out/app/src/main.o
 .debug_macro   0x00001bd1      0x198 out/app/src/main.o
 .debug_macro   0x00001d69       0x34 out/app/src/main.o
 .debug_macro   0x00001d9d       0x58 out/app/src/main.o
 .debug_macro   0x00001df5      0x236 out/app/src/main.o
 .debug_macro   0x0000202b      0x572 out/app/src/main.o
 .debug_macro   0x0000259d       0x16 out/app/src/main.o
 .debug_macro   0x000025b3      0x18a out/app/src/main.o
 .debug_macro   0x0000273d       0x88 out/app/src/main.o
 .debug_macro   0x000027c5      0x1b9 out/app/src/main.o
 .debug_macro   0x0000297e      0x1da out/app/src/main.o
 .debug_macro   0x00002b58       0x40 out/app/src/main.o
 .debug_macro   0x00002b98       0x1c out/app/src/main.o
 .debug_macro   0x00002bb4       0x2e out/app/src/main.o
 .debug_macro   0x00002be2       0x2e out/app/src/main.o
 .debug_macro   0x00002c10       0x22 out/app/src/main.o
 .debug_macro   0x00002c32      0x201 out/app/src/main.o
 .debug_macro   0x00002e33       0xe0 out/app/src/main.o
 .debug_macro   0x00002f13      0x34c out/app/src/main.o
 .debug_macro   0x0000325f       0xdc out/app/src/main.o
 .debug_macro   0x0000333b       0xc4 out/app/src/main.o
 .debug_macro   0x000033ff       0x94 out/app/src/main.o
 .debug_macro   0x00003493       0xb8 out/app/src/main.o
 .debug_macro   0x0000354b       0x4c out/app/src/main.o
 .debug_macro   0x00003597       0x16 out/app/src/main.o
 .debug_macro   0x000035ad      0x328 out/app/src/main.o
 .debug_macro   0x000038d5       0x3a out/app/src/main.o
 .debug_macro   0x0000390f       0xd0 out/app/src/main.o
 .debug_macro   0x000039df       0x18 out/app/src/main.o
 .debug_macro   0x000039f7       0x22 out/app/src/main.o
 .debug_macro   0x00003a19       0x40 out/app/src/main.o
 .debug_macro   0x00003a59       0x46 out/app/src/main.o
 .debug_macro   0x00003a9f       0x58 out/app/src/main.o
 .debug_macro   0x00003af7       0x35 out/app/src/main.o
 .debug_macro   0x00003b2c       0x9c out/app/src/main.o
 .debug_macro   0x00003bc8       0x16 out/app/src/main.o
 .debug_macro   0x00003bde       0x97 out/app/src/main.o
 .debug_macro   0x00003c75      0x29d out/app/src/main.o
 .debug_macro   0x00003f12       0xef out/app/src/main.o
 .debug_macro   0x00004001       0x10 out/app/src/main.o
 .debug_macro   0x00004011       0x52 out/app/src/main.o
 .debug_macro   0x00004063       0x16 out/app/src/main.o
 .debug_macro   0x00004079       0x43 out/app/src/main.o
 .debug_macro   0x000040bc      0x180 out/app/src/main.o
 .debug_macro   0x0000423c       0x10 out/app/src/main.o
 .debug_macro   0x0000424c       0x22 out/app/src/main.o
 .debug_macro   0x0000426e       0xbd out/app/src/main.o
 .debug_macro   0x0000432b       0x16 out/app/src/main.o
 .debug_macro   0x00004341      0x196 out/app/src/main.o
 .debug_macro   0x000044d7       0x20 out/app/src/main.o
 .debug_macro   0x000044f7       0x10 out/app/src/main.o
 .debug_macro   0x00004507       0x16 out/app/src/main.o
 .debug_macro   0x0000451d       0x16 out/app/src/main.o
 .debug_macro   0x00004533       0x3a out/app/src/main.o
 .debug_macro   0x0000456d       0x54 out/app/src/ecoC.o
 .debug_macro   0x000045c1      0x2e9 out/lib/lpc_chip_43xx/src/uart_18xx_43xx.o
 .debug_macro   0x000048aa      0x2e9 out/lib/lpc_chip_43xx/src/sysinit_18xx_43xx.o
 .debug_macro   0x00004b93      0x2e9 out/lib/lpc_chip_43xx/src/gpio_18xx_43xx.o
 .debug_macro   0x00004e7c      0x2e9 out/lib/lpc_chip_43xx/src/chip_18xx_43xx.o
 .debug_macro   0x00005165      0x2ef out/lib/lpc_chip_43xx/src/clock_18xx_43xx.o
 .debug_macro   0x00005454       0xcf out/lib/lpc_chip_43xx/src/fpu_init.o
 .debug_macro   0x00005523       0x1d out/lib/lpc_board_ciaa_edu_4337/src/cr_startup_lpc43xx.o
 .debug_macro   0x00005540      0x3e7 out/lib/lpc_board_ciaa_edu_4337/src/board_sysinit.o
 .debug_macro   0x00005927       0x17 out/lib/lpc_board_ciaa_edu_4337/src/crp.o
 .debug_macro   0x0000593e      0x404 out/lib/lpc_board_ciaa_edu_4337/src/board.o
 .debug_macro   0x00005d42       0x16 out/lib/lpc_board_ciaa_edu_4337/src/board.o
 .debug_macro   0x00005d58      0x3e7 out/lib/lpc_board_ciaa_edu_4337/src/sysinit.o

.debug_line     0x00000000     0x5409
 .debug_line    0x00000000      0xa18 out/app/src/main.o
 .debug_line    0x00000a18      0x1fe out/app/src/ecoC.o
 .debug_line    0x00000c16      0x9c4 out/lib/lpc_chip_43xx/src/uart_18xx_43xx.o
 .debug_line    0x000015da      0x75c out/lib/lpc_chip_43xx/src/sysinit_18xx_43xx.o
 .debug_line    0x00001d36      0x73b out/lib/lpc_chip_43xx/src/gpio_18xx_43xx.o
 .debug_line    0x00002471      0x6ea out/lib/lpc_chip_43xx/src/chip_18xx_43xx.o
 .debug_line    0x00002b5b      0xae3 out/lib/lpc_chip_43xx/src/clock_18xx_43xx.o
 .debug_line    0x0000363e      0x29a out/lib/lpc_chip_43xx/src/fpu_init.o
 .debug_line    0x000038d8      0x111 out/lib/lpc_board_ciaa_edu_4337/src/cr_startup_lpc43xx.o
 .debug_line    0x000039e9      0x801 out/lib/lpc_board_ciaa_edu_4337/src/board_sysinit.o
 .debug_line    0x000041ea       0x46 out/lib/lpc_board_ciaa_edu_4337/src/crp.o
 .debug_line    0x00004230      0x9d7 out/lib/lpc_board_ciaa_edu_4337/src/board.o
 .debug_line    0x00004c07      0x771 out/lib/lpc_board_ciaa_edu_4337/src/sysinit.o
 .debug_line    0x00005378       0x50 out/app/src/ecoASM.o
 .debug_line    0x000053c8       0x41 out/app/src/suma.o

.debug_str      0x00000000    0x19a48
 .debug_str     0x00000000    0x180ae out/app/src/main.o
                              0x182f6 (size before relaxing)
 .debug_str     0x000180ae       0x82 out/app/src/ecoC.o
                               0x30c5 (size before relaxing)
 .debug_str     0x00018130      0x45e out/lib/lpc_chip_43xx/src/uart_18xx_43xx.o
                              0x1520c (size before relaxing)
 .debug_str     0x0001858e      0x2f6 out/lib/lpc_chip_43xx/src/sysinit_18xx_43xx.o
                              0x15093 (size before relaxing)
 .debug_str     0x00018884      0x149 out/lib/lpc_chip_43xx/src/gpio_18xx_43xx.o
                              0x144d0 (size before relaxing)
 .debug_str     0x000189cd      0x1e6 out/lib/lpc_chip_43xx/src/chip_18xx_43xx.o
                              0x150c4 (size before relaxing)
 .debug_str     0x00018bb3      0x522 out/lib/lpc_chip_43xx/src/clock_18xx_43xx.o
                              0x15651 (size before relaxing)
 .debug_str     0x000190d5       0xc4 out/lib/lpc_chip_43xx/src/fpu_init.o
                               0x8c63 (size before relaxing)
 .debug_str     0x00019199      0x1f7 out/lib/lpc_board_ciaa_edu_4337/src/cr_startup_lpc43xx.o
                               0x26a6 (size before relaxing)
 .debug_str     0x00019390       0xfa out/lib/lpc_board_ciaa_edu_4337/src/board_sysinit.o
                              0x18354 (size before relaxing)
 .debug_str     0x0001948a       0x45 out/lib/lpc_board_ciaa_edu_4337/src/crp.o
                               0x24e0 (size before relaxing)
 .debug_str     0x000194cf      0x545 out/lib/lpc_board_ciaa_edu_4337/src/board.o
                              0x187a7 (size before relaxing)
 .debug_str     0x00019a14       0x34 out/lib/lpc_board_ciaa_edu_4337/src/sysinit.o
                              0x1757a (size before relaxing)

.comment        0x00000000       0x70
 .comment       0x00000000       0x70 out/app/src/main.o
                                 0x71 (size before relaxing)
 .comment       0x00000000       0x71 out/app/src/ecoC.o
 .comment       0x00000000       0x71 out/lib/lpc_chip_43xx/src/uart_18xx_43xx.o
 .comment       0x00000000       0x71 out/lib/lpc_chip_43xx/src/sysinit_18xx_43xx.o
 .comment       0x00000000       0x71 out/lib/lpc_chip_43xx/src/gpio_18xx_43xx.o
 .comment       0x00000000       0x71 out/lib/lpc_chip_43xx/src/chip_18xx_43xx.o
 .comment       0x00000000       0x71 out/lib/lpc_chip_43xx/src/clock_18xx_43xx.o
 .comment       0x00000000       0x71 out/lib/lpc_chip_43xx/src/fpu_init.o
 .comment       0x00000000       0x71 out/lib/lpc_board_ciaa_edu_4337/src/cr_startup_lpc43xx.o
 .comment       0x00000000       0x71 out/lib/lpc_board_ciaa_edu_4337/src/board_sysinit.o
 .comment       0x00000000       0x71 out/lib/lpc_board_ciaa_edu_4337/src/crp.o
 .comment       0x00000000       0x71 out/lib/lpc_board_ciaa_edu_4337/src/board.o
 .comment       0x00000000       0x71 out/lib/lpc_board_ciaa_edu_4337/src/sysinit.o

.ARM.attributes
                0x00000000       0x37
 .ARM.attributes
                0x00000000       0x39 out/app/src/main.o
 .ARM.attributes
                0x00000039       0x39 out/app/src/ecoC.o
 .ARM.attributes
                0x00000072       0x39 out/lib/lpc_chip_43xx/src/uart_18xx_43xx.o
 .ARM.attributes
                0x000000ab       0x39 out/lib/lpc_chip_43xx/src/sysinit_18xx_43xx.o
 .ARM.attributes
                0x000000e4       0x39 out/lib/lpc_chip_43xx/src/gpio_18xx_43xx.o
 .ARM.attributes
                0x0000011d       0x39 out/lib/lpc_chip_43xx/src/chip_18xx_43xx.o
 .ARM.attributes
                0x00000156       0x39 out/lib/lpc_chip_43xx/src/clock_18xx_43xx.o
 .ARM.attributes
                0x0000018f       0x39 out/lib/lpc_chip_43xx/src/fpu_init.o
 .ARM.attributes
                0x000001c8       0x39 out/lib/lpc_board_ciaa_edu_4337/src/cr_startup_lpc43xx.o
 .ARM.attributes
                0x00000201       0x39 out/lib/lpc_board_ciaa_edu_4337/src/board_sysinit.o
 .ARM.attributes
                0x0000023a       0x39 out/lib/lpc_board_ciaa_edu_4337/src/crp.o
 .ARM.attributes
                0x00000273       0x39 out/lib/lpc_board_ciaa_edu_4337/src/board.o
 .ARM.attributes
                0x000002ac       0x39 out/lib/lpc_board_ciaa_edu_4337/src/sysinit.o
 .ARM.attributes
                0x000002e5       0x25 out/app/src/ecoASM.o
 .ARM.attributes
                0x0000030a       0x25 out/app/src/suma.o
 .ARM.attributes
                0x0000032f       0x22 /home/piro2/ciaa-ide/gcc-arm-none-eabi-4_9-2015q1/bin/../lib/gcc/arm-none-eabi/4.9.3/armv7e-m/fpu/libgcc.a(_aeabi_uldivmod.o)
 .ARM.attributes
                0x00000351       0x34 /home/piro2/ciaa-ide/gcc-arm-none-eabi-4_9-2015q1/bin/../lib/gcc/arm-none-eabi/4.9.3/armv7e-m/fpu/libgcc.a(bpabi.o)
 .ARM.attributes
                0x00000385       0x22 /home/piro2/ciaa-ide/gcc-arm-none-eabi-4_9-2015q1/bin/../lib/gcc/arm-none-eabi/4.9.3/armv7e-m/fpu/libgcc.a(_dvmd_tls.o)
 .ARM.attributes
                0x000003a7       0x34 /home/piro2/ciaa-ide/gcc-arm-none-eabi-4_9-2015q1/bin/../lib/gcc/arm-none-eabi/4.9.3/armv7e-m/fpu/libgcc.a(_divdi3.o)
 .ARM.attributes
                0x000003db       0x34 /home/piro2/ciaa-ide/gcc-arm-none-eabi-4_9-2015q1/bin/../lib/gcc/arm-none-eabi/4.9.3/armv7e-m/fpu/libgcc.a(_udivdi3.o)
 .ARM.attributes
                0x0000040f       0x34 /home/piro2/ciaa-ide/gcc-arm-none-eabi-4_9-2015q1/bin/../lib/gcc/arm-none-eabi/4.9.3/../../../../arm-none-eabi/lib/armv7e-m/fpu/libc_nano.a(lib_a-memset.o)

.debug_frame    0x00000000     0x1744
 .debug_frame   0x00000000      0x1c8 out/app/src/main.o
 .debug_frame   0x000001c8       0x38 out/app/src/ecoC.o
 .debug_frame   0x00000200      0x4e4 out/lib/lpc_chip_43xx/src/uart_18xx_43xx.o
 .debug_frame   0x000006e4       0xf4 out/lib/lpc_chip_43xx/src/sysinit_18xx_43xx.o
 .debug_frame   0x000007d8      0x198 out/lib/lpc_chip_43xx/src/gpio_18xx_43xx.o
 .debug_frame   0x00000970       0xa0 out/lib/lpc_chip_43xx/src/chip_18xx_43xx.o
 .debug_frame   0x00000a10      0x568 out/lib/lpc_chip_43xx/src/clock_18xx_43xx.o
 .debug_frame   0x00000f78       0x38 out/lib/lpc_chip_43xx/src/fpu_init.o
 .debug_frame   0x00000fb0      0x170 out/lib/lpc_board_ciaa_edu_4337/src/cr_startup_lpc43xx.o
 .debug_frame   0x00001120       0xe4 out/lib/lpc_board_ciaa_edu_4337/src/board_sysinit.o
 .debug_frame   0x00001204      0x410 out/lib/lpc_board_ciaa_edu_4337/src/board.o
 .debug_frame   0x00001614       0x34 out/lib/lpc_board_ciaa_edu_4337/src/sysinit.o
 .debug_frame   0x00001648       0x28 /home/piro2/ciaa-ide/gcc-arm-none-eabi-4_9-2015q1/bin/../lib/gcc/arm-none-eabi/4.9.3/armv7e-m/fpu/libgcc.a(_aeabi_uldivmod.o)
 .debug_frame   0x00001670       0x50 /home/piro2/ciaa-ide/gcc-arm-none-eabi-4_9-2015q1/bin/../lib/gcc/arm-none-eabi/4.9.3/armv7e-m/fpu/libgcc.a(bpabi.o)
 .debug_frame   0x000016c0       0x34 /home/piro2/ciaa-ide/gcc-arm-none-eabi-4_9-2015q1/bin/../lib/gcc/arm-none-eabi/4.9.3/armv7e-m/fpu/libgcc.a(_divdi3.o)
 .debug_frame   0x000016f4       0x30 /home/piro2/ciaa-ide/gcc-arm-none-eabi-4_9-2015q1/bin/../lib/gcc/arm-none-eabi/4.9.3/armv7e-m/fpu/libgcc.a(_udivdi3.o)
 .debug_frame   0x00001724       0x20 /home/piro2/ciaa-ide/gcc-arm-none-eabi-4_9-2015q1/bin/../lib/gcc/arm-none-eabi/4.9.3/../../../../arm-none-eabi/lib/armv7e-m/fpu/libc_nano.a(lib_a-memset.o)

Cross Reference Table

Symbol                                            File
ADC0_IRQHandler                                   out/lib/lpc_board_ciaa_edu_4337/src/cr_startup_lpc43xx.o
ADC1_IRQHandler                                   out/lib/lpc_board_ciaa_edu_4337/src/cr_startup_lpc43xx.o
ADCHS_IRQHandler                                  out/lib/lpc_board_ciaa_edu_4337/src/cr_startup_lpc43xx.o
ATIMER_IRQHandler                                 out/lib/lpc_board_ciaa_edu_4337/src/cr_startup_lpc43xx.o
Board_DAC_Init                                    out/lib/lpc_board_ciaa_edu_4337/src/board.o
Board_Debug_Init                                  out/lib/lpc_board_ciaa_edu_4337/src/board.o
Board_ENET_GetMacADDR                             out/lib/lpc_board_ciaa_edu_4337/src/board.o
Board_I2C_Init                                    out/lib/lpc_board_ciaa_edu_4337/src/board.o
Board_Init                                        out/lib/lpc_board_ciaa_edu_4337/src/board.o
                                                  out/app/src/main.o
Board_LED_Set                                     out/lib/lpc_board_ciaa_edu_4337/src/board.o
Board_LED_Test                                    out/lib/lpc_board_ciaa_edu_4337/src/board.o
Board_LED_Toggle                                  out/lib/lpc_board_ciaa_edu_4337/src/board.o
Board_SDMMC_Init                                  out/lib/lpc_board_ciaa_edu_4337/src/board.o
Board_SSP_Init                                    out/lib/lpc_board_ciaa_edu_4337/src/board.o
Board_SetupClocking                               out/lib/lpc_board_ciaa_edu_4337/src/board_sysinit.o
Board_SetupMuxing                                 out/lib/lpc_board_ciaa_edu_4337/src/board_sysinit.o
Board_SystemInit                                  out/lib/lpc_board_ciaa_edu_4337/src/board_sysinit.o
                                                  out/lib/lpc_board_ciaa_edu_4337/src/sysinit.o
Board_UARTGetChar                                 out/lib/lpc_board_ciaa_edu_4337/src/board.o
                                                  out/lib/lpc_board_ciaa_edu_4337/src/system.o
Board_UARTPutChar                                 out/lib/lpc_board_ciaa_edu_4337/src/board.o
                                                  out/lib/lpc_board_ciaa_edu_4337/src/system.o
Board_UARTPutSTR                                  out/lib/lpc_board_ciaa_edu_4337/src/board.o
Board_UART_Init                                   out/lib/lpc_board_ciaa_edu_4337/src/board.o
BusFault_Handler                                  out/lib/lpc_board_ciaa_edu_4337/src/cr_startup_lpc43xx.o
CAN0_IRQHandler                                   out/lib/lpc_board_ciaa_edu_4337/src/cr_startup_lpc43xx.o
CAN1_IRQHandler                                   out/lib/lpc_board_ciaa_edu_4337/src/cr_startup_lpc43xx.o
CRP_WORD                                          out/lib/lpc_board_ciaa_edu_4337/src/crp.o
Chip_ADC_DeInit                                   out/lib/lpc_chip_43xx/src/adc_18xx_43xx.o
Chip_ADC_EnableChannel                            out/lib/lpc_chip_43xx/src/adc_18xx_43xx.o
Chip_ADC_Init                                     out/lib/lpc_chip_43xx/src/adc_18xx_43xx.o
Chip_ADC_Int_SetChannelCmd                        out/lib/lpc_chip_43xx/src/adc_18xx_43xx.o
Chip_ADC_ReadByte                                 out/lib/lpc_chip_43xx/src/adc_18xx_43xx.o
Chip_ADC_ReadStatus                               out/lib/lpc_chip_43xx/src/adc_18xx_43xx.o
Chip_ADC_ReadValue                                out/lib/lpc_chip_43xx/src/adc_18xx_43xx.o
Chip_ADC_SetBurstCmd                              out/lib/lpc_chip_43xx/src/adc_18xx_43xx.o
Chip_ADC_SetResolution                            out/lib/lpc_chip_43xx/src/adc_18xx_43xx.o
Chip_ADC_SetSampleRate                            out/lib/lpc_chip_43xx/src/adc_18xx_43xx.o
Chip_ADC_SetStartMode                             out/lib/lpc_chip_43xx/src/adc_18xx_43xx.o
Chip_AES_Config_DMA                               out/lib/lpc_chip_43xx/src/aes_18xx_43xx.o
Chip_AES_GetStatusDMA                             out/lib/lpc_chip_43xx/src/aes_18xx_43xx.o
Chip_AES_Init                                     out/lib/lpc_chip_43xx/src/aes_18xx_43xx.o
Chip_AES_LoadIV_IC                                out/lib/lpc_chip_43xx/src/aes_18xx_43xx.o
Chip_AES_LoadIV_SW                                out/lib/lpc_chip_43xx/src/aes_18xx_43xx.o
Chip_AES_LoadKey                                  out/lib/lpc_chip_43xx/src/aes_18xx_43xx.o
Chip_AES_LoadKeyRNG                               out/lib/lpc_chip_43xx/src/aes_18xx_43xx.o
Chip_AES_LoadKeySW                                out/lib/lpc_chip_43xx/src/aes_18xx_43xx.o
Chip_AES_Operate                                  out/lib/lpc_chip_43xx/src/aes_18xx_43xx.o
Chip_AES_OperateDMA                               out/lib/lpc_chip_43xx/src/aes_18xx_43xx.o
Chip_AES_ProgramKey                               out/lib/lpc_chip_43xx/src/aes_18xx_43xx.o
Chip_AES_SetMode                                  out/lib/lpc_chip_43xx/src/aes_18xx_43xx.o
Chip_ATIMER_DeInit                                out/lib/lpc_chip_43xx/src/atimer_18xx_43xx.o
Chip_ATIMER_Init                                  out/lib/lpc_chip_43xx/src/atimer_18xx_43xx.o
Chip_CCAN_AddReceiveID                            out/lib/lpc_chip_43xx/src/ccan_18xx_43xx.o
Chip_CCAN_ClearStatus                             out/lib/lpc_chip_43xx/src/ccan_18xx_43xx.o
Chip_CCAN_DeInit                                  out/lib/lpc_chip_43xx/src/ccan_18xx_43xx.o
Chip_CCAN_DeleteReceiveID                         out/lib/lpc_chip_43xx/src/ccan_18xx_43xx.o
Chip_CCAN_GetMsgObject                            out/lib/lpc_chip_43xx/src/ccan_18xx_43xx.o
Chip_CCAN_Init                                    out/lib/lpc_chip_43xx/src/ccan_18xx_43xx.o
Chip_CCAN_Send                                    out/lib/lpc_chip_43xx/src/ccan_18xx_43xx.o
Chip_CCAN_SetBitRate                              out/lib/lpc_chip_43xx/src/ccan_18xx_43xx.o
Chip_CCAN_SetMsgObject                            out/lib/lpc_chip_43xx/src/ccan_18xx_43xx.o
Chip_CCAN_SetValidMsg                             out/lib/lpc_chip_43xx/src/ccan_18xx_43xx.o
Chip_CCAN_TransferMsgObject                       out/lib/lpc_chip_43xx/src/ccan_18xx_43xx.o
Chip_Clock_CalcMainPLLValue                       out/lib/lpc_chip_43xx/src/clock_18xx_43xx.o
                                                  out/lib/lpc_chip_43xx/src/sysinit_18xx_43xx.o
Chip_Clock_ClearPowerDown                         out/lib/lpc_chip_43xx/src/clock_18xx_43xx.o
Chip_Clock_Disable                                out/lib/lpc_chip_43xx/src/clock_18xx_43xx.o
                                                  out/lib/lpc_chip_43xx/src/dac_18xx_43xx.o
                                                  out/lib/lpc_chip_43xx/src/timer_18xx_43xx.o
                                                  out/lib/lpc_chip_43xx/src/i2cm_18xx_43xx.o
                                                  out/lib/lpc_chip_43xx/src/sdif_18xx_43xx.o
                                                  out/lib/lpc_chip_43xx/src/ccan_18xx_43xx.o
                                                  out/lib/lpc_chip_43xx/src/i2s_18xx_43xx.o
                                                  out/lib/lpc_chip_43xx/src/ssp_18xx_43xx.o
                                                  out/lib/lpc_chip_43xx/src/enet_18xx_43xx.o
                                                  out/lib/lpc_chip_43xx/src/gpdma_18xx_43xx.o
                                                  out/lib/lpc_chip_43xx/src/spi_18xx_43xx.o
                                                  out/lib/lpc_chip_43xx/src/adc_18xx_43xx.o
                                                  out/lib/lpc_chip_43xx/src/uart_18xx_43xx.o
                                                  out/lib/lpc_chip_43xx/src/lcd_18xx_43xx.o
                                                  out/lib/lpc_chip_43xx/src/i2c_18xx_43xx.o
                                                  out/lib/lpc_chip_43xx/src/ritimer_18xx_43xx.o
                                                  out/lib/lpc_chip_43xx/src/sct_18xx_43xx.o
                                                  out/lib/lpc_chip_43xx/src/hsadc_18xx_43xx.o
Chip_Clock_DisableBaseClock                       out/lib/lpc_chip_43xx/src/clock_18xx_43xx.o
Chip_Clock_DisableCrystal                         out/lib/lpc_chip_43xx/src/clock_18xx_43xx.o
Chip_Clock_DisablePLL                             out/lib/lpc_chip_43xx/src/clock_18xx_43xx.o
Chip_Clock_Enable                                 out/lib/lpc_chip_43xx/src/clock_18xx_43xx.o
                                                  out/lib/lpc_chip_43xx/src/timer_18xx_43xx.o
                                                  out/lib/lpc_chip_43xx/src/i2cm_18xx_43xx.o
                                                  out/lib/lpc_chip_43xx/src/i2s_18xx_43xx.o
                                                  out/lib/lpc_chip_43xx/src/ssp_18xx_43xx.o
                                                  out/lib/lpc_chip_43xx/src/spi_18xx_43xx.o
                                                  out/lib/lpc_chip_43xx/src/i2c_18xx_43xx.o
                                                  out/lib/lpc_chip_43xx/src/hsadc_18xx_43xx.o
Chip_Clock_EnableBaseClock                        out/lib/lpc_chip_43xx/src/clock_18xx_43xx.o
                                                  out/lib/lpc_chip_43xx/src/chip_18xx_43xx.o
Chip_Clock_EnableCrystal                          out/lib/lpc_chip_43xx/src/clock_18xx_43xx.o
                                                  out/lib/lpc_chip_43xx/src/sysinit_18xx_43xx.o
Chip_Clock_EnableOpts                             out/lib/lpc_chip_43xx/src/clock_18xx_43xx.o
                                                  out/lib/lpc_chip_43xx/src/dac_18xx_43xx.o
                                                  out/lib/lpc_chip_43xx/src/sdif_18xx_43xx.o
                                                  out/lib/lpc_chip_43xx/src/chip_18xx_43xx.o
                                                  out/lib/lpc_chip_43xx/src/ccan_18xx_43xx.o
                                                  out/lib/lpc_chip_43xx/src/enet_18xx_43xx.o
                                                  out/lib/lpc_chip_43xx/src/gpdma_18xx_43xx.o
                                                  out/lib/lpc_chip_43xx/src/adc_18xx_43xx.o
                                                  out/lib/lpc_chip_43xx/src/uart_18xx_43xx.o
                                                  out/lib/lpc_chip_43xx/src/lcd_18xx_43xx.o
                                                  out/lib/lpc_chip_43xx/src/ritimer_18xx_43xx.o
                                                  out/lib/lpc_chip_43xx/src/sct_18xx_43xx.o
                                                  out/lib/lpc_chip_43xx/src/hsadc_18xx_43xx.o
Chip_Clock_EnablePLL                              out/lib/lpc_chip_43xx/src/clock_18xx_43xx.o
                                                  out/lib/lpc_chip_43xx/src/chip_18xx_43xx.o
Chip_Clock_GetBaseClock                           out/lib/lpc_chip_43xx/src/clock_18xx_43xx.o
Chip_Clock_GetBaseClockOpts                       out/lib/lpc_chip_43xx/src/clock_18xx_43xx.o
Chip_Clock_GetBaseClocktHz                        out/lib/lpc_chip_43xx/src/clock_18xx_43xx.o
                                                  out/lib/lpc_chip_43xx/src/sdmmc_18xx_43xx.o
                                                  out/lib/lpc_chip_43xx/src/sdio_18xx_43xx.o
Chip_Clock_GetClockInputHz                        out/lib/lpc_chip_43xx/src/clock_18xx_43xx.o
                                                  out/lib/lpc_chip_43xx/src/chip_18xx_43xx.o
Chip_Clock_GetDividerDivisor                      out/lib/lpc_chip_43xx/src/clock_18xx_43xx.o
Chip_Clock_GetDividerSource                       out/lib/lpc_chip_43xx/src/clock_18xx_43xx.o
Chip_Clock_GetEMCRate                             out/lib/lpc_chip_43xx/src/clock_18xx_43xx.o
                                                  out/lib/lpc_chip_43xx/src/emc_18xx_43xx.o
Chip_Clock_GetMainPLLHz                           out/lib/lpc_chip_43xx/src/clock_18xx_43xx.o
Chip_Clock_GetPLLStatus                           out/lib/lpc_chip_43xx/src/clock_18xx_43xx.o
                                                  out/lib/lpc_chip_43xx/src/chip_18xx_43xx.o
Chip_Clock_GetRate                                out/lib/lpc_chip_43xx/src/clock_18xx_43xx.o
                                                  out/lib/lpc_chip_43xx/src/sct_pwm_18xx_43xx.o
                                                  out/lib/lpc_chip_43xx/src/eeprom_18xx_43xx.o
                                                  out/lib/lpc_chip_43xx/src/i2cm_18xx_43xx.o
                                                  out/lib/lpc_chip_43xx/src/chip_18xx_43xx.o
                                                  out/lib/lpc_chip_43xx/src/stopwatch_18xx_43xx.o
                                                  out/lib/lpc_chip_43xx/src/ccan_18xx_43xx.o
                                                  out/lib/lpc_chip_43xx/src/i2s_18xx_43xx.o
                                                  out/lib/lpc_chip_43xx/src/ssp_18xx_43xx.o
                                                  out/lib/lpc_chip_43xx/src/spi_18xx_43xx.o
                                                  out/lib/lpc_chip_43xx/src/adc_18xx_43xx.o
                                                  out/lib/lpc_chip_43xx/src/uart_18xx_43xx.o
                                                  out/lib/lpc_chip_43xx/src/i2c_18xx_43xx.o
                                                  out/lib/lpc_chip_43xx/src/ritimer_18xx_43xx.o
                                                  out/lib/lpc_chip_43xx/src/hsadc_18xx_43xx.o
Chip_Clock_IsBaseClockEnabled                     out/lib/lpc_chip_43xx/src/clock_18xx_43xx.o
Chip_Clock_RTCEnable                              out/lib/lpc_chip_43xx/src/clock_18xx_43xx.o
                                                  out/lib/lpc_chip_43xx/src/rtc_18xx_43xx.o
Chip_Clock_SetBaseClock                           out/lib/lpc_chip_43xx/src/clock_18xx_43xx.o
                                                  out/lib/lpc_board_ciaa_edu_4337/src/board_sysinit.o
                                                  out/lib/lpc_chip_43xx/src/chip_18xx_43xx.o
                                                  out/lib/lpc_chip_43xx/src/sysinit_18xx_43xx.o
Chip_Clock_SetDivider                             out/lib/lpc_chip_43xx/src/clock_18xx_43xx.o
                                                  out/lib/lpc_chip_43xx/src/chip_18xx_43xx.o
Chip_Clock_SetupMainPLLHz                         out/lib/lpc_chip_43xx/src/clock_18xx_43xx.o
Chip_Clock_SetupMainPLLMult                       out/lib/lpc_chip_43xx/src/clock_18xx_43xx.o
Chip_Clock_SetupPLL                               out/lib/lpc_chip_43xx/src/clock_18xx_43xx.o
                                                  out/lib/lpc_chip_43xx/src/chip_18xx_43xx.o
Chip_Clock_StartPowerDown                         out/lib/lpc_chip_43xx/src/clock_18xx_43xx.o
Chip_DAC_DeInit                                   out/lib/lpc_chip_43xx/src/dac_18xx_43xx.o
Chip_DAC_Init                                     out/lib/lpc_chip_43xx/src/dac_18xx_43xx.o
Chip_DAC_SetBias                                  out/lib/lpc_chip_43xx/src/dac_18xx_43xx.o
Chip_DAC_UpdateValue                              out/lib/lpc_chip_43xx/src/dac_18xx_43xx.o
Chip_EEPROM_EraseProgramPage                      out/lib/lpc_chip_43xx/src/eeprom_18xx_43xx.o
Chip_EEPROM_Init                                  out/lib/lpc_chip_43xx/src/eeprom_18xx_43xx.o
Chip_EEPROM_WaitForIntStatus                      out/lib/lpc_chip_43xx/src/eeprom_18xx_43xx.o
Chip_EMC_Dynamic_Enable                           out/lib/lpc_chip_43xx/src/emc_18xx_43xx.o
Chip_EMC_Dynamic_Init                             out/lib/lpc_chip_43xx/src/emc_18xx_43xx.o
Chip_EMC_Enable                                   out/lib/lpc_chip_43xx/src/emc_18xx_43xx.o
Chip_EMC_Init                                     out/lib/lpc_chip_43xx/src/emc_18xx_43xx.o
Chip_EMC_LowPowerMode                             out/lib/lpc_chip_43xx/src/emc_18xx_43xx.o
Chip_EMC_Mirror                                   out/lib/lpc_chip_43xx/src/emc_18xx_43xx.o
Chip_EMC_Static_Init                              out/lib/lpc_chip_43xx/src/emc_18xx_43xx.o
Chip_ENET_DeInit                                  out/lib/lpc_chip_43xx/src/enet_18xx_43xx.o
Chip_ENET_Init                                    out/lib/lpc_chip_43xx/src/enet_18xx_43xx.o
Chip_ENET_SetDuplex                               out/lib/lpc_chip_43xx/src/enet_18xx_43xx.o
Chip_ENET_SetSpeed                                out/lib/lpc_chip_43xx/src/enet_18xx_43xx.o
Chip_ENET_SetupMII                                out/lib/lpc_chip_43xx/src/enet_18xx_43xx.o
Chip_ENET_StartMIIRead                            out/lib/lpc_chip_43xx/src/enet_18xx_43xx.o
Chip_ENET_StartMIIWrite                           out/lib/lpc_chip_43xx/src/enet_18xx_43xx.o
Chip_EVRT_ConfigIntSrcActiveType                  out/lib/lpc_chip_43xx/src/evrt_18xx_43xx.o
Chip_EVRT_Init                                    out/lib/lpc_chip_43xx/src/evrt_18xx_43xx.o
Chip_EVRT_IsSourceInterrupting                    out/lib/lpc_chip_43xx/src/evrt_18xx_43xx.o
Chip_EVRT_SetUpIntSrc                             out/lib/lpc_chip_43xx/src/evrt_18xx_43xx.o
Chip_GPDMA_ChannelCmd                             out/lib/lpc_chip_43xx/src/gpdma_18xx_43xx.o
Chip_GPDMA_ClearIntPending                        out/lib/lpc_chip_43xx/src/gpdma_18xx_43xx.o
Chip_GPDMA_DeInit                                 out/lib/lpc_chip_43xx/src/gpdma_18xx_43xx.o
Chip_GPDMA_GetFreeChannel                         out/lib/lpc_chip_43xx/src/gpdma_18xx_43xx.o
Chip_GPDMA_Init                                   out/lib/lpc_chip_43xx/src/gpdma_18xx_43xx.o
Chip_GPDMA_InitChannelCfg                         out/lib/lpc_chip_43xx/src/gpdma_18xx_43xx.o
Chip_GPDMA_IntGetStatus                           out/lib/lpc_chip_43xx/src/gpdma_18xx_43xx.o
Chip_GPDMA_Interrupt                              out/lib/lpc_chip_43xx/src/gpdma_18xx_43xx.o
Chip_GPDMA_PrepareDescriptor                      out/lib/lpc_chip_43xx/src/gpdma_18xx_43xx.o
Chip_GPDMA_SGTransfer                             out/lib/lpc_chip_43xx/src/gpdma_18xx_43xx.o
Chip_GPDMA_Stop                                   out/lib/lpc_chip_43xx/src/gpdma_18xx_43xx.o
Chip_GPDMA_Transfer                               out/lib/lpc_chip_43xx/src/gpdma_18xx_43xx.o
Chip_GPIO_DeInit                                  out/lib/lpc_chip_43xx/src/gpio_18xx_43xx.o
Chip_GPIO_Init                                    out/lib/lpc_chip_43xx/src/gpio_18xx_43xx.o
                                                  out/lib/lpc_board_ciaa_edu_4337/src/board.o
Chip_GPIO_SetDir                                  out/lib/lpc_chip_43xx/src/gpio_18xx_43xx.o
Chip_GPIO_SetPinDIR                               out/lib/lpc_chip_43xx/src/gpio_18xx_43xx.o
Chip_GPIO_SetPortDIR                              out/lib/lpc_chip_43xx/src/gpio_18xx_43xx.o
Chip_GPIO_WriteDirBit                             out/lib/lpc_chip_43xx/src/gpio_18xx_43xx.o
Chip_HSADC_DeInit                                 out/lib/lpc_chip_43xx/src/hsadc_18xx_43xx.o
Chip_HSADC_Init                                   out/lib/lpc_chip_43xx/src/hsadc_18xx_43xx.o
Chip_HSADC_SetACDCBias                            out/lib/lpc_chip_43xx/src/hsadc_18xx_43xx.o
Chip_HSADC_SetPowerSpeed                          out/lib/lpc_chip_43xx/src/hsadc_18xx_43xx.o
Chip_HSADC_SetSpeed                               out/lib/lpc_chip_43xx/src/hsadc_18xx_43xx.o
Chip_HSADC_SetThrHighValue                        out/lib/lpc_chip_43xx/src/hsadc_18xx_43xx.o
Chip_HSADC_SetThrLowValue                         out/lib/lpc_chip_43xx/src/hsadc_18xx_43xx.o
Chip_HSADC_SetupFIFO                              out/lib/lpc_chip_43xx/src/hsadc_18xx_43xx.o
Chip_I2CM_DeInit                                  out/lib/lpc_chip_43xx/src/i2cm_18xx_43xx.o
Chip_I2CM_Init                                    out/lib/lpc_chip_43xx/src/i2cm_18xx_43xx.o
Chip_I2CM_Read                                    out/lib/lpc_chip_43xx/src/i2cm_18xx_43xx.o
Chip_I2CM_SetBusSpeed                             out/lib/lpc_chip_43xx/src/i2cm_18xx_43xx.o
Chip_I2CM_Write                                   out/lib/lpc_chip_43xx/src/i2cm_18xx_43xx.o
Chip_I2CM_Xfer                                    out/lib/lpc_chip_43xx/src/i2cm_18xx_43xx.o
Chip_I2CM_XferBlocking                            out/lib/lpc_chip_43xx/src/i2cm_18xx_43xx.o
Chip_I2CM_XferHandler                             out/lib/lpc_chip_43xx/src/i2cm_18xx_43xx.o
Chip_I2C_DeInit                                   out/lib/lpc_chip_43xx/src/i2c_18xx_43xx.o
Chip_I2C_Disable                                  out/lib/lpc_chip_43xx/src/i2c_18xx_43xx.o
Chip_I2C_EventHandler                             out/lib/lpc_chip_43xx/src/i2c_18xx_43xx.o
Chip_I2C_EventHandlerPolling                      out/lib/lpc_chip_43xx/src/i2c_18xx_43xx.o
Chip_I2C_GetClockRate                             out/lib/lpc_chip_43xx/src/i2c_18xx_43xx.o
Chip_I2C_GetMasterEventHandler                    out/lib/lpc_chip_43xx/src/i2c_18xx_43xx.o
Chip_I2C_Init                                     out/lib/lpc_chip_43xx/src/i2c_18xx_43xx.o
Chip_I2C_IsMasterActive                           out/lib/lpc_chip_43xx/src/i2c_18xx_43xx.o
Chip_I2C_IsStateChanged                           out/lib/lpc_chip_43xx/src/i2c_18xx_43xx.o
Chip_I2C_MasterCmdRead                            out/lib/lpc_chip_43xx/src/i2c_18xx_43xx.o
Chip_I2C_MasterRead                               out/lib/lpc_chip_43xx/src/i2c_18xx_43xx.o
Chip_I2C_MasterSend                               out/lib/lpc_chip_43xx/src/i2c_18xx_43xx.o
Chip_I2C_MasterStateHandler                       out/lib/lpc_chip_43xx/src/i2c_18xx_43xx.o
Chip_I2C_MasterTransfer                           out/lib/lpc_chip_43xx/src/i2c_18xx_43xx.o
Chip_I2C_SetClockRate                             out/lib/lpc_chip_43xx/src/i2c_18xx_43xx.o
Chip_I2C_SetMasterEventHandler                    out/lib/lpc_chip_43xx/src/i2c_18xx_43xx.o
Chip_I2C_SlaveSetup                               out/lib/lpc_chip_43xx/src/i2c_18xx_43xx.o
Chip_I2C_SlaveStateHandler                        out/lib/lpc_chip_43xx/src/i2c_18xx_43xx.o
Chip_I2S_DMA_RxCmd                                out/lib/lpc_chip_43xx/src/i2s_18xx_43xx.o
Chip_I2S_DMA_TxCmd                                out/lib/lpc_chip_43xx/src/i2s_18xx_43xx.o
Chip_I2S_DeInit                                   out/lib/lpc_chip_43xx/src/i2s_18xx_43xx.o
Chip_I2S_Init                                     out/lib/lpc_chip_43xx/src/i2s_18xx_43xx.o
Chip_I2S_Int_RxCmd                                out/lib/lpc_chip_43xx/src/i2s_18xx_43xx.o
Chip_I2S_Int_TxCmd                                out/lib/lpc_chip_43xx/src/i2s_18xx_43xx.o
Chip_I2S_RxConfig                                 out/lib/lpc_chip_43xx/src/i2s_18xx_43xx.o
Chip_I2S_TxConfig                                 out/lib/lpc_chip_43xx/src/i2s_18xx_43xx.o
Chip_IAP_BlankCheckSector                         out/lib/lpc_chip_43xx/src/iap_18xx_43xx.o
Chip_IAP_Compare                                  out/lib/lpc_chip_43xx/src/iap_18xx_43xx.o
Chip_IAP_CopyRamToFlash                           out/lib/lpc_chip_43xx/src/iap_18xx_43xx.o
Chip_IAP_ErasePage                                out/lib/lpc_chip_43xx/src/iap_18xx_43xx.o
Chip_IAP_EraseSector                              out/lib/lpc_chip_43xx/src/iap_18xx_43xx.o
Chip_IAP_PreSectorForReadWrite                    out/lib/lpc_chip_43xx/src/iap_18xx_43xx.o
Chip_IAP_ReadBootCode                             out/lib/lpc_chip_43xx/src/iap_18xx_43xx.o
Chip_IAP_ReadPID                                  out/lib/lpc_chip_43xx/src/iap_18xx_43xx.o
Chip_IAP_ReadUID                                  out/lib/lpc_chip_43xx/src/iap_18xx_43xx.o
Chip_IAP_ReinvokeISP                              out/lib/lpc_chip_43xx/src/iap_18xx_43xx.o
Chip_IAP_SetBootFlashBank                         out/lib/lpc_chip_43xx/src/iap_18xx_43xx.o
Chip_LCD_Cursor_Config                            out/lib/lpc_chip_43xx/src/lcd_18xx_43xx.o
Chip_LCD_Cursor_WriteImage                        out/lib/lpc_chip_43xx/src/lcd_18xx_43xx.o
Chip_LCD_DeInit                                   out/lib/lpc_chip_43xx/src/lcd_18xx_43xx.o
Chip_LCD_Init                                     out/lib/lpc_chip_43xx/src/lcd_18xx_43xx.o
Chip_LCD_LoadPalette                              out/lib/lpc_chip_43xx/src/lcd_18xx_43xx.o
Chip_OTP_GenRand                                  out/lib/lpc_chip_43xx/src/otp_18xx_43xx.o
Chip_OTP_Init                                     out/lib/lpc_chip_43xx/src/otp_18xx_43xx.o
Chip_OTP_ProgBootSrc                              out/lib/lpc_chip_43xx/src/otp_18xx_43xx.o
Chip_OTP_ProgGPWord                               out/lib/lpc_chip_43xx/src/otp_18xx_43xx.o
Chip_OTP_ProgJTAGDis                              out/lib/lpc_chip_43xx/src/otp_18xx_43xx.o
Chip_OTP_ProgKey                                  out/lib/lpc_chip_43xx/src/otp_18xx_43xx.o
Chip_OTP_ProgUSBID                                out/lib/lpc_chip_43xx/src/otp_18xx_43xx.o
Chip_PMC_Set_PwrState                             out/lib/lpc_chip_43xx/src/pmc_18xx_43xx.o
Chip_PMC_Sleep                                    out/lib/lpc_chip_43xx/src/pmc_18xx_43xx.o
Chip_RIT_DeInit                                   out/lib/lpc_chip_43xx/src/ritimer_18xx_43xx.o
Chip_RIT_GetIntStatus                             out/lib/lpc_chip_43xx/src/ritimer_18xx_43xx.o
Chip_RIT_Init                                     out/lib/lpc_chip_43xx/src/ritimer_18xx_43xx.o
Chip_RIT_SetTimerInterval                         out/lib/lpc_chip_43xx/src/ritimer_18xx_43xx.o
Chip_RTC_AlarmIntConfig                           out/lib/lpc_chip_43xx/src/rtc_18xx_43xx.o
Chip_RTC_CalibCounterCmd                          out/lib/lpc_chip_43xx/src/rtc_18xx_43xx.o
Chip_RTC_CntIncrIntConfig                         out/lib/lpc_chip_43xx/src/rtc_18xx_43xx.o
Chip_RTC_DeInit                                   out/lib/lpc_chip_43xx/src/rtc_18xx_43xx.o
Chip_RTC_EV_GetFirstTimeStamp                     out/lib/lpc_chip_43xx/src/rtc_18xx_43xx.o
Chip_RTC_EV_GetLastTimeStamp                      out/lib/lpc_chip_43xx/src/rtc_18xx_43xx.o
Chip_RTC_Enable                                   out/lib/lpc_chip_43xx/src/rtc_18xx_43xx.o
Chip_RTC_GetFullAlarmTime                         out/lib/lpc_chip_43xx/src/rtc_18xx_43xx.o
Chip_RTC_GetFullTime                              out/lib/lpc_chip_43xx/src/rtc_18xx_43xx.o
Chip_RTC_Init                                     out/lib/lpc_chip_43xx/src/rtc_18xx_43xx.o
Chip_RTC_ResetClockTickCounter                    out/lib/lpc_chip_43xx/src/rtc_18xx_43xx.o
Chip_RTC_SetFullAlarmTime                         out/lib/lpc_chip_43xx/src/rtc_18xx_43xx.o
Chip_RTC_SetFullTime                              out/lib/lpc_chip_43xx/src/rtc_18xx_43xx.o
Chip_SCTPWM_SetOutPin                             out/lib/lpc_chip_43xx/src/sct_pwm_18xx_43xx.o
Chip_SCTPWM_SetRate                               out/lib/lpc_chip_43xx/src/sct_pwm_18xx_43xx.o
Chip_SCT_DeInit                                   out/lib/lpc_chip_43xx/src/sct_18xx_43xx.o
Chip_SCT_Init                                     out/lib/lpc_chip_43xx/src/sct_18xx_43xx.o
Chip_SCT_SetClrControl                            out/lib/lpc_chip_43xx/src/sct_18xx_43xx.o
Chip_SCT_SetConflictResolution                    out/lib/lpc_chip_43xx/src/sct_18xx_43xx.o
Chip_SDIF_DeInit                                  out/lib/lpc_chip_43xx/src/sdif_18xx_43xx.o
Chip_SDIF_DmaSetup                                out/lib/lpc_chip_43xx/src/sdif_18xx_43xx.o
                                                  out/lib/lpc_chip_43xx/src/sdmmc_18xx_43xx.o
                                                  out/lib/lpc_chip_43xx/src/sdio_18xx_43xx.o
Chip_SDIF_GetResponse                             out/lib/lpc_chip_43xx/src/sdif_18xx_43xx.o
                                                  out/lib/lpc_chip_43xx/src/sdmmc_18xx_43xx.o
                                                  out/lib/lpc_chip_43xx/src/sdio_18xx_43xx.o
Chip_SDIF_Init                                    out/lib/lpc_chip_43xx/src/sdif_18xx_43xx.o
Chip_SDIF_SendCmd                                 out/lib/lpc_chip_43xx/src/sdif_18xx_43xx.o
                                                  out/lib/lpc_chip_43xx/src/sdmmc_18xx_43xx.o
                                                  out/lib/lpc_chip_43xx/src/sdio_18xx_43xx.o
Chip_SDIF_SetClearIntFifo                         out/lib/lpc_chip_43xx/src/sdif_18xx_43xx.o
                                                  out/lib/lpc_chip_43xx/src/sdmmc_18xx_43xx.o
Chip_SDIF_SetClock                                out/lib/lpc_chip_43xx/src/sdif_18xx_43xx.o
                                                  out/lib/lpc_chip_43xx/src/sdmmc_18xx_43xx.o
                                                  out/lib/lpc_chip_43xx/src/sdio_18xx_43xx.o
Chip_SDMMC_Acquire                                out/lib/lpc_chip_43xx/src/sdmmc_18xx_43xx.o
Chip_SDMMC_GetDeviceBlocks                        out/lib/lpc_chip_43xx/src/sdmmc_18xx_43xx.o
Chip_SDMMC_GetDeviceSize                          out/lib/lpc_chip_43xx/src/sdmmc_18xx_43xx.o
Chip_SDMMC_GetState                               out/lib/lpc_chip_43xx/src/sdmmc_18xx_43xx.o
Chip_SDMMC_ReadBlocks                             out/lib/lpc_chip_43xx/src/sdmmc_18xx_43xx.o
Chip_SDMMC_WriteBlocks                            out/lib/lpc_chip_43xx/src/sdmmc_18xx_43xx.o
Chip_SPI_DeInit                                   out/lib/lpc_chip_43xx/src/spi_18xx_43xx.o
Chip_SPI_Init                                     out/lib/lpc_chip_43xx/src/spi_18xx_43xx.o
Chip_SPI_Int_FlushData                            out/lib/lpc_chip_43xx/src/spi_18xx_43xx.o
Chip_SPI_Int_RWFrames                             out/lib/lpc_chip_43xx/src/spi_18xx_43xx.o
Chip_SPI_Int_RWFrames16Bits                       out/lib/lpc_chip_43xx/src/spi_18xx_43xx.o
Chip_SPI_Int_RWFrames8Bits                        out/lib/lpc_chip_43xx/src/spi_18xx_43xx.o
Chip_SPI_RWFrames_Blocking                        out/lib/lpc_chip_43xx/src/spi_18xx_43xx.o
Chip_SPI_SetBitRate                               out/lib/lpc_chip_43xx/src/spi_18xx_43xx.o
Chip_SSP_DeInit                                   out/lib/lpc_chip_43xx/src/ssp_18xx_43xx.o
Chip_SSP_Init                                     out/lib/lpc_chip_43xx/src/ssp_18xx_43xx.o
Chip_SSP_Int_FlushData                            out/lib/lpc_chip_43xx/src/ssp_18xx_43xx.o
Chip_SSP_Int_RWFrames16Bits                       out/lib/lpc_chip_43xx/src/ssp_18xx_43xx.o
Chip_SSP_Int_RWFrames8Bits                        out/lib/lpc_chip_43xx/src/ssp_18xx_43xx.o
Chip_SSP_RWFrames_Blocking                        out/lib/lpc_chip_43xx/src/ssp_18xx_43xx.o
Chip_SSP_ReadFrames_Blocking                      out/lib/lpc_chip_43xx/src/ssp_18xx_43xx.o
Chip_SSP_SetBitRate                               out/lib/lpc_chip_43xx/src/ssp_18xx_43xx.o
Chip_SSP_SetClockRate                             out/lib/lpc_chip_43xx/src/ssp_18xx_43xx.o
Chip_SSP_SetMaster                                out/lib/lpc_chip_43xx/src/ssp_18xx_43xx.o
Chip_SSP_WriteFrames_Blocking                     out/lib/lpc_chip_43xx/src/ssp_18xx_43xx.o
Chip_SetupCoreClock                               out/lib/lpc_chip_43xx/src/sysinit_18xx_43xx.o
                                                  out/lib/lpc_board_ciaa_edu_4337/src/board_sysinit.o
Chip_SetupIrcClocking                             out/lib/lpc_chip_43xx/src/sysinit_18xx_43xx.o
Chip_SetupXtalClocking                            out/lib/lpc_chip_43xx/src/sysinit_18xx_43xx.o
Chip_SystemInit                                   out/lib/lpc_chip_43xx/src/sysinit_18xx_43xx.o
Chip_TIMER_DeInit                                 out/lib/lpc_chip_43xx/src/timer_18xx_43xx.o
Chip_TIMER_ExtMatchControlSet                     out/lib/lpc_chip_43xx/src/timer_18xx_43xx.o
Chip_TIMER_Init                                   out/lib/lpc_chip_43xx/src/timer_18xx_43xx.o
                                                  out/lib/lpc_chip_43xx/src/stopwatch_18xx_43xx.o
Chip_TIMER_Reset                                  out/lib/lpc_chip_43xx/src/timer_18xx_43xx.o
Chip_UART_ABCmd                                   out/lib/lpc_chip_43xx/src/uart_18xx_43xx.o
Chip_UART_CheckBusy                               out/lib/lpc_chip_43xx/src/uart_18xx_43xx.o
Chip_UART_DeInit                                  out/lib/lpc_chip_43xx/src/uart_18xx_43xx.o
Chip_UART_GetABEOStatus                           out/lib/lpc_chip_43xx/src/uart_18xx_43xx.o
Chip_UART_IRQRBHandler                            out/lib/lpc_chip_43xx/src/uart_18xx_43xx.o
Chip_UART_Init                                    out/lib/lpc_chip_43xx/src/uart_18xx_43xx.o
                                                  out/lib/lpc_board_ciaa_edu_4337/src/board.o
Chip_UART_RXIntHandlerRB                          out/lib/lpc_chip_43xx/src/uart_18xx_43xx.o
Chip_UART_Read                                    out/lib/lpc_chip_43xx/src/uart_18xx_43xx.o
Chip_UART_ReadBlocking                            out/lib/lpc_chip_43xx/src/uart_18xx_43xx.o
Chip_UART_ReadRB                                  out/lib/lpc_chip_43xx/src/uart_18xx_43xx.o
Chip_UART_Send                                    out/lib/lpc_chip_43xx/src/uart_18xx_43xx.o
Chip_UART_SendBlocking                            out/lib/lpc_chip_43xx/src/uart_18xx_43xx.o
Chip_UART_SendRB                                  out/lib/lpc_chip_43xx/src/uart_18xx_43xx.o
Chip_UART_SetBaud                                 out/lib/lpc_chip_43xx/src/uart_18xx_43xx.o
Chip_UART_SetBaudFDR                              out/lib/lpc_chip_43xx/src/uart_18xx_43xx.o
                                                  out/lib/lpc_board_ciaa_edu_4337/src/board.o
Chip_UART_TXIntHandlerRB                          out/lib/lpc_chip_43xx/src/uart_18xx_43xx.o
Chip_USB0_Init                                    out/lib/lpc_chip_43xx/src/chip_18xx_43xx.o
Chip_USB1_Init                                    out/lib/lpc_chip_43xx/src/chip_18xx_43xx.o
Chip_WWDT_ClearStatusFlag                         out/lib/lpc_chip_43xx/src/wwdt_18xx_43xx.o
Chip_WWDT_DeInit                                  out/lib/lpc_chip_43xx/src/wwdt_18xx_43xx.o
Chip_WWDT_Init                                    out/lib/lpc_chip_43xx/src/wwdt_18xx_43xx.o
DAC_IRQHandler                                    out/lib/lpc_board_ciaa_edu_4337/src/cr_startup_lpc43xx.o
DMA_IRQHandler                                    out/lib/lpc_board_ciaa_edu_4337/src/cr_startup_lpc43xx.o
DWT_CTRL                                          out/app/src/main.o
DWT_CYCCNT                                        out/app/src/main.o
DebugMon_Handler                                  out/lib/lpc_board_ciaa_edu_4337/src/cr_startup_lpc43xx.o
ETH_IRQHandler                                    out/lib/lpc_board_ciaa_edu_4337/src/cr_startup_lpc43xx.o
EVRT_IRQHandler                                   out/lib/lpc_board_ciaa_edu_4337/src/cr_startup_lpc43xx.o
ExtRateIn                                         out/lib/lpc_board_ciaa_edu_4337/src/board.o
                                                  out/lib/lpc_chip_43xx/src/clock_18xx_43xx.o
FLASH_EEPROM_IRQHandler                           out/lib/lpc_board_ciaa_edu_4337/src/cr_startup_lpc43xx.o
GINT0_IRQHandler                                  out/lib/lpc_board_ciaa_edu_4337/src/cr_startup_lpc43xx.o
GINT1_IRQHandler                                  out/lib/lpc_board_ciaa_edu_4337/src/cr_startup_lpc43xx.o
GPIO0_IRQHandler                                  out/lib/lpc_board_ciaa_edu_4337/src/cr_startup_lpc43xx.o
GPIO1_IRQHandler                                  out/lib/lpc_board_ciaa_edu_4337/src/cr_startup_lpc43xx.o
GPIO2_IRQHandler                                  out/lib/lpc_board_ciaa_edu_4337/src/cr_startup_lpc43xx.o
GPIO3_IRQHandler                                  out/lib/lpc_board_ciaa_edu_4337/src/cr_startup_lpc43xx.o
GPIO4_IRQHandler                                  out/lib/lpc_board_ciaa_edu_4337/src/cr_startup_lpc43xx.o
GPIO5_IRQHandler                                  out/lib/lpc_board_ciaa_edu_4337/src/cr_startup_lpc43xx.o
GPIO6_IRQHandler                                  out/lib/lpc_board_ciaa_edu_4337/src/cr_startup_lpc43xx.o
GPIO7_IRQHandler                                  out/lib/lpc_board_ciaa_edu_4337/src/cr_startup_lpc43xx.o
HardFault_Handler                                 out/lib/lpc_board_ciaa_edu_4337/src/cr_startup_lpc43xx.o
I2C0_IRQHandler                                   out/lib/lpc_board_ciaa_edu_4337/src/cr_startup_lpc43xx.o
I2C1_IRQHandler                                   out/lib/lpc_board_ciaa_edu_4337/src/cr_startup_lpc43xx.o
I2S0_IRQHandler                                   out/lib/lpc_board_ciaa_edu_4337/src/cr_startup_lpc43xx.o
I2S1_IRQHandler                                   out/lib/lpc_board_ciaa_edu_4337/src/cr_startup_lpc43xx.o
IntDefaultHandler                                 out/lib/lpc_board_ciaa_edu_4337/src/cr_startup_lpc43xx.o
LCD_IRQHandler                                    out/lib/lpc_board_ciaa_edu_4337/src/cr_startup_lpc43xx.o
M0APP_IRQHandler                                  out/lib/lpc_board_ciaa_edu_4337/src/cr_startup_lpc43xx.o
M0SUB_IRQHandler                                  out/lib/lpc_board_ciaa_edu_4337/src/cr_startup_lpc43xx.o
MCPWM_IRQHandler                                  out/lib/lpc_board_ciaa_edu_4337/src/cr_startup_lpc43xx.o
MemManage_Handler                                 out/lib/lpc_board_ciaa_edu_4337/src/cr_startup_lpc43xx.o
NMI_Handler                                       out/lib/lpc_board_ciaa_edu_4337/src/cr_startup_lpc43xx.o
OscRateIn                                         out/lib/lpc_board_ciaa_edu_4337/src/board.o
                                                  out/lib/lpc_chip_43xx/src/clock_18xx_43xx.o
PendSV_Handler                                    out/lib/lpc_board_ciaa_edu_4337/src/cr_startup_lpc43xx.o
QEI_IRQHandler                                    out/lib/lpc_board_ciaa_edu_4337/src/cr_startup_lpc43xx.o
RIT_IRQHandler                                    out/lib/lpc_board_ciaa_edu_4337/src/cr_startup_lpc43xx.o
RTC_IRQHandler                                    out/lib/lpc_board_ciaa_edu_4337/src/cr_startup_lpc43xx.o
ResetISR                                          out/lib/lpc_board_ciaa_edu_4337/src/cr_startup_lpc43xx.o
RingBuffer_Init                                   out/lib/lpc_chip_43xx/src/ring_buffer.o
RingBuffer_Insert                                 out/lib/lpc_chip_43xx/src/ring_buffer.o
                                                  out/lib/lpc_chip_43xx/src/uart_18xx_43xx.o
RingBuffer_InsertMult                             out/lib/lpc_chip_43xx/src/ring_buffer.o
                                                  out/lib/lpc_chip_43xx/src/uart_18xx_43xx.o
RingBuffer_Pop                                    out/lib/lpc_chip_43xx/src/ring_buffer.o
                                                  out/lib/lpc_chip_43xx/src/uart_18xx_43xx.o
RingBuffer_PopMult                                out/lib/lpc_chip_43xx/src/ring_buffer.o
                                                  out/lib/lpc_chip_43xx/src/uart_18xx_43xx.o
SCT_IRQHandler                                    out/lib/lpc_board_ciaa_edu_4337/src/cr_startup_lpc43xx.o
SDIO_Card_DisableInt                              out/lib/lpc_chip_43xx/src/sdio_18xx_43xx.o
SDIO_Card_EnableInt                               out/lib/lpc_chip_43xx/src/sdio_18xx_43xx.o
SDIO_Card_GetBlockSize                            out/lib/lpc_chip_43xx/src/sdio_18xx_43xx.o
SDIO_Card_Init                                    out/lib/lpc_chip_43xx/src/sdio_18xx_43xx.o
SDIO_Card_ReadData                                out/lib/lpc_chip_43xx/src/sdio_18xx_43xx.o
SDIO_Card_SetBlockSize                            out/lib/lpc_chip_43xx/src/sdio_18xx_43xx.o
SDIO_Card_WriteData                               out/lib/lpc_chip_43xx/src/sdio_18xx_43xx.o
SDIO_Handler                                      out/lib/lpc_chip_43xx/src/sdio_18xx_43xx.o
SDIO_IRQHandler                                   out/lib/lpc_board_ciaa_edu_4337/src/cr_startup_lpc43xx.o
SDIO_Read_Direct                                  out/lib/lpc_chip_43xx/src/sdio_18xx_43xx.o
SDIO_Send_Command                                 out/lib/lpc_chip_43xx/src/sdio_18xx_43xx.o
SDIO_Setup_Callback                               out/lib/lpc_chip_43xx/src/sdio_18xx_43xx.o
SDIO_WriteRead_Direct                             out/lib/lpc_chip_43xx/src/sdio_18xx_43xx.o
SDIO_Write_Direct                                 out/lib/lpc_chip_43xx/src/sdio_18xx_43xx.o
SGPIO_IRQHandler                                  out/lib/lpc_board_ciaa_edu_4337/src/cr_startup_lpc43xx.o
SPIFI_IRQHandler                                  out/lib/lpc_board_ciaa_edu_4337/src/cr_startup_lpc43xx.o
SPI_IRQHandler                                    out/lib/lpc_board_ciaa_edu_4337/src/cr_startup_lpc43xx.o
SSP0_IRQHandler                                   out/lib/lpc_board_ciaa_edu_4337/src/cr_startup_lpc43xx.o
SSP1_IRQHandler                                   out/lib/lpc_board_ciaa_edu_4337/src/cr_startup_lpc43xx.o
SVC_Handler                                       out/lib/lpc_board_ciaa_edu_4337/src/cr_startup_lpc43xx.o
StopWatch_Init                                    out/lib/lpc_chip_43xx/src/stopwatch_18xx_43xx.o
StopWatch_MsToTicks                               out/lib/lpc_chip_43xx/src/stopwatch_18xx_43xx.o
StopWatch_Start                                   out/lib/lpc_chip_43xx/src/stopwatch_18xx_43xx.o
StopWatch_TicksPerSecond                          out/lib/lpc_chip_43xx/src/stopwatch_18xx_43xx.o
StopWatch_TicksToMs                               out/lib/lpc_chip_43xx/src/stopwatch_18xx_43xx.o
StopWatch_TicksToUs                               out/lib/lpc_chip_43xx/src/stopwatch_18xx_43xx.o
StopWatch_UsToTicks                               out/lib/lpc_chip_43xx/src/stopwatch_18xx_43xx.o
SysTick_Handler                                   out/lib/lpc_board_ciaa_edu_4337/src/cr_startup_lpc43xx.o
SystemCoreClock                                   out/lib/lpc_chip_43xx/src/chip_18xx_43xx.o
                                                  out/lib/lpc_chip_43xx/src/enet_18xx_43xx.o
                                                  out/lib/lpc_chip_43xx/src/iap_18xx_43xx.o
SystemCoreClockUpdate                             out/lib/lpc_chip_43xx/src/chip_18xx_43xx.o
                                                  out/app/src/main.o
SystemInit                                        out/lib/lpc_board_ciaa_edu_4337/src/sysinit.o
                                                  out/lib/lpc_board_ciaa_edu_4337/src/cr_startup_lpc43xx.o
TIMER0_IRQHandler                                 out/lib/lpc_board_ciaa_edu_4337/src/cr_startup_lpc43xx.o
TIMER1_IRQHandler                                 out/lib/lpc_board_ciaa_edu_4337/src/cr_startup_lpc43xx.o
TIMER2_IRQHandler                                 out/lib/lpc_board_ciaa_edu_4337/src/cr_startup_lpc43xx.o
TIMER3_IRQHandler                                 out/lib/lpc_board_ciaa_edu_4337/src/cr_startup_lpc43xx.o
UART0_IRQHandler                                  out/lib/lpc_board_ciaa_edu_4337/src/cr_startup_lpc43xx.o
UART1_IRQHandler                                  out/lib/lpc_board_ciaa_edu_4337/src/cr_startup_lpc43xx.o
UART2_IRQHandler                                  out/lib/lpc_board_ciaa_edu_4337/src/cr_startup_lpc43xx.o
UART3_IRQHandler                                  out/lib/lpc_board_ciaa_edu_4337/src/cr_startup_lpc43xx.o
USB0_IRQHandler                                   out/lib/lpc_board_ciaa_edu_4337/src/cr_startup_lpc43xx.o
USB1_IRQHandler                                   out/lib/lpc_board_ciaa_edu_4337/src/cr_startup_lpc43xx.o
UsageFault_Handler                                out/lib/lpc_board_ciaa_edu_4337/src/cr_startup_lpc43xx.o
WDT_IRQHandler                                    out/lib/lpc_board_ciaa_edu_4337/src/cr_startup_lpc43xx.o
_NVIC_SetPriorityGrouping                         out/lib/lpc_board_ciaa_edu_4337/src/cmsis_heper.o
_SysTick_Config                                   out/lib/lpc_board_ciaa_edu_4337/src/cmsis_heper.o
__aeabi_idiv0                                     /home/piro2/ciaa-ide/gcc-arm-none-eabi-4_9-2015q1/bin/../lib/gcc/arm-none-eabi/4.9.3/armv7e-m/fpu/libgcc.a(_dvmd_tls.o)
__aeabi_ldiv0                                     /home/piro2/ciaa-ide/gcc-arm-none-eabi-4_9-2015q1/bin/../lib/gcc/arm-none-eabi/4.9.3/armv7e-m/fpu/libgcc.a(_dvmd_tls.o)
                                                  /home/piro2/ciaa-ide/gcc-arm-none-eabi-4_9-2015q1/bin/../lib/gcc/arm-none-eabi/4.9.3/armv7e-m/fpu/libgcc.a(_aeabi_uldivmod.o)
__aeabi_uldivmod                                  /home/piro2/ciaa-ide/gcc-arm-none-eabi-4_9-2015q1/bin/../lib/gcc/arm-none-eabi/4.9.3/armv7e-m/fpu/libgcc.a(_aeabi_uldivmod.o)
                                                  out/lib/lpc_chip_43xx/src/i2s_18xx_43xx.o
                                                  out/lib/lpc_chip_43xx/src/uart_18xx_43xx.o
__bss_section_table_end                           out/lib/lpc_board_ciaa_edu_4337/src/cr_startup_lpc43xx.o
__data_section_table                              out/lib/lpc_board_ciaa_edu_4337/src/cr_startup_lpc43xx.o
__data_section_table_end                          out/lib/lpc_board_ciaa_edu_4337/src/cr_startup_lpc43xx.o
__divdi3                                          /home/piro2/ciaa-ide/gcc-arm-none-eabi-4_9-2015q1/bin/../lib/gcc/arm-none-eabi/4.9.3/armv7e-m/fpu/libgcc.a(_divdi3.o)
                                                  /home/piro2/ciaa-ide/gcc-arm-none-eabi-4_9-2015q1/bin/../lib/gcc/arm-none-eabi/4.9.3/armv7e-m/fpu/libgcc.a(bpabi.o)
__gnu_ldivmod_helper                              /home/piro2/ciaa-ide/gcc-arm-none-eabi-4_9-2015q1/bin/../lib/gcc/arm-none-eabi/4.9.3/armv7e-m/fpu/libgcc.a(bpabi.o)
__gnu_uldivmod_helper                             /home/piro2/ciaa-ide/gcc-arm-none-eabi-4_9-2015q1/bin/../lib/gcc/arm-none-eabi/4.9.3/armv7e-m/fpu/libgcc.a(bpabi.o)
                                                  /home/piro2/ciaa-ide/gcc-arm-none-eabi-4_9-2015q1/bin/../lib/gcc/arm-none-eabi/4.9.3/armv7e-m/fpu/libgcc.a(_aeabi_uldivmod.o)
__udivdi3                                         /home/piro2/ciaa-ide/gcc-arm-none-eabi-4_9-2015q1/bin/../lib/gcc/arm-none-eabi/4.9.3/armv7e-m/fpu/libgcc.a(_udivdi3.o)
                                                  /home/piro2/ciaa-ide/gcc-arm-none-eabi-4_9-2015q1/bin/../lib/gcc/arm-none-eabi/4.9.3/armv7e-m/fpu/libgcc.a(bpabi.o)
_close_r                                          out/lib/lpc_board_ciaa_edu_4337/src/system.o
_execve_r                                         out/lib/lpc_board_ciaa_edu_4337/src/system.o
_exit                                             out/lib/lpc_board_ciaa_edu_4337/src/system.o
_fcntl_r                                          out/lib/lpc_board_ciaa_edu_4337/src/system.o
_fork_r                                           out/lib/lpc_board_ciaa_edu_4337/src/system.o
_fstat_r                                          out/lib/lpc_board_ciaa_edu_4337/src/system.o
_getpid_r                                         out/lib/lpc_board_ciaa_edu_4337/src/system.o
_gettimeofday_r                                   out/lib/lpc_board_ciaa_edu_4337/src/system.o
_isatty_r                                         out/lib/lpc_board_ciaa_edu_4337/src/system.o
_kill_r                                           out/lib/lpc_board_ciaa_edu_4337/src/system.o
_link_r                                           out/lib/lpc_board_ciaa_edu_4337/src/system.o
_lseek_r                                          out/lib/lpc_board_ciaa_edu_4337/src/system.o
_mkdir_r                                          out/lib/lpc_board_ciaa_edu_4337/src/system.o
_open_r                                           out/lib/lpc_board_ciaa_edu_4337/src/system.o
_pvHeapStart                                      out/lib/lpc_board_ciaa_edu_4337/src/system.o
_read_r                                           out/lib/lpc_board_ciaa_edu_4337/src/system.o
_rename_r                                         out/lib/lpc_board_ciaa_edu_4337/src/system.o
_sbrk_r                                           out/lib/lpc_board_ciaa_edu_4337/src/system.o
_stat_r                                           out/lib/lpc_board_ciaa_edu_4337/src/system.o
_times_r                                          out/lib/lpc_board_ciaa_edu_4337/src/system.o
_unlink_r                                         out/lib/lpc_board_ciaa_edu_4337/src/system.o
_vStackTop                                        out/lib/lpc_board_ciaa_edu_4337/src/cr_startup_lpc43xx.o
_wait_r                                           out/lib/lpc_board_ciaa_edu_4337/src/system.o
_write_r                                          out/lib/lpc_board_ciaa_edu_4337/src/system.o
asmSum                                            out/app/src/suma.o
                                                  out/app/src/main.o
bss_init                                          out/lib/lpc_board_ciaa_edu_4337/src/cr_startup_lpc43xx.o
ciclos_asm                                        out/app/src/main.o
ciclos_c                                          out/app/src/main.o
data_init                                         out/lib/lpc_board_ciaa_edu_4337/src/cr_startup_lpc43xx.o